2026-05-01 21:46:00 INFO  (LoggingInitialization) Using log config file: jar:file:/opt/ghidra_12.0.4_PUBLIC/Ghidra/Framework/Generic/lib/Generic.jar!/generic.log4j.xml  
2026-05-01 21:46:00 INFO  (LoggingInitialization) Using log file: /home/ubuntu/Projects/MYSELF/ZTE/ghidra/extract_drv.log  
2026-05-01 21:46:00 INFO  (Preferences) Loading user preferences: /home/ubuntu/.config/ghidra/ghidra_12.0.4_PUBLIC/preferences  
2026-05-01 21:46:00 INFO  (Preferences) Loading previous preferences: /home/ubuntu/.config/ghidra/ghidra_11.4.2_PUBLIC/preferences  
2026-05-01 21:46:00 INFO  (ClassSearcher) Searching for classes...  
2026-05-01 21:46:01 INFO  (ClassSearcher) Class search complete (1186 ms)  
2026-05-01 21:46:01 INFO  (DefaultSSLContextInitializer) Initializing SSL Context  
2026-05-01 21:46:01 INFO  (SecureRandomFactory) Initializing Random Number Generator...  
2026-05-01 21:46:01 INFO  (SecureRandomFactory) Random Number Generator initialization complete: NativePRNGNonBlocking  
2026-05-01 21:46:01 INFO  (DefaultTrustManagerFactory) Trust manager disabled, cacerts have not been set  
2026-05-01 21:46:02 INFO  (AnalyzeHeadless) Headless startup complete (2513 ms)  
2026-05-01 21:46:02 INFO  (ClassSearcher) Class searcher loaded 58 extension points (18 false positives)  
2026-05-01 21:46:02 INFO  (HeadlessAnalyzer) HEADLESS Script Paths:
    /opt/ghidra_12.0.4_PUBLIC/Ghidra/Features/MicrosoftCodeAnalyzer/ghidra_scripts
    /opt/ghidra_12.0.4_PUBLIC/Ghidra/Features/FunctionID/ghidra_scripts
    /opt/ghidra_12.0.4_PUBLIC/Ghidra/Processors/JVM/ghidra_scripts
    /opt/ghidra_12.0.4_PUBLIC/Ghidra/Features/FileFormats/ghidra_scripts
    /opt/ghidra_12.0.4_PUBLIC/Ghidra/Debug/Debugger-rmi-trace/ghidra_scripts
    /opt/ghidra_12.0.4_PUBLIC/Ghidra/Features/VersionTracking/ghidra_scripts
    /opt/ghidra_12.0.4_PUBLIC/Ghidra/Features/PDB/ghidra_scripts
    /opt/ghidra_12.0.4_PUBLIC/Ghidra/Features/WildcardAssembler/ghidra_scripts
    /opt/ghidra_12.0.4_PUBLIC/Ghidra/Features/Decompiler/ghidra_scripts
    /opt/ghidra_12.0.4_PUBLIC/Ghidra/Features/SystemEmulation/ghidra_scripts
    /opt/ghidra_12.0.4_PUBLIC/Ghidra/Features/Jython/ghidra_scripts
    /opt/ghidra_12.0.4_PUBLIC/Ghidra/Debug/Debugger/ghidra_scripts
    /opt/ghidra_12.0.4_PUBLIC/Ghidra/Processors/PIC/ghidra_scripts
    /opt/ghidra_12.0.4_PUBLIC/Ghidra/Features/BSim/ghidra_scripts
    /opt/ghidra_12.0.4_PUBLIC/Ghidra/Processors/Atmel/ghidra_scripts
    /opt/ghidra_12.0.4_PUBLIC/Ghidra/Features/GnuDemangler/ghidra_scripts
    /opt/ghidra_12.0.4_PUBLIC/Ghidra/Processors/DATA/ghidra_scripts
    /opt/ghidra_12.0.4_PUBLIC/Ghidra/Processors/8051/ghidra_scripts
    /home/ubuntu/ghidra_scripts
    /opt/ghidra_12.0.4_PUBLIC/Ghidra/Features/BytePatterns/ghidra_scripts
    /opt/ghidra_12.0.4_PUBLIC/Ghidra/Features/SwiftDemangler/ghidra_scripts
    /opt/ghidra_12.0.4_PUBLIC/Ghidra/Features/Base/ghidra_scripts
    /opt/ghidra_12.0.4_PUBLIC/Ghidra/Features/PyGhidra/ghidra_scripts
    /opt/ghidra_12.0.4_PUBLIC/Ghidra/Features/DecompilerDependent/ghidra_scripts
    /home/ubuntu/Projects/MYSELF/ZTE/ghidra/scripts  
2026-05-01 21:46:02 INFO  (HeadlessAnalyzer) HEADLESS: execution starts  
2026-05-01 21:46:02 INFO  (HeadlessAnalyzer) Opening existing project: /home/ubuntu/Projects/MYSELF/ZTE/ghidra/project/zxic  
2026-05-01 21:46:02 INFO  (HeadlessProject) Opening project: /home/ubuntu/Projects/MYSELF/ZTE/ghidra/project/zxic  
2026-05-01 21:46:04 INFO  (HeadlessAnalyzer) REPORT: Processing project file: /vmlinux.bin  
2026-05-01 21:46:05 INFO  (HeadlessAnalyzer) REPORT: Execute script: extract_drivers.py '/home/ubuntu/Projects/MYSELF/ZTE/ghidra/output_drivers'   
2026-05-01 21:46:05 INFO  (HeadlessAnalyzer) SCRIPT: /home/ubuntu/Projects/MYSELF/ZTE/ghidra/scripts/extract_drivers.py  
2026-05-01 21:46:10 INFO  (HeadlessAnalyzer) REPORT: Save succeeded for processed file: /vmlinux.bin  
2026-05-01 21:48:18 INFO  (LoggingInitialization) Using log config file: jar:file:/opt/ghidra_12.0.4_PUBLIC/Ghidra/Framework/Generic/lib/Generic.jar!/generic.log4j.xml  
2026-05-01 21:48:18 INFO  (LoggingInitialization) Using log file: /home/ubuntu/Projects/MYSELF/ZTE/ghidra/extract_drv.log  
2026-05-01 21:48:18 INFO  (Preferences) Loading user preferences: /home/ubuntu/.config/ghidra/ghidra_12.0.4_PUBLIC/preferences  
2026-05-01 21:48:18 INFO  (Preferences) Loading previous preferences: /home/ubuntu/.config/ghidra/ghidra_11.4.2_PUBLIC/preferences  
2026-05-01 21:48:18 INFO  (ClassSearcher) Searching for classes...  
2026-05-01 21:48:19 INFO  (ClassSearcher) Class search complete (1119 ms)  
2026-05-01 21:48:19 INFO  (DefaultSSLContextInitializer) Initializing SSL Context  
2026-05-01 21:48:19 INFO  (SecureRandomFactory) Initializing Random Number Generator...  
2026-05-01 21:48:19 INFO  (SecureRandomFactory) Random Number Generator initialization complete: NativePRNGNonBlocking  
2026-05-01 21:48:19 INFO  (DefaultTrustManagerFactory) Trust manager disabled, cacerts have not been set  
2026-05-01 21:48:20 INFO  (AnalyzeHeadless) Headless startup complete (2537 ms)  
2026-05-01 21:48:20 INFO  (ClassSearcher) Class searcher loaded 58 extension points (18 false positives)  
2026-05-01 21:48:20 INFO  (HeadlessAnalyzer) HEADLESS Script Paths:
    /opt/ghidra_12.0.4_PUBLIC/Ghidra/Features/MicrosoftCodeAnalyzer/ghidra_scripts
    /opt/ghidra_12.0.4_PUBLIC/Ghidra/Features/FunctionID/ghidra_scripts
    /opt/ghidra_12.0.4_PUBLIC/Ghidra/Processors/JVM/ghidra_scripts
    /opt/ghidra_12.0.4_PUBLIC/Ghidra/Features/FileFormats/ghidra_scripts
    /opt/ghidra_12.0.4_PUBLIC/Ghidra/Debug/Debugger-rmi-trace/ghidra_scripts
    /opt/ghidra_12.0.4_PUBLIC/Ghidra/Features/VersionTracking/ghidra_scripts
    /opt/ghidra_12.0.4_PUBLIC/Ghidra/Features/PDB/ghidra_scripts
    /opt/ghidra_12.0.4_PUBLIC/Ghidra/Features/WildcardAssembler/ghidra_scripts
    /opt/ghidra_12.0.4_PUBLIC/Ghidra/Features/Decompiler/ghidra_scripts
    /opt/ghidra_12.0.4_PUBLIC/Ghidra/Features/SystemEmulation/ghidra_scripts
    /opt/ghidra_12.0.4_PUBLIC/Ghidra/Features/Jython/ghidra_scripts
    /opt/ghidra_12.0.4_PUBLIC/Ghidra/Debug/Debugger/ghidra_scripts
    /opt/ghidra_12.0.4_PUBLIC/Ghidra/Processors/PIC/ghidra_scripts
    /opt/ghidra_12.0.4_PUBLIC/Ghidra/Features/BSim/ghidra_scripts
    /opt/ghidra_12.0.4_PUBLIC/Ghidra/Processors/Atmel/ghidra_scripts
    /opt/ghidra_12.0.4_PUBLIC/Ghidra/Features/GnuDemangler/ghidra_scripts
    /opt/ghidra_12.0.4_PUBLIC/Ghidra/Processors/DATA/ghidra_scripts
    /opt/ghidra_12.0.4_PUBLIC/Ghidra/Processors/8051/ghidra_scripts
    /home/ubuntu/ghidra_scripts
    /opt/ghidra_12.0.4_PUBLIC/Ghidra/Features/BytePatterns/ghidra_scripts
    /opt/ghidra_12.0.4_PUBLIC/Ghidra/Features/SwiftDemangler/ghidra_scripts
    /opt/ghidra_12.0.4_PUBLIC/Ghidra/Features/Base/ghidra_scripts
    /opt/ghidra_12.0.4_PUBLIC/Ghidra/Features/PyGhidra/ghidra_scripts
    /opt/ghidra_12.0.4_PUBLIC/Ghidra/Features/DecompilerDependent/ghidra_scripts
    /home/ubuntu/Projects/MYSELF/ZTE/ghidra/scripts  
2026-05-01 21:48:20 INFO  (HeadlessAnalyzer) HEADLESS: execution starts  
2026-05-01 21:48:20 INFO  (HeadlessAnalyzer) Opening existing project: /home/ubuntu/Projects/MYSELF/ZTE/ghidra/project/zxic  
2026-05-01 21:48:20 INFO  (HeadlessProject) Opening project: /home/ubuntu/Projects/MYSELF/ZTE/ghidra/project/zxic  
2026-05-01 21:48:22 INFO  (HeadlessAnalyzer) REPORT: Processing project file: /vmlinux.bin  
2026-05-01 21:48:23 INFO  (HeadlessAnalyzer) REPORT: Execute script: extract_drivers.py '/home/ubuntu/Projects/MYSELF/ZTE/ghidra/output_drivers'   
2026-05-01 21:48:23 INFO  (HeadlessAnalyzer) SCRIPT: /home/ubuntu/Projects/MYSELF/ZTE/ghidra/scripts/extract_drivers.py  
2026-05-01 21:48:28 INFO  (HeadlessAnalyzer) REPORT: Save succeeded for processed file: /vmlinux.bin  
