openjdk version "21.0.9" 2025-10-21
OpenJDK Runtime Environment (build 21.0.9+10-Ubuntu-124.04)
OpenJDK 64-Bit Server VM (build 21.0.9+10-Ubuntu-124.04, mixed mode)
INFO  Using log config file: jar:file:/opt/ghidra_12.0.4_PUBLIC/Ghidra/Framework/Generic/lib/Generic.jar!/generic.log4j.xml (LoggingInitialization)  
INFO  Using log file: /home/ubuntu/Projects/MYSELF/ZTE/ghidra/ko_import.log (LoggingInitialization)  
INFO  Loading user preferences: /home/ubuntu/.config/ghidra/ghidra_12.0.4_PUBLIC/preferences (Preferences)  
INFO  Loading previous preferences: /home/ubuntu/.config/ghidra/ghidra_11.4.2_PUBLIC/preferences (Preferences)  
INFO  Searching for classes... (ClassSearcher)  
INFO  Class search complete (1289 ms) (ClassSearcher)  
INFO  Initializing SSL Context (DefaultSSLContextInitializer)  
INFO  Initializing Random Number Generator... (SecureRandomFactory)  
INFO  Random Number Generator initialization complete: NativePRNGNonBlocking (SecureRandomFactory)  
INFO  Trust manager disabled, cacerts have not been set (DefaultTrustManagerFactory)  
INFO  Headless startup complete (2682 ms) (AnalyzeHeadless)  
INFO  Class searcher loaded 58 extension points (18 false positives) (ClassSearcher)  
INFO  HEADLESS Script Paths:
    /opt/ghidra_12.0.4_PUBLIC/Ghidra/Features/Decompiler/ghidra_scripts
    /opt/ghidra_12.0.4_PUBLIC/Ghidra/Features/SystemEmulation/ghidra_scripts
    /opt/ghidra_12.0.4_PUBLIC/Ghidra/Features/Jython/ghidra_scripts
    /opt/ghidra_12.0.4_PUBLIC/Ghidra/Features/MicrosoftCodeAnalyzer/ghidra_scripts
    /opt/ghidra_12.0.4_PUBLIC/Ghidra/Debug/Debugger/ghidra_scripts
    /opt/ghidra_12.0.4_PUBLIC/Ghidra/Features/FunctionID/ghidra_scripts
    /opt/ghidra_12.0.4_PUBLIC/Ghidra/Processors/JVM/ghidra_scripts
    /opt/ghidra_12.0.4_PUBLIC/Ghidra/Processors/PIC/ghidra_scripts
    /opt/ghidra_12.0.4_PUBLIC/Ghidra/Features/FileFormats/ghidra_scripts
    /opt/ghidra_12.0.4_PUBLIC/Ghidra/Features/BSim/ghidra_scripts
    /opt/ghidra_12.0.4_PUBLIC/Ghidra/Debug/Debugger-rmi-trace/ghidra_scripts
    /opt/ghidra_12.0.4_PUBLIC/Ghidra/Features/VersionTracking/ghidra_scripts
    /opt/ghidra_12.0.4_PUBLIC/Ghidra/Processors/Atmel/ghidra_scripts
    /opt/ghidra_12.0.4_PUBLIC/Ghidra/Features/GnuDemangler/ghidra_scripts
    /opt/ghidra_12.0.4_PUBLIC/Ghidra/Processors/DATA/ghidra_scripts
    /opt/ghidra_12.0.4_PUBLIC/Ghidra/Processors/8051/ghidra_scripts
    /home/ubuntu/ghidra_scripts
    /opt/ghidra_12.0.4_PUBLIC/Ghidra/Features/BytePatterns/ghidra_scripts
    /opt/ghidra_12.0.4_PUBLIC/Ghidra/Features/SwiftDemangler/ghidra_scripts
    /opt/ghidra_12.0.4_PUBLIC/Ghidra/Features/PDB/ghidra_scripts
    /opt/ghidra_12.0.4_PUBLIC/Ghidra/Features/Base/ghidra_scripts
    /opt/ghidra_12.0.4_PUBLIC/Ghidra/Features/WildcardAssembler/ghidra_scripts
    /opt/ghidra_12.0.4_PUBLIC/Ghidra/Features/PyGhidra/ghidra_scripts
    /opt/ghidra_12.0.4_PUBLIC/Ghidra/Features/DecompilerDependent/ghidra_scripts (HeadlessAnalyzer)  
INFO  HEADLESS: execution starts (HeadlessAnalyzer)  
INFO  Creating project: /home/ubuntu/Projects/MYSELF/ZTE/ghidra/project_ko/ko_drivers (HeadlessAnalyzer)  
INFO  Creating project: /home/ubuntu/Projects/MYSELF/ZTE/ghidra/project_ko/ko_drivers (DefaultProject)  
INFO  REPORT: Processing input files:  (HeadlessAnalyzer)  
INFO       project: /home/ubuntu/Projects/MYSELF/ZTE/ghidra/project_ko/ko_drivers (HeadlessAnalyzer)  
INFO  IMPORTING: file:///home/ubuntu/Projects/MYSELF/ZTE/firmware/rootfs/kmodule/switch.ko (HeadlessAnalyzer)  
INFO  Using Loader: Executable and Linking Format (ELF) (ProgramLoader)  
INFO  Using Language/Compiler: ARM:LE:32:v8:default (ProgramLoader)  
INFO  Using Library Search Path: [., /bin, /lib, /lib64, /lib/x86_64-linux-gnu, /lib/aarch64-linux-gnu, /usr/bin, /usr/lib, /usr/X11R6/bin, /usr/X11R6/lib, /usr/java/packages/lib, /usr/lib/x86_64-linux-gnu/jni, /usr/lib/x86_64-linux-gnu, /usr/lib/jni] (ProgramLoader)  
ERROR EXTERNAL Data ELF Relocation with offset: at 00010724 (External Location = platform_bus+0x8) (ElfRelocationHandler)  
ERROR EXTERNAL Data ELF Relocation with offset: at 00013d90 (External Location = g_sw_cap+0xc) (ElfRelocationHandler)  
ERROR EXTERNAL Data ELF Relocation with offset: at 00016884 (External Location = g_sw_cap+0xb) (ElfRelocationHandler)  
ERROR EXTERNAL Data ELF Relocation with offset: at 00016fb4 (External Location = g_sw_cap+0xb) (ElfRelocationHandler)  
ERROR EXTERNAL Data ELF Relocation with offset: at 00017564 (External Location = wlan_to_idm_map+0x1) (ElfRelocationHandler)  
INFO  Additional info:
Loading file:///home/ubuntu/Projects/MYSELF/ZTE/firmware/rootfs/kmodule/switch.ko?MD5=2509960cc7f04a53442b29427ea4fee2...
Skipping section [.ARM.extab.init.text] with invalid size 0x0
Skipping section [.ARM.extab.text.unlikely] with invalid size 0x0
Skipping section [.note.GNU-stack] with invalid size 0x0
Unable to place symbol due to non-loaded section: .note.GNU-stack - value=0x0, section=.note.GNU-stack
------------------------------------------------

 (ProgramLoader)  
INFO  IMPORTING: Loaded 0 additional files (HeadlessAnalyzer)  
INFO  ANALYZING all memory and code: file:///home/ubuntu/Projects/MYSELF/ZTE/firmware/rootfs/kmodule/switch.ko (HeadlessAnalyzer)  
INFO  DWARF external debug information found: ExternalDebugInfo [filename=null, crc=0, hash=8884ead04bb811c4c7495a158f17918ea13a7984] (ExternalDebugFileSectionProvider)  
INFO  Unable to find DWARF information, skipping DWARF analysis (DWARFAnalyzer)  
INFO  Packed database cache: /var/tmp/ubuntu-ghidra/packed-db-cache (PackedDatabaseCache)  
INFO  Applied data type archive: generic_clib (ApplyDataArchiveAnalyzer)  
INFO  -----------------------------------------------------
    ARM Constant Reference Analyzer            1.267 secs
    ARM Symbol                                 0.005 secs
    ASCII Strings                              0.348 secs
    Apply Data Archives                        0.645 secs
    Call Convention ID                         0.010 secs
    Call-Fixup Installer                       0.008 secs
    Create Address Tables                      0.028 secs
    Create Address Tables - One Time           0.006 secs
    Create Function                            0.097 secs
    DWARF                                      0.011 secs
    Data Reference                             0.041 secs
    Decompiler Switch Analysis                 0.591 secs
    Demangler GNU                              0.112 secs
    Disassemble Entry Points                   1.449 secs
    Embedded Media                             0.007 secs
    External Entry References                  0.004 secs
    Function ID                                0.028 secs
    Function Start Pre Search                  0.008 secs
    Function Start Search                      0.261 secs
    Function Start Search After Code           0.103 secs
    Function Start Search After Data           0.057 secs
    Non-Returning Functions - Discovered       0.041 secs
    Non-Returning Functions - Known            0.004 secs
    Reference                                  0.139 secs
    Shared Return Calls                        0.031 secs
    Stack                                      1.121 secs
    Subroutine References                      0.038 secs
-----------------------------------------------------
     Total Time   6 secs
-----------------------------------------------------
 (AutoAnalysisManager)  
INFO  REPORT: Analysis succeeded for file: file:///home/ubuntu/Projects/MYSELF/ZTE/firmware/rootfs/kmodule/switch.ko (HeadlessAnalyzer)  
INFO  /switch.ko: file created (ubuntu) (LocalFileSystem)  
INFO  REPORT: Save succeeded for: /switch.ko (ko_drivers:/switch.ko) (HeadlessAnalyzer)  
INFO  REPORT: Import succeeded (HeadlessAnalyzer)  
INFO  IMPORTING: file:///home/ubuntu/Projects/MYSELF/ZTE/firmware/rootfs/kmodule/plat-zxylzb_9128S.ko (HeadlessAnalyzer)  
INFO  Using Loader: Executable and Linking Format (ELF) (ProgramLoader)  
INFO  Using Language/Compiler: ARM:LE:32:v8:default (ProgramLoader)  
INFO  Using Library Search Path: [., /bin, /lib, /lib64, /lib/x86_64-linux-gnu, /lib/aarch64-linux-gnu, /usr/bin, /usr/lib, /usr/X11R6/bin, /usr/X11R6/lib, /usr/java/packages/lib, /usr/lib/x86_64-linux-gnu/jni, /usr/lib/x86_64-linux-gnu, /usr/lib/jni] (ProgramLoader)  
INFO  Additional info:
Loading file:///home/ubuntu/Projects/MYSELF/ZTE/firmware/rootfs/kmodule/plat-zxylzb_9128S.ko?MD5=a183bd95ed607808f3a412ce6fcd7b63...
Skipping section [.ARM.extab.text.unlikely] with invalid size 0x0
Skipping section [.ARM.extab.fast.func] with invalid size 0x0
Skipping section [.ARM.extab.init.text] with invalid size 0x0
Skipping section [.ARM.extab.exit.text] with invalid size 0x0
Skipping section [.note.GNU-stack] with invalid size 0x0
Unable to place symbol due to non-loaded section: .note.GNU-stack - value=0x0, section=.note.GNU-stack
------------------------------------------------

 (ProgramLoader)  
INFO  IMPORTING: Loaded 0 additional files (HeadlessAnalyzer)  
INFO  ANALYZING all memory and code: file:///home/ubuntu/Projects/MYSELF/ZTE/firmware/rootfs/kmodule/plat-zxylzb_9128S.ko (HeadlessAnalyzer)  
INFO  DWARF external debug information found: ExternalDebugInfo [filename=null, crc=0, hash=9332913a86b0d740a1765516d91ef3496b952235] (ExternalDebugFileSectionProvider)  
INFO  Unable to find DWARF information, skipping DWARF analysis (DWARFAnalyzer)  
INFO  Applied data type archive: generic_clib (ApplyDataArchiveAnalyzer)  
INFO  -----------------------------------------------------
    ARM Constant Reference Analyzer            0.682 secs
    ARM Symbol                                 0.014 secs
    ASCII Strings                              0.028 secs
    Apply Data Archives                        0.114 secs
    Call Convention ID                         0.272 secs
    Call-Fixup Installer                       0.006 secs
    Create Address Tables                      0.065 secs
    Create Address Tables - One Time           0.012 secs
    Create Function                            0.023 secs
    DWARF                                      0.002 secs
    Data Reference                             0.025 secs
    Decompiler Switch Analysis                 2.266 secs
    Demangler GNU                              0.130 secs
    Disassemble Entry Points                   0.556 secs
    Embedded Media                             0.004 secs
    External Entry References                  0.002 secs
    Function ID                                0.001 secs
    Function Start Pre Search                  0.006 secs
    Function Start Search                      0.161 secs
    Function Start Search After Code           0.040 secs
    Function Start Search After Data           0.037 secs
    Non-Returning Functions - Discovered       0.020 secs
    Non-Returning Functions - Known            0.003 secs
    Reference                                  0.062 secs
    Shared Return Calls                        0.015 secs
    Stack                                      0.490 secs
    Subroutine References                      0.014 secs
-----------------------------------------------------
     Total Time   5 secs
-----------------------------------------------------
 (AutoAnalysisManager)  
INFO  REPORT: Analysis succeeded for file: file:///home/ubuntu/Projects/MYSELF/ZTE/firmware/rootfs/kmodule/plat-zxylzb_9128S.ko (HeadlessAnalyzer)  
INFO  /plat-zxylzb_9128S.ko: file created (ubuntu) (LocalFileSystem)  
INFO  REPORT: Save succeeded for: /plat-zxylzb_9128S.ko (ko_drivers:/plat-zxylzb_9128S.ko) (HeadlessAnalyzer)  
INFO  REPORT: Import succeeded (HeadlessAnalyzer)  
INFO  IMPORTING: file:///home/ubuntu/Projects/MYSELF/ZTE/firmware/rootfs/kmodule/bspdriver.ko (HeadlessAnalyzer)  
INFO  Using Loader: Executable and Linking Format (ELF) (ProgramLoader)  
INFO  Using Language/Compiler: ARM:LE:32:v8:default (ProgramLoader)  
INFO  Using Library Search Path: [., /bin, /lib, /lib64, /lib/x86_64-linux-gnu, /lib/aarch64-linux-gnu, /usr/bin, /usr/lib, /usr/X11R6/bin, /usr/X11R6/lib, /usr/java/packages/lib, /usr/lib/x86_64-linux-gnu/jni, /usr/lib/x86_64-linux-gnu, /usr/lib/jni] (ProgramLoader)  
INFO  Additional info:
Loading file:///home/ubuntu/Projects/MYSELF/ZTE/firmware/rootfs/kmodule/bspdriver.ko?MD5=449fe4cd4832320223cb73735546f084...
Skipping section [.ARM.extab.exit.text] with invalid size 0x0
Skipping section [.ARM.extab] with invalid size 0x0
Skipping section [.note.GNU-stack] with invalid size 0x0
Unable to place symbol due to non-loaded section: .note.GNU-stack - value=0x0, section=.note.GNU-stack
------------------------------------------------

 (ProgramLoader)  
INFO  IMPORTING: Loaded 0 additional files (HeadlessAnalyzer)  
INFO  ANALYZING all memory and code: file:///home/ubuntu/Projects/MYSELF/ZTE/firmware/rootfs/kmodule/bspdriver.ko (HeadlessAnalyzer)  
INFO  DWARF external debug information found: ExternalDebugInfo [filename=null, crc=0, hash=fb1e96dec598412a930af8cb26e6010f9272616d] (ExternalDebugFileSectionProvider)  
INFO  Unable to find DWARF information, skipping DWARF analysis (DWARFAnalyzer)  
INFO  Applied data type archive: generic_clib (ApplyDataArchiveAnalyzer)  
INFO  REPORT: Analysis succeeded for file: file:///home/ubuntu/Projects/MYSELF/ZTE/firmware/rootfs/kmodule/bspdriver.ko (HeadlessAnalyzer)  
INFO  /bspdriver.ko: file created (ubuntu) (LocalFileSystem)  
INFO  REPORT: Save succeeded for: /bspdriver.ko (ko_drivers:/bspdriver.ko) (HeadlessAnalyzer)  
INFO  REPORT: Import succeeded (HeadlessAnalyzer)  
INFO  IMPORTING: file:///home/ubuntu/Projects/MYSELF/ZTE/firmware/rootfs/kmodule/idmfdb.ko (HeadlessAnalyzer)  
INFO  Using Loader: Executable and Linking Format (ELF) (ProgramLoader)  
INFO  Using Language/Compiler: ARM:LE:32:v8:default (ProgramLoader)  
INFO  Using Library Search Path: [., /bin, /lib, /lib64, /lib/x86_64-linux-gnu, /lib/aarch64-linux-gnu, /usr/bin, /usr/lib, /usr/X11R6/bin, /usr/X11R6/lib, /usr/java/packages/lib, /usr/lib/x86_64-linux-gnu/jni, /usr/lib/x86_64-linux-gnu, /usr/lib/jni] (ProgramLoader)  
INFO  Additional info:
Loading file:///home/ubuntu/Projects/MYSELF/ZTE/firmware/rootfs/kmodule/idmfdb.ko?MD5=84124daa0eb4d22ca71cac1369700a87...
Skipping section [.ARM.extab.text.unlikely] with invalid size 0x0
Skipping section [.note.GNU-stack] with invalid size 0x0
Unable to place symbol due to non-loaded section: .note.GNU-stack - value=0x0, section=.note.GNU-stack
------------------------------------------------

 (ProgramLoader)  
INFO  IMPORTING: Loaded 0 additional files (HeadlessAnalyzer)  
INFO  ANALYZING all memory and code: file:///home/ubuntu/Projects/MYSELF/ZTE/firmware/rootfs/kmodule/idmfdb.ko (HeadlessAnalyzer)  
INFO  DWARF external debug information found: ExternalDebugInfo [filename=null, crc=0, hash=b839f5ce0737e7517ba5a3ad4db83372a8635a87] (ExternalDebugFileSectionProvider)  
INFO  Unable to find DWARF information, skipping DWARF analysis (DWARFAnalyzer)  
INFO  Applied data type archive: generic_clib (ApplyDataArchiveAnalyzer)  
INFO  -----------------------------------------------------
    ARM Constant Reference Analyzer            0.154 secs
    ARM Symbol                                 0.000 secs
    ASCII Strings                              0.008 secs
    Apply Data Archives                        0.127 secs
    Call Convention ID                         0.001 secs
    Call-Fixup Installer                       0.001 secs
    Create Address Tables                      0.011 secs
    Create Address Tables - One Time           0.013 secs
    Create Function                            0.007 secs
    DWARF                                      0.000 secs
    Data Reference                             0.017 secs
    Decompiler Switch Analysis                 0.685 secs
    Demangler GNU                              0.021 secs
    Disassemble Entry Points                   0.111 secs
    Embedded Media                             0.002 secs
    External Entry References                  0.000 secs
    Function ID                                0.001 secs
    Function Start Pre Search                  0.003 secs
    Function Start Search                      0.115 secs
    Function Start Search After Code           0.023 secs
    Function Start Search After Data           0.029 secs
    Non-Returning Functions - Discovered       0.008 secs
    Non-Returning Functions - Known            0.002 secs
    Reference                                  0.044 secs
    Shared Return Calls                        0.003 secs
    Stack                                      0.155 secs
    Subroutine References                      0.005 secs
-----------------------------------------------------
     Total Time   1 secs
-----------------------------------------------------
 (AutoAnalysisManager)  
INFO  REPORT: Analysis succeeded for file: file:///home/ubuntu/Projects/MYSELF/ZTE/firmware/rootfs/kmodule/idmfdb.ko (HeadlessAnalyzer)  
INFO  /idmfdb.ko: file created (ubuntu) (LocalFileSystem)  
INFO  REPORT: Save succeeded for: /idmfdb.ko (ko_drivers:/idmfdb.ko) (HeadlessAnalyzer)  
INFO  REPORT: Import succeeded (HeadlessAnalyzer)  
INFO  IMPORTING: file:///home/ubuntu/Projects/MYSELF/ZTE/firmware/rootfs/kmodule/zx_ponreg.ko (HeadlessAnalyzer)  
INFO  Using Loader: Executable and Linking Format (ELF) (ProgramLoader)  
INFO  Using Language/Compiler: ARM:LE:32:v8:default (ProgramLoader)  
INFO  Using Library Search Path: [., /bin, /lib, /lib64, /lib/x86_64-linux-gnu, /lib/aarch64-linux-gnu, /usr/bin, /usr/lib, /usr/X11R6/bin, /usr/X11R6/lib, /usr/java/packages/lib, /usr/lib/x86_64-linux-gnu/jni, /usr/lib/x86_64-linux-gnu, /usr/lib/jni] (ProgramLoader)  
INFO  Additional info:
Loading file:///home/ubuntu/Projects/MYSELF/ZTE/firmware/rootfs/kmodule/zx_ponreg.ko?MD5=11804fc19164ace2e2830e1c65cc2be9...
Skipping section [.ARM.extab] with invalid size 0x0
Skipping section [.note.GNU-stack] with invalid size 0x0
Unable to place symbol due to non-loaded section: .note.GNU-stack - value=0x0, section=.note.GNU-stack
------------------------------------------------

 (ProgramLoader)  
INFO  IMPORTING: Loaded 0 additional files (HeadlessAnalyzer)  
INFO  ANALYZING all memory and code: file:///home/ubuntu/Projects/MYSELF/ZTE/firmware/rootfs/kmodule/zx_ponreg.ko (HeadlessAnalyzer)  
INFO  DWARF external debug information found: ExternalDebugInfo [filename=null, crc=0, hash=117b24ec431eeb7452f0e3d42dd508036470252b] (ExternalDebugFileSectionProvider)  
INFO  Unable to find DWARF information, skipping DWARF analysis (DWARFAnalyzer)  
INFO  Applied data type archive: generic_clib (ApplyDataArchiveAnalyzer)  
INFO  REPORT: Analysis succeeded for file: file:///home/ubuntu/Projects/MYSELF/ZTE/firmware/rootfs/kmodule/zx_ponreg.ko (HeadlessAnalyzer)  
INFO  /zx_ponreg.ko: file created (ubuntu) (LocalFileSystem)  
INFO  REPORT: Save succeeded for: /zx_ponreg.ko (ko_drivers:/zx_ponreg.ko) (HeadlessAnalyzer)  
INFO  REPORT: Import succeeded (HeadlessAnalyzer)  
