openjdk version "21.0.9" 2025-10-21
OpenJDK Runtime Environment (build 21.0.9+10-Ubuntu-124.04)
OpenJDK 64-Bit Server VM (build 21.0.9+10-Ubuntu-124.04, mixed mode)
INFO  Using log config file: jar:file:/opt/ghidra_12.0.4_PUBLIC/Ghidra/Framework/Generic/lib/Generic.jar!/generic.log4j.xml (LoggingInitialization)  
INFO  Using log file: /home/ubuntu/Projects/MYSELF/ZTE/H3600/ghidra/import.log (LoggingInitialization)  
INFO  Loading user preferences: /home/ubuntu/.config/ghidra/ghidra_12.0.4_PUBLIC/preferences (Preferences)  
INFO  Loading previous preferences: /home/ubuntu/.config/ghidra/ghidra_11.4.2_PUBLIC/preferences (Preferences)  
INFO  Searching for classes... (ClassSearcher)  
INFO  Class search complete (1198 ms) (ClassSearcher)  
INFO  Initializing SSL Context (DefaultSSLContextInitializer)  
INFO  Initializing Random Number Generator... (SecureRandomFactory)  
INFO  Random Number Generator initialization complete: NativePRNGNonBlocking (SecureRandomFactory)  
INFO  Trust manager disabled, cacerts have not been set (DefaultTrustManagerFactory)  
INFO  Headless startup complete (4647 ms) (AnalyzeHeadless)  
INFO  Class searcher loaded 207 extension points (111 false positives) (ClassSearcher)  
INFO  HEADLESS Script Paths:
    /opt/ghidra_12.0.4_PUBLIC/Ghidra/Features/Decompiler/ghidra_scripts
    /opt/ghidra_12.0.4_PUBLIC/Ghidra/Features/SystemEmulation/ghidra_scripts
    /opt/ghidra_12.0.4_PUBLIC/Ghidra/Features/Jython/ghidra_scripts
    /opt/ghidra_12.0.4_PUBLIC/Ghidra/Features/MicrosoftCodeAnalyzer/ghidra_scripts
    /opt/ghidra_12.0.4_PUBLIC/Ghidra/Debug/Debugger/ghidra_scripts
    /opt/ghidra_12.0.4_PUBLIC/Ghidra/Features/FunctionID/ghidra_scripts
    /opt/ghidra_12.0.4_PUBLIC/Ghidra/Processors/JVM/ghidra_scripts
    /opt/ghidra_12.0.4_PUBLIC/Ghidra/Processors/PIC/ghidra_scripts
    /opt/ghidra_12.0.4_PUBLIC/Ghidra/Features/FileFormats/ghidra_scripts
    /opt/ghidra_12.0.4_PUBLIC/Ghidra/Features/BSim/ghidra_scripts
    /opt/ghidra_12.0.4_PUBLIC/Ghidra/Debug/Debugger-rmi-trace/ghidra_scripts
    /opt/ghidra_12.0.4_PUBLIC/Ghidra/Features/VersionTracking/ghidra_scripts
    /opt/ghidra_12.0.4_PUBLIC/Ghidra/Processors/Atmel/ghidra_scripts
    /opt/ghidra_12.0.4_PUBLIC/Ghidra/Features/GnuDemangler/ghidra_scripts
    /opt/ghidra_12.0.4_PUBLIC/Ghidra/Processors/DATA/ghidra_scripts
    /opt/ghidra_12.0.4_PUBLIC/Ghidra/Processors/8051/ghidra_scripts
    /home/ubuntu/ghidra_scripts
    /opt/ghidra_12.0.4_PUBLIC/Ghidra/Features/BytePatterns/ghidra_scripts
    /opt/ghidra_12.0.4_PUBLIC/Ghidra/Features/SwiftDemangler/ghidra_scripts
    /opt/ghidra_12.0.4_PUBLIC/Ghidra/Features/PDB/ghidra_scripts
    /opt/ghidra_12.0.4_PUBLIC/Ghidra/Features/Base/ghidra_scripts
    /opt/ghidra_12.0.4_PUBLIC/Ghidra/Features/WildcardAssembler/ghidra_scripts
    /opt/ghidra_12.0.4_PUBLIC/Ghidra/Features/PyGhidra/ghidra_scripts
    /opt/ghidra_12.0.4_PUBLIC/Ghidra/Features/DecompilerDependent/ghidra_scripts (HeadlessAnalyzer)  
INFO  HEADLESS: execution starts (HeadlessAnalyzer)  
INFO  Creating project: /home/ubuntu/Projects/MYSELF/ZTE/H3600/ghidra/project/h3600_vmlinux (HeadlessAnalyzer)  
INFO  Creating project: /home/ubuntu/Projects/MYSELF/ZTE/H3600/ghidra/project/h3600_vmlinux (DefaultProject)  
INFO  REPORT: Processing input files:  (HeadlessAnalyzer)  
INFO       project: /home/ubuntu/Projects/MYSELF/ZTE/H3600/ghidra/project/h3600_vmlinux (HeadlessAnalyzer)  
INFO  IMPORTING: file:///home/ubuntu/Projects/MYSELF/ZTE/H3600/extracted/vmlinux.bin (HeadlessAnalyzer)  
INFO  Successfully applied "-loader-baseAddr" to "Base Address" (old: "null", new: "0xC0008000") (ProgramLoader)  
INFO  Using Loader: Raw Binary (ProgramLoader)  
INFO  Using Language/Compiler: ARM:LE:32:v7:default (ProgramLoader)  
INFO  Using Library Search Path: [., /bin, /lib, /lib64, /lib/x86_64-linux-gnu, /lib/aarch64-linux-gnu, /usr/bin, /usr/lib, /usr/X11R6/bin, /usr/X11R6/lib, /usr/java/packages/lib, /usr/lib/x86_64-linux-gnu/jni, /usr/lib/x86_64-linux-gnu, /usr/lib/jni] (ProgramLoader)  
INFO  IMPORTING: Loaded 0 additional files (HeadlessAnalyzer)  
INFO  ANALYZING all memory and code: file:///home/ubuntu/Projects/MYSELF/ZTE/H3600/extracted/vmlinux.bin (HeadlessAnalyzer)  
WARN  Decompiling c0687244, pcode error at c068727c: Unable to resolve constructor at c068727c (DecompileCallback)  
INFO  Packed database cache: /var/tmp/ubuntu-ghidra/packed-db-cache (PackedDatabaseCache)  
INFO  Applied data type archive: generic_clib (ApplyDataArchiveAnalyzer)  
Incorrect Java version: 21.0.9+10-Ubuntu-124.04
jspawnhelper version 21.0.10+7-Ubuntu-124.04
This command is not for general use and should only be run as the result of a call to
ProcessBuilder.start() or Runtime.exec() in a java application
Incorrect Java version: 21.0.9+10-Ubuntu-124.04
jspawnhelper version 21.0.10+7-Ubuntu-124.04
This command is not for general use and should only be run as the result of a call to
ProcessBuilder.start() or Runtime.exec() in a java application
Incorrect Java version: 21.0.9+10-Ubuntu-124.04
jspawnhelper version 21.0.10+7-Ubuntu-124.04
This command is not for general use and should only be run as the result of a call to
ProcessBuilder.start() or Runtime.exec() in a java application
Incorrect Java version: 21.0.9+10-Ubuntu-124.04
jspawnhelper version 21.0.10+7-Ubuntu-124.04
This command is not for general use and should only be run as the result of a call to
ProcessBuilder.start() or Runtime.exec() in a java application
Incorrect Java version: 21.0.9+10-Ubuntu-124.04
jspawnhelper version 21.0.10+7-Ubuntu-124.04
This command is not for general use and should only be run as the result of a call to
ProcessBuilder.start() or Runtime.exec() in a java application
Incorrect Java version: 21.0.9+10-Ubuntu-124.04
jspawnhelper version 21.0.10+7-Ubuntu-124.04
This command is not for general use and should only be run as the result of a call to
ProcessBuilder.start() or Runtime.exec() in a java application
Incorrect Java version: 21.0.9+10-Ubuntu-124.04
jspawnhelper version 21.0.10+7-Ubuntu-124.04
This command is not for general use and should only be run as the result of a call to
ProcessBuilder.start() or Runtime.exec() in a java application
Incorrect Java version: 21.0.9+10-Ubuntu-124.04
jspawnhelper version 21.0.10+7-Ubuntu-124.04
This command is not for general use and should only be run as the result of a call to
ProcessBuilder.start() or Runtime.exec() in a java application
Incorrect Java version: 21.0.9+10-Ubuntu-124.04
jspawnhelper version 21.0.10+7-Ubuntu-124.04
This command is not for general use and should only be run as the result of a call to
ProcessBuilder.start() or Runtime.exec() in a java application
Incorrect Java version: 21.0.9+10-Ubuntu-124.04
jspawnhelper version 21.0.10+7-Ubuntu-124.04
This command is not for general use and should only be run as the result of a call to
ProcessBuilder.start() or Runtime.exec() in a java application
Incorrect Java version: 21.0.9+10-Ubuntu-124.04
jspawnhelper version 21.0.10+7-Ubuntu-124.04
This command is not for general use and should only be run as the result of a call to
ProcessBuilder.start() or Runtime.exec() in a java application
Incorrect Java version: 21.0.9+10-Ubuntu-124.04
jspawnhelper version 21.0.10+7-Ubuntu-124.04
This command is not for general use and should only be run as the result of a call to
ProcessBuilder.start() or Runtime.exec() in a java application
Incorrect Java version: 21.0.9+10-Ubuntu-124.04
jspawnhelper version 21.0.10+7-Ubuntu-124.04
This command is not for general use and should only be run as the result of a call to
ProcessBuilder.start() or Runtime.exec() in a java application
Incorrect Java version: 21.0.9+10-Ubuntu-124.04
jspawnhelper version 21.0.10+7-Ubuntu-124.04
This command is not for general use and should only be run as the result of a call to
ProcessBuilder.start() or Runtime.exec() in a java application
Incorrect Java version: 21.0.9+10-Ubuntu-124.04
jspawnhelper version 21.0.10+7-Ubuntu-124.04
This command is not for general use and should only be run as the result of a call to
ProcessBuilder.start() or Runtime.exec() in a java application
Incorrect Java version: 21.0.9+10-Ubuntu-124.04
jspawnhelper version 21.0.10+7-Ubuntu-124.04
This command is not for general use and should only be run as the result of a call to
ProcessBuilder.start() or Runtime.exec() in a java application
Incorrect Java version: 21.0.9+10-Ubuntu-124.04
jspawnhelper version 21.0.10+7-Ubuntu-124.04
This command is not for general use and should only be run as the result of a call to
ProcessBuilder.start() or Runtime.exec() in a java application
Incorrect Java version: 21.0.9+10-Ubuntu-124.04
jspawnhelper version 21.0.10+7-Ubuntu-124.04
This command is not for general use and should only be run as the result of a call to
ProcessBuilder.start() or Runtime.exec() in a java application
Incorrect Java version: 21.0.9+10-Ubuntu-124.04
jspawnhelper version 21.0.10+7-Ubuntu-124.04
This command is not for general use and should only be run as the result of a call to
ProcessBuilder.start() or Runtime.exec() in a java application
Incorrect Java version: 21.0.9+10-Ubuntu-124.04
jspawnhelper version 21.0.10+7-Ubuntu-124.04
This command is not for general use and should only be run as the result of a call to
ProcessBuilder.start() or Runtime.exec() in a java application
Incorrect Java version: 21.0.9+10-Ubuntu-124.04
jspawnhelper version 21.0.10+7-Ubuntu-124.04
This command is not for general use and should only be run as the result of a call to
ProcessBuilder.start() or Runtime.exec() in a java application
Incorrect Java version: 21.0.9+10-Ubuntu-124.04
jspawnhelper version 21.0.10+7-Ubuntu-124.04
This command is not for general use and should only be run as the result of a call to
ProcessBuilder.start() or Runtime.exec() in a java application
Incorrect Java version: 21.0.9+10-Ubuntu-124.04
jspawnhelper version 21.0.10+7-Ubuntu-124.04
This command is not for general use and should only be run as the result of a call to
ProcessBuilder.start() or Runtime.exec() in a java application
Incorrect Java version: 21.0.9+10-Ubuntu-124.04
jspawnhelper version 21.0.10+7-Ubuntu-124.04
This command is not for general use and should only be run as the result of a call to
ProcessBuilder.start() or Runtime.exec() in a java application
Incorrect Java version: 21.0.9+10-Ubuntu-124.04
jspawnhelper version 21.0.10+7-Ubuntu-124.04
This command is not for general use and should only be run as the result of a call to
ProcessBuilder.start() or Runtime.exec() in a java application
Incorrect Java version: 21.0.9+10-Ubuntu-124.04
jspawnhelper version 21.0.10+7-Ubuntu-124.04
This command is not for general use and should only be run as the result of a call to
ProcessBuilder.start() or Runtime.exec() in a java application
Incorrect Java version: 21.0.9+10-Ubuntu-124.04
jspawnhelper version 21.0.10+7-Ubuntu-124.04
This command is not for general use and should only be run as the result of a call to
ProcessBuilder.start() or Runtime.exec() in a java application
Incorrect Java version: 21.0.9+10-Ubuntu-124.04
jspawnhelper version 21.0.10+7-Ubuntu-124.04
This command is not for general use and should only be run as the result of a call to
ProcessBuilder.start() or Runtime.exec() in a java application
Incorrect Java version: 21.0.9+10-Ubuntu-124.04
jspawnhelper version 21.0.10+7-Ubuntu-124.04
This command is not for general use and should only be run as the result of a call to
ProcessBuilder.start() or Runtime.exec() in a java application
Incorrect Java version: 21.0.9+10-Ubuntu-124.04
jspawnhelper version 21.0.10+7-Ubuntu-124.04
This command is not for general use and should only be run as the result of a call to
ProcessBuilder.start() or Runtime.exec() in a java application
Incorrect Java version: 21.0.9+10-Ubuntu-124.04
jspawnhelper version 21.0.10+7-Ubuntu-124.04
This command is not for general use and should only be run as the result of a call to
ProcessBuilder.start() or Runtime.exec() in a java application
Incorrect Java version: 21.0.9+10-Ubuntu-124.04
jspawnhelper version 21.0.10+7-Ubuntu-124.04
This command is not for general use and should only be run as the result of a call to
ProcessBuilder.start() or Runtime.exec() in a java application
Incorrect Java version: 21.0.9+10-Ubuntu-124.04
jspawnhelper version 21.0.10+7-Ubuntu-124.04
This command is not for general use and should only be run as the result of a call to
ProcessBuilder.start() or Runtime.exec() in a java application
Incorrect Java version: 21.0.9+10-Ubuntu-124.04
jspawnhelper version 21.0.10+7-Ubuntu-124.04
This command is not for general use and should only be run as the result of a call to
ProcessBuilder.start() or Runtime.exec() in a java application
Incorrect Java version: 21.0.9+10-Ubuntu-124.04
jspawnhelper version 21.0.10+7-Ubuntu-124.04
This command is not for general use and should only be run as the result of a call to
ProcessBuilder.start() or Runtime.exec() in a java application
Incorrect Java version: 21.0.9+10-Ubuntu-124.04
jspawnhelper version 21.0.10+7-Ubuntu-124.04
This command is not for general use and should only be run as the result of a call to
ProcessBuilder.start() or Runtime.exec() in a java application
Incorrect Java version: 21.0.9+10-Ubuntu-124.04
jspawnhelper version 21.0.10+7-Ubuntu-124.04
This command is not for general use and should only be run as the result of a call to
ProcessBuilder.start() or Runtime.exec() in a java application
Incorrect Java version: 21.0.9+10-Ubuntu-124.04
jspawnhelper version 21.0.10+7-Ubuntu-124.04
This command is not for general use and should only be run as the result of a call to
ProcessBuilder.start() or Runtime.exec() in a java application
Incorrect Java version: 21.0.9+10-Ubuntu-124.04
jspawnhelper version 21.0.10+7-Ubuntu-124.04
This command is not for general use and should only be run as the result of a call to
ProcessBuilder.start() or Runtime.exec() in a java application
Incorrect Java version: 21.0.9+10-Ubuntu-124.04
jspawnhelper version 21.0.10+7-Ubuntu-124.04
This command is not for general use and should only be run as the result of a call to
ProcessBuilder.start() or Runtime.exec() in a java application
Incorrect Java version: 21.0.9+10-Ubuntu-124.04
jspawnhelper version 21.0.10+7-Ubuntu-124.04
This command is not for general use and should only be run as the result of a call to
ProcessBuilder.start() or Runtime.exec() in a java application
Incorrect Java version: 21.0.9+10-Ubuntu-124.04
jspawnhelper version 21.0.10+7-Ubuntu-124.04
This command is not for general use and should only be run as the result of a call to
ProcessBuilder.start() or Runtime.exec() in a java application
INFO  -----------------------------------------------------
    ARM Constant Reference Analyzer           39.930 secs
    ARM Symbol                                 0.001 secs
    ASCII Strings                              0.686 secs
    Apply Data Archives                        0.635 secs
    Call-Fixup Installer                       0.370 secs
    Create Address Tables                      1.294 secs
    Create Address Tables - One Time          71.450 secs
    Create Function                            4.286 secs
    Data Reference                            37.148 secs
    Decompiler Switch Analysis               232.611 secs
    Demangler GNU                              0.027 secs
    Disassemble                               28.566 secs
    Disassemble Entry Points                   0.002 secs
    Embedded Media                             0.089 secs
    External Entry References                  0.001 secs
    Function ID                                0.062 secs
    Function Start Pre Search                  0.126 secs
    Function Start Search                      1.179 secs
    Function Start Search After Code           5.306 secs
    Function Start Search After Data           0.812 secs
    Function Start Search delayed - One Time   1.237 secs
    Non-Returning Functions - Discovered       3.338 secs
    Reference                                 66.844 secs
    Shared Return Calls                        1.807 secs
    Stack                                     18.045 secs
    Subroutine References                      6.001 secs
    Subroutine References - One Time           0.016 secs
-----------------------------------------------------
     Total Time   521 secs
-----------------------------------------------------
 (AutoAnalysisManager)  
INFO  REPORT: Analysis succeeded for file: file:///home/ubuntu/Projects/MYSELF/ZTE/H3600/extracted/vmlinux.bin (HeadlessAnalyzer)  
INFO  /vmlinux.bin: file created (ubuntu) (LocalFileSystem)  
INFO  REPORT: Save succeeded for: /vmlinux.bin (h3600_vmlinux:/vmlinux.bin) (HeadlessAnalyzer)  
INFO  REPORT: Import succeeded (HeadlessAnalyzer)  
