2026-05-02 14:16:15 INFO  (LoggingInitialization) Using log config file: jar:file:/opt/ghidra_12.0.4_PUBLIC/Ghidra/Framework/Generic/lib/Generic.jar!/generic.log4j.xml  
2026-05-02 14:16:15 INFO  (LoggingInitialization) Using log file: /home/ubuntu/Projects/MYSELF/ZTE/H3600/ghidra/import.log  
2026-05-02 14:16:15 INFO  (Preferences) Loading user preferences: /home/ubuntu/.config/ghidra/ghidra_12.0.4_PUBLIC/preferences  
2026-05-02 14:16:15 INFO  (Preferences) Loading previous preferences: /home/ubuntu/.config/ghidra/ghidra_11.4.2_PUBLIC/preferences  
2026-05-02 14:16:15 INFO  (ClassSearcher) Searching for classes...  
2026-05-02 14:16:16 INFO  (ClassSearcher) Class search complete (1198 ms)  
2026-05-02 14:16:16 INFO  (DefaultSSLContextInitializer) Initializing SSL Context  
2026-05-02 14:16:16 INFO  (SecureRandomFactory) Initializing Random Number Generator...  
2026-05-02 14:16:16 INFO  (SecureRandomFactory) Random Number Generator initialization complete: NativePRNGNonBlocking  
2026-05-02 14:16:16 INFO  (DefaultTrustManagerFactory) Trust manager disabled, cacerts have not been set  
2026-05-02 14:16:18 INFO  (AnalyzeHeadless) Headless startup complete (4647 ms)  
2026-05-02 14:16:18 INFO  (ClassSearcher) Class searcher loaded 207 extension points (111 false positives)  
2026-05-02 14:16:19 INFO  (HeadlessAnalyzer) HEADLESS Script Paths:
    /opt/ghidra_12.0.4_PUBLIC/Ghidra/Features/Decompiler/ghidra_scripts
    /opt/ghidra_12.0.4_PUBLIC/Ghidra/Features/SystemEmulation/ghidra_scripts
    /opt/ghidra_12.0.4_PUBLIC/Ghidra/Features/Jython/ghidra_scripts
    /opt/ghidra_12.0.4_PUBLIC/Ghidra/Features/MicrosoftCodeAnalyzer/ghidra_scripts
    /opt/ghidra_12.0.4_PUBLIC/Ghidra/Debug/Debugger/ghidra_scripts
    /opt/ghidra_12.0.4_PUBLIC/Ghidra/Features/FunctionID/ghidra_scripts
    /opt/ghidra_12.0.4_PUBLIC/Ghidra/Processors/JVM/ghidra_scripts
    /opt/ghidra_12.0.4_PUBLIC/Ghidra/Processors/PIC/ghidra_scripts
    /opt/ghidra_12.0.4_PUBLIC/Ghidra/Features/FileFormats/ghidra_scripts
    /opt/ghidra_12.0.4_PUBLIC/Ghidra/Features/BSim/ghidra_scripts
    /opt/ghidra_12.0.4_PUBLIC/Ghidra/Debug/Debugger-rmi-trace/ghidra_scripts
    /opt/ghidra_12.0.4_PUBLIC/Ghidra/Features/VersionTracking/ghidra_scripts
    /opt/ghidra_12.0.4_PUBLIC/Ghidra/Processors/Atmel/ghidra_scripts
    /opt/ghidra_12.0.4_PUBLIC/Ghidra/Features/GnuDemangler/ghidra_scripts
    /opt/ghidra_12.0.4_PUBLIC/Ghidra/Processors/DATA/ghidra_scripts
    /opt/ghidra_12.0.4_PUBLIC/Ghidra/Processors/8051/ghidra_scripts
    /home/ubuntu/ghidra_scripts
    /opt/ghidra_12.0.4_PUBLIC/Ghidra/Features/BytePatterns/ghidra_scripts
    /opt/ghidra_12.0.4_PUBLIC/Ghidra/Features/SwiftDemangler/ghidra_scripts
    /opt/ghidra_12.0.4_PUBLIC/Ghidra/Features/PDB/ghidra_scripts
    /opt/ghidra_12.0.4_PUBLIC/Ghidra/Features/Base/ghidra_scripts
    /opt/ghidra_12.0.4_PUBLIC/Ghidra/Features/WildcardAssembler/ghidra_scripts
    /opt/ghidra_12.0.4_PUBLIC/Ghidra/Features/PyGhidra/ghidra_scripts
    /opt/ghidra_12.0.4_PUBLIC/Ghidra/Features/DecompilerDependent/ghidra_scripts  
2026-05-02 14:16:19 INFO  (HeadlessAnalyzer) HEADLESS: execution starts  
2026-05-02 14:16:19 INFO  (HeadlessAnalyzer) Creating project: /home/ubuntu/Projects/MYSELF/ZTE/H3600/ghidra/project/h3600_vmlinux  
2026-05-02 14:16:19 INFO  (DefaultProject) Creating project: /home/ubuntu/Projects/MYSELF/ZTE/H3600/ghidra/project/h3600_vmlinux  
2026-05-02 14:16:19 INFO  (HeadlessAnalyzer) REPORT: Processing input files:   
2026-05-02 14:16:19 INFO  (HeadlessAnalyzer)      project: /home/ubuntu/Projects/MYSELF/ZTE/H3600/ghidra/project/h3600_vmlinux  
2026-05-02 14:16:19 INFO  (HeadlessAnalyzer) IMPORTING: file:///home/ubuntu/Projects/MYSELF/ZTE/H3600/extracted/vmlinux.bin  
2026-05-02 14:16:19 INFO  (ProgramLoader) Successfully applied "-loader-baseAddr" to "Base Address" (old: "null", new: "0xC0008000")  
2026-05-02 14:16:19 INFO  (ProgramLoader) Using Loader: Raw Binary  
2026-05-02 14:16:19 INFO  (ProgramLoader) Using Language/Compiler: ARM:LE:32:v7:default  
2026-05-02 14:16:19 INFO  (ProgramLoader) Using Library Search Path: [., /bin, /lib, /lib64, /lib/x86_64-linux-gnu, /lib/aarch64-linux-gnu, /usr/bin, /usr/lib, /usr/X11R6/bin, /usr/X11R6/lib, /usr/java/packages/lib, /usr/lib/x86_64-linux-gnu/jni, /usr/lib/x86_64-linux-gnu, /usr/lib/jni]  
2026-05-02 14:16:19 INFO  (HeadlessAnalyzer) IMPORTING: Loaded 0 additional files  
2026-05-02 14:16:20 INFO  (HeadlessAnalyzer) ANALYZING all memory and code: file:///home/ubuntu/Projects/MYSELF/ZTE/H3600/extracted/vmlinux.bin  
2026-05-02 14:19:40 WARN  (DecompileCallback) Decompiling c0687244, pcode error at c068727c: Unable to resolve constructor at c068727c  
2026-05-02 14:19:55 DEBUG (FidAnalyzer) No FID Libraries apply for language ARM:LE:32:v7  
2026-05-02 14:19:55 INFO  (PackedDatabaseCache) Packed database cache: /var/tmp/ubuntu-ghidra/packed-db-cache  
2026-05-02 14:19:55 DEBUG (PackedDatabaseCache) Using cached packed database: /opt/ghidra_12.0.4_PUBLIC/Ghidra/Features/Base/data/typeinfo/generic/generic_clib.gdt  
2026-05-02 14:19:55 INFO  (ApplyDataArchiveAnalyzer) Applied data type archive: generic_clib  
2026-05-02 14:25:02 INFO  (AutoAnalysisManager) -----------------------------------------------------
    ARM Constant Reference Analyzer           39.930 secs
    ARM Symbol                                 0.001 secs
    ASCII Strings                              0.686 secs
    Apply Data Archives                        0.635 secs
    Call-Fixup Installer                       0.370 secs
    Create Address Tables                      1.294 secs
    Create Address Tables - One Time          71.450 secs
    Create Function                            4.286 secs
    Data Reference                            37.148 secs
    Decompiler Switch Analysis               232.611 secs
    Demangler GNU                              0.027 secs
    Disassemble                               28.566 secs
    Disassemble Entry Points                   0.002 secs
    Embedded Media                             0.089 secs
    External Entry References                  0.001 secs
    Function ID                                0.062 secs
    Function Start Pre Search                  0.126 secs
    Function Start Search                      1.179 secs
    Function Start Search After Code           5.306 secs
    Function Start Search After Data           0.812 secs
    Function Start Search delayed - One Time   1.237 secs
    Non-Returning Functions - Discovered       3.338 secs
    Reference                                 66.844 secs
    Shared Return Calls                        1.807 secs
    Stack                                     18.045 secs
    Subroutine References                      6.001 secs
    Subroutine References - One Time           0.016 secs
-----------------------------------------------------
     Total Time   521 secs
-----------------------------------------------------
  
2026-05-02 14:25:02 INFO  (HeadlessAnalyzer) REPORT: Analysis succeeded for file: file:///home/ubuntu/Projects/MYSELF/ZTE/H3600/extracted/vmlinux.bin  
2026-05-02 14:25:02 INFO  (LocalFileSystem) /vmlinux.bin: file created (ubuntu)  
2026-05-02 14:25:02 INFO  (HeadlessAnalyzer) REPORT: Save succeeded for: /vmlinux.bin (h3600_vmlinux:/vmlinux.bin)  
2026-05-02 14:25:02 INFO  (HeadlessAnalyzer) REPORT: Import succeeded  
