T+26020ms tm+0100: 00000010 -> 00000000
T+26020ms tm+0500: 00000010 -> 00000000
T+26020ms tm+0900: 00000010 -> 00000000
T+26020ms tm+0d00: 00000010 -> 00000000
T+26020ms pp+0714: 00012183 -> 000121fd
T+26020ms pp+0718: 00000271 -> 00000272
T+26020ms pp+0728: 00000080 -> 00000081
T+26020ms pp+073c: 00000249 -> 0000024a
T+26020ms pp+0764: 00012183 -> 000121fd
T+26020ms pp+0768: 00000271 -> 00000272
T+26020ms pp+0780: 00000309 -> 0000030b
T+26020ms pp+0784: 0003f8f3 -> 0003f97f
T+26020ms pp+0788: 0003f8f3 -> 0003f97f
T+26020ms pp+07b0: 000000f9 -> 000000fb
T+26020ms pp+07c4: 00000283 -> 00000285
T+28040ms pp+0714: 000121fd -> 00012345
T+28040ms pp+0718: 00000272 -> 00000274
T+28040ms pp+072c: 0000005e -> 00000060
T+28040ms pp+073c: 0000024a -> 0000024c
T+28040ms pp+0764: 000121fd -> 00012345
T+28040ms pp+0768: 00000272 -> 00000274
T+28040ms pp+0780: 0000030b -> 0000030e
T+28040ms pp+0784: 0003f97f -> 0003fa95
T+28040ms pp+0788: 0003f97f -> 0003fa95
T+28040ms pp+07b0: 000000fb -> 000000fd
T+28040ms pp+07b4: 00000083 -> 00000084
T+28040ms pp+07c4: 00000285 -> 00000288
T+30010ms pp+0714: 00012345 -> 0001242f
T+30010ms pp+0718: 00000274 -> 00000276
T+30010ms pp+0724: 00000171 -> 00000172
T+30010ms pp+072c: 00000060 -> 00000061
T+30010ms pp+073c: 0000024c -> 0000024e
T+30010ms pp+0764: 00012345 -> 0001242f
T+30010ms pp+0768: 00000274 -> 00000276
T+30010ms pp+0780: 0000030e -> 0000030f
T+30010ms pp+0784: 0003fa95 -> 0003fb3f
T+30010ms pp+0788: 0003fa95 -> 0003fb3f
T+30010ms pp+07b4: 00000084 -> 00000085
T+30010ms pp+07c4: 00000288 -> 00000289
T+30030ms pp+0780: 0000030f -> 00000310
T+30030ms pp+0784: 0003fb3f -> 0003fb85
T+30030ms pp+0788: 0003fb3f -> 0003fb85
T+30030ms pp+07b0: 000000fd -> 000000fe
T+30030ms pp+07c4: 00000289 -> 0000028a
T+30050ms tm+0100: 00000000 -> 00000010
T+30050ms tm+0500: 00000000 -> 00000010
T+30050ms tm+0900: 00000000 -> 00000010
T+30050ms tm+0d00: 00000000 -> 00000010
T+30050ms pp+0714: 0001242f -> 00012893
T+30050ms pp+0718: 00000276 -> 00000278
T+30050ms pp+0734: 00000010 -> 00000012
T+30050ms pp+073c: 0000024e -> 00000250
T+30050ms pp+0764: 0001242f -> 00012893
T+30050ms pp+0768: 00000276 -> 00000278
T+30050ms pp+0780: 00000310 -> 00000312
T+30050ms pp+0784: 0003fb85 -> 0003fc05
T+30050ms pp+0788: 0003fb85 -> 0003fc05
T+30050ms pp+07ac: 00000019 -> 0000001b
T+30050ms pp+07c4: 0000028a -> 0000028c
T+30070ms tm+0100: 00000010 -> 00000000
T+30070ms tm+0104: fffffffc -> ffffffff
T+30070ms tm+0500: 00000010 -> 00000002
T+30070ms tm+0504: fffffffc -> ffffffff
T+30070ms tm+0900: 00000010 -> 00000002
T+30070ms tm+0904: fffffffc -> ffffffff
T+30070ms tm+0d00: 00000010 -> 00000000
T+30070ms pp+0714: 00012893 -> 00012cf7
T+30070ms pp+0718: 00000278 -> 0000027a
T+30070ms pp+0734: 00000012 -> 00000014
T+30070ms pp+073c: 00000250 -> 00000252
T+30070ms pp+0764: 00012893 -> 00012cf7
T+30070ms pp+0768: 00000278 -> 0000027a
T+30070ms pp+0780: 00000312 -> 00000314
T+30070ms pp+0784: 0003fc05 -> 0003fc85
T+30070ms pp+0788: 0003fc05 -> 0003fc85
T+30070ms pp+07ac: 0000001b -> 0000001d
T+30070ms pp+07c4: 0000028c -> 0000028e
T+30090ms tm+0104: ffffffff -> fffffffc
T+30090ms tm+0500: 00000002 -> 00000000
T+30090ms tm+0504: ffffffff -> fffffffc
T+30090ms tm+0900: 00000002 -> 00000000
T+30090ms tm+0904: ffffffff -> fffffffc
T+30090ms pp+0714: 00012cf7 -> 000137f1
T+30090ms pp+0718: 0000027a -> 0000027f
T+30090ms pp+0734: 00000014 -> 00000019
T+30090ms pp+073c: 00000252 -> 00000257
T+30090ms pp+0764: 00012cf7 -> 000137f1
T+30090ms pp+0768: 0000027a -> 0000027f
T+30090ms pp+0780: 00000314 -> 00000319
T+30090ms pp+0784: 0003fc85 -> 0003fdc5
T+30090ms pp+0788: 0003fc85 -> 0003fdc5
T+30090ms pp+07ac: 0000001d -> 00000022
T+30090ms pp+07c4: 0000028e -> 00000293
T+30110ms pp+0714: 000137f1 -> 00013a23
T+30110ms pp+0718: 0000027f -> 00000280
T+30110ms pp+0734: 00000019 -> 0000001a
T+30110ms pp+073c: 00000257 -> 00000258
T+30110ms pp+0764: 000137f1 -> 00013a23
T+30110ms pp+0768: 0000027f -> 00000280
T+30110ms pp+0780: 00000319 -> 0000031a
T+30110ms pp+0784: 0003fdc5 -> 0003fe05
T+30110ms pp+0788: 0003fdc5 -> 0003fe05
T+30110ms pp+07ac: 00000022 -> 00000023
T+30110ms pp+07c4: 00000293 -> 00000294
T+30130ms pp+0714: 00013a23 -> 00013e87
T+30130ms pp+0718: 00000280 -> 00000282
T+30130ms pp+0734: 0000001a -> 0000001c
T+30130ms pp+073c: 00000258 -> 0000025a
T+30130ms pp+0764: 00013a23 -> 00013e87
T+30130ms pp+0768: 00000280 -> 00000282
T+30130ms pp+0780: 0000031a -> 0000031c
T+30130ms pp+0784: 0003fe05 -> 0003fe85
T+30130ms pp+0788: 0003fe05 -> 0003fe85
T+30130ms pp+07ac: 00000023 -> 00000025
T+30130ms pp+07c4: 00000294 -> 00000296
T+30150ms pp+0714: 00013e87 -> 000142eb
T+30150ms pp+0718: 00000282 -> 00000284
T+30150ms pp+0734: 0000001c -> 0000001e
T+30150ms pp+073c: 0000025a -> 0000025c
T+30150ms pp+0764: 00013e87 -> 000142eb
T+30150ms pp+0768: 00000282 -> 00000284
T+30150ms pp+0780: 0000031c -> 0000031e
T+30150ms pp+0784: 0003fe85 -> 0003ff05
T+30150ms pp+0788: 0003fe85 -> 0003ff05
T+30150ms pp+07ac: 00000025 -> 00000027
T+30150ms pp+07c4: 00000296 -> 00000298
T+30170ms pp+0714: 000142eb -> 0001451d
T+30170ms pp+0718: 00000284 -> 00000285
T+30170ms pp+0734: 0000001e -> 0000001f
T+30170ms pp+073c: 0000025c -> 0000025d
T+30170ms pp+0764: 000142eb -> 0001451d
T+30170ms pp+0768: 00000284 -> 00000285
T+30170ms pp+0780: 0000031e -> 0000031f
T+30170ms pp+0784: 0003ff05 -> 0003ff45
T+30170ms pp+0788: 0003ff05 -> 0003ff45
T+30170ms pp+07ac: 00000027 -> 00000028
T+30170ms pp+07c4: 00000298 -> 00000299
T+30190ms pp+0714: 0001451d -> 00014981
T+30190ms pp+0718: 00000285 -> 00000287
T+30190ms pp+0734: 0000001f -> 00000021
T+30190ms pp+073c: 0000025d -> 0000025f
T+30190ms pp+0764: 0001451d -> 00014981
T+30190ms pp+0768: 00000285 -> 00000287
T+30190ms pp+0780: 0000031f -> 00000321
T+30190ms pp+0784: 0003ff45 -> 0003ffc5
T+30190ms pp+0788: 0003ff45 -> 0003ffc5
T+30190ms pp+07ac: 00000028 -> 0000002a
T+30190ms pp+07c4: 00000299 -> 0000029b
T+30210ms tm+0100: 00000000 -> 00000010
T+30210ms tm+0500: 00000000 -> 00000010
T+30210ms tm+0900: 00000000 -> 00000010
T+30210ms tm+0d00: 00000000 -> 00000010
T+30210ms pp+0714: 00014981 -> 00014de5
T+30210ms pp+0718: 00000287 -> 00000289
T+30210ms pp+0734: 00000021 -> 00000023
T+30210ms pp+073c: 0000025f -> 00000261
T+30210ms pp+0764: 00014981 -> 00014de5
T+30210ms pp+0768: 00000287 -> 00000289
T+30210ms pp+0780: 00000321 -> 00000323
T+30210ms pp+0784: 0003ffc5 -> 00040045
T+30210ms pp+0788: 0003ffc5 -> 00040045
T+30210ms pp+07ac: 0000002a -> 0000002c
T+30210ms pp+07c4: 0000029b -> 0000029d
T+30230ms tm+0100: 00000010 -> 00000000
T+30230ms tm+0500: 00000010 -> 00000000
T+30230ms tm+0900: 00000010 -> 00000000
T+30230ms tm+0d00: 00000010 -> 00000000
T+30230ms pp+0714: 00014de5 -> 000158df
T+30230ms pp+0718: 00000289 -> 0000028e
T+30230ms pp+0734: 00000023 -> 00000028
T+30230ms pp+073c: 00000261 -> 00000266
T+30230ms pp+0764: 00014de5 -> 000158df
T+30230ms pp+0768: 00000289 -> 0000028e
T+30230ms pp+0780: 00000323 -> 00000328
T+30230ms pp+0784: 00040045 -> 00040185
T+30230ms pp+0788: 00040045 -> 00040185
T+30230ms pp+07ac: 0000002c -> 00000031
T+30230ms pp+07c4: 0000029d -> 000002a2
T+30250ms pp+0714: 000158df -> 00015b11
T+30250ms pp+0718: 0000028e -> 0000028f
T+30250ms pp+0734: 00000028 -> 00000029
T+30250ms pp+073c: 00000266 -> 00000267
T+30250ms pp+0764: 000158df -> 00015b11
T+30250ms pp+0768: 0000028e -> 0000028f
T+30250ms pp+0780: 00000328 -> 00000329
T+30250ms pp+0784: 00040185 -> 000401c5
T+30250ms pp+0788: 00040185 -> 000401c5
T+30250ms pp+07ac: 00000031 -> 00000032
T+30250ms pp+07c4: 000002a2 -> 000002a3
T+30270ms pp+0714: 00015b11 -> 00015f75
T+30270ms pp+0718: 0000028f -> 00000291
T+30270ms pp+0734: 00000029 -> 0000002b
T+30270ms pp+073c: 00000267 -> 00000269
T+30270ms pp+0764: 00015b11 -> 00015f75
T+30270ms pp+0768: 0000028f -> 00000291
T+30270ms pp+0780: 00000329 -> 0000032b
T+30270ms pp+0784: 000401c5 -> 00040245
T+30270ms pp+0788: 000401c5 -> 00040245
T+30270ms pp+07ac: 00000032 -> 00000034
T+30270ms pp+07c4: 000002a3 -> 000002a5
T+30290ms tm+0100: 00000000 -> 00000010
T+30290ms tm+0500: 00000000 -> 00000010
T+30290ms tm+0900: 00000000 -> 00000010
T+30290ms tm+0d00: 00000000 -> 00000010
T+30290ms pp+0714: 00015f75 -> 000163d9
T+30290ms pp+0718: 00000291 -> 00000293
T+30290ms pp+0734: 0000002b -> 0000002d
T+30290ms pp+073c: 00000269 -> 0000026b
T+30290ms pp+0764: 00015f75 -> 000163d9
T+30290ms pp+0768: 00000291 -> 00000293
T+30290ms pp+0780: 0000032b -> 0000032d
T+30290ms pp+0784: 00040245 -> 000402c5
T+30290ms pp+0788: 00040245 -> 000402c5
T+30290ms pp+07ac: 00000034 -> 00000036
T+30290ms pp+07c4: 000002a5 -> 000002a7
T+30310ms pp+0714: 000163d9 -> 0001660b
T+30310ms pp+0718: 00000293 -> 00000294
T+30310ms pp+0734: 0000002d -> 0000002e
T+30310ms pp+073c: 0000026b -> 0000026c
T+30310ms pp+0764: 000163d9 -> 0001660b
T+30310ms pp+0768: 00000293 -> 00000294
T+30310ms pp+0780: 0000032d -> 0000032e
T+30310ms pp+0784: 000402c5 -> 00040305
T+30310ms pp+0788: 000402c5 -> 00040305
T+30310ms pp+07ac: 00000036 -> 00000037
T+30310ms pp+07c4: 000002a7 -> 000002a8
T+30330ms pp+0714: 0001660b -> 00016a6f
T+30330ms pp+0718: 00000294 -> 00000296
T+30330ms pp+0734: 0000002e -> 00000030
T+30330ms pp+073c: 0000026c -> 0000026e
T+30330ms pp+0764: 0001660b -> 00016a6f
T+30330ms pp+0768: 00000294 -> 00000296
T+30330ms pp+0780: 0000032e -> 00000330
T+30330ms pp+0784: 00040305 -> 00040385
T+30330ms pp+0788: 00040305 -> 00040385
T+30330ms pp+07ac: 00000037 -> 00000039
T+30330ms pp+07c4: 000002a8 -> 000002aa
T+30350ms pp+0714: 00016a6f -> 00017337
T+30350ms pp+0718: 00000296 -> 0000029a
T+30350ms pp+0734: 00000030 -> 00000034
T+30350ms pp+073c: 0000026e -> 00000272
T+30350ms pp+0764: 00016a6f -> 00017337
T+30350ms pp+0768: 00000296 -> 0000029a
T+30350ms pp+0780: 00000330 -> 00000334
T+30350ms pp+0784: 00040385 -> 00040485
T+30350ms pp+0788: 00040385 -> 00040485
T+30350ms pp+07ac: 00000039 -> 0000003d
T+30350ms pp+07c4: 000002aa -> 000002ae
T+30370ms tm+0100: 00000010 -> 00000000
T+30370ms tm+0500: 00000010 -> 00000000
T+30370ms tm+0900: 00000010 -> 00000000
T+30370ms tm+0d00: 00000010 -> 00000000
T+30370ms pp+0714: 00017337 -> 00017569
T+30370ms pp+0718: 0000029a -> 0000029b
T+30370ms pp+0734: 00000034 -> 00000035
T+30370ms pp+073c: 00000272 -> 00000273
T+30370ms pp+0764: 00017337 -> 00017569
T+30370ms pp+0768: 0000029a -> 0000029b
T+30370ms pp+0780: 00000334 -> 00000335
T+30370ms pp+0784: 00040485 -> 000404c5
T+30370ms pp+0788: 00040485 -> 000404c5
T+30370ms pp+07ac: 0000003d -> 0000003e
T+30370ms pp+07c4: 000002ae -> 000002af
T+30390ms tm+0100: 00000000 -> 00000010
T+30390ms tm+0500: 00000000 -> 00000010
T+30390ms tm+0900: 00000000 -> 00000010
T+30390ms tm+0d00: 00000000 -> 00000010
T+30390ms pp+0714: 00017569 -> 000179cd
T+30390ms pp+0718: 0000029b -> 0000029d
T+30390ms pp+0734: 00000035 -> 00000037
T+30390ms pp+073c: 00000273 -> 00000275
T+30390ms pp+0764: 00017569 -> 000179cd
T+30390ms pp+0768: 0000029b -> 0000029d
T+30390ms pp+0780: 00000335 -> 00000337
T+30390ms pp+0784: 000404c5 -> 00040545
T+30390ms pp+0788: 000404c5 -> 00040545
T+30390ms pp+07ac: 0000003e -> 00000040
T+30390ms pp+07c4: 000002af -> 000002b1
T+30410ms tm+0100: 00000010 -> 00000000
T+30410ms tm+0500: 00000010 -> 00000000
T+30410ms tm+0900: 00000010 -> 00000000
T+30410ms tm+0d00: 00000010 -> 00000000
T+30410ms pp+0714: 000179cd -> 00017e31
T+30410ms pp+0718: 0000029d -> 0000029f
T+30410ms pp+0734: 00000037 -> 00000039
T+30410ms pp+073c: 00000275 -> 00000277
T+30410ms pp+0764: 000179cd -> 00017e31
T+30410ms pp+0768: 0000029d -> 0000029f
T+30410ms pp+0780: 00000337 -> 00000339
T+30410ms pp+0784: 00040545 -> 000405c5
T+30410ms pp+0788: 00040545 -> 000405c5
T+30410ms pp+07ac: 00000040 -> 00000042
T+30410ms pp+07c4: 000002b1 -> 000002b3
T+30430ms pp+0714: 00017e31 -> 00018295
T+30430ms pp+0718: 0000029f -> 000002a1
T+30430ms pp+0734: 00000039 -> 0000003b
T+30430ms pp+073c: 00000277 -> 00000279
T+30430ms pp+0764: 00017e31 -> 00018295
T+30430ms pp+0768: 0000029f -> 000002a1
T+30430ms pp+0780: 00000339 -> 0000033b
T+30430ms pp+0784: 000405c5 -> 00040645
T+30430ms pp+0788: 000405c5 -> 00040645
T+30430ms pp+07ac: 00000042 -> 00000044
T+30430ms pp+07c4: 000002b3 -> 000002b5
T+30450ms pp+0714: 00018295 -> 000184c7
T+30450ms pp+0718: 000002a1 -> 000002a2
T+30450ms pp+0734: 0000003b -> 0000003c
T+30450ms pp+073c: 00000279 -> 0000027a
T+30450ms pp+0764: 00018295 -> 000184c7
T+30450ms pp+0768: 000002a1 -> 000002a2
T+30450ms pp+0780: 0000033b -> 0000033c
T+30450ms pp+0784: 00040645 -> 00040685
T+30450ms pp+0788: 00040645 -> 00040685
T+30450ms pp+07ac: 00000044 -> 00000045
T+30450ms pp+07c4: 000002b5 -> 000002b6
T+30470ms pp+0714: 000184c7 -> 00018d8f
T+30470ms pp+0718: 000002a2 -> 000002a6
T+30470ms pp+0734: 0000003c -> 00000040
T+30470ms pp+073c: 0000027a -> 0000027e
T+30470ms pp+0764: 000184c7 -> 00018d8f
T+30470ms pp+0768: 000002a2 -> 000002a6
T+30470ms pp+0780: 0000033c -> 00000340
T+30470ms pp+0784: 00040685 -> 00040785
T+30470ms pp+0788: 00040685 -> 00040785
T+30470ms pp+07ac: 00000045 -> 00000049
T+30470ms pp+07c4: 000002b6 -> 000002ba
T+30490ms pp+0714: 00018d8f -> 00019425
T+30490ms pp+0718: 000002a6 -> 000002a9
T+30490ms pp+0734: 00000040 -> 00000043
T+30490ms pp+073c: 0000027e -> 00000281
T+30490ms pp+0764: 00018d8f -> 00019425
T+30490ms pp+0768: 000002a6 -> 000002a9
T+30490ms pp+0780: 00000340 -> 00000343
T+30490ms pp+0784: 00040785 -> 00040845
T+30490ms pp+0788: 00040785 -> 00040845
T+30490ms pp+07ac: 00000049 -> 0000004c
T+30490ms pp+07c4: 000002ba -> 000002bd
T+30510ms pp+0714: 00019425 -> 00019889
T+30510ms pp+0718: 000002a9 -> 000002ab
T+30510ms pp+0734: 00000043 -> 00000045
T+30510ms pp+073c: 00000281 -> 00000283
T+30510ms pp+0764: 00019425 -> 00019889
T+30510ms pp+0768: 000002a9 -> 000002ab
T+30510ms pp+0780: 00000343 -> 00000345
T+30510ms pp+0784: 00040845 -> 000408c5
T+30510ms pp+0788: 00040845 -> 000408c5
T+30510ms pp+07ac: 0000004c -> 0000004e
T+30510ms pp+07c4: 000002bd -> 000002bf
T+30530ms pp+0714: 00019889 -> 00019abb
T+30530ms pp+0718: 000002ab -> 000002ac
T+30530ms pp+0734: 00000045 -> 00000046
T+30530ms pp+073c: 00000283 -> 00000284
T+30530ms pp+0764: 00019889 -> 00019abb
T+30530ms pp+0768: 000002ab -> 000002ac
T+30530ms pp+0780: 00000345 -> 00000346
T+30530ms pp+0784: 000408c5 -> 00040905
T+30530ms pp+0788: 000408c5 -> 00040905
T+30530ms pp+07ac: 0000004e -> 0000004f
T+30530ms pp+07c4: 000002bf -> 000002c0
T+30550ms pp+0714: 00019abb -> 00019f1f
T+30550ms pp+0718: 000002ac -> 000002ae
T+30550ms pp+0734: 00000046 -> 00000048
T+30550ms pp+073c: 00000284 -> 00000286
T+30550ms pp+0764: 00019abb -> 00019f1f
T+30550ms pp+0768: 000002ac -> 000002ae
T+30550ms pp+0780: 00000346 -> 00000348
T+30550ms pp+0784: 00040905 -> 00040985
T+30550ms pp+0788: 00040905 -> 00040985
T+30550ms pp+07ac: 0000004f -> 00000051
T+30550ms pp+07c4: 000002c0 -> 000002c2
T+30570ms pp+0714: 00019f1f -> 0001a383
T+30570ms pp+0718: 000002ae -> 000002b0
T+30570ms pp+0734: 00000048 -> 0000004a
T+30570ms pp+073c: 00000286 -> 00000288
T+30570ms pp+0764: 00019f1f -> 0001a383
T+30570ms pp+0768: 000002ae -> 000002b0
T+30570ms pp+0780: 00000348 -> 0000034a
T+30570ms pp+0784: 00040985 -> 00040a05
T+30570ms pp+0788: 00040985 -> 00040a05
T+30570ms pp+07ac: 00000051 -> 00000053
T+30570ms pp+07c4: 000002c2 -> 000002c4
T+30590ms pp+0714: 0001a383 -> 0001a5b5
T+30590ms pp+0718: 000002b0 -> 000002b1
T+30590ms pp+0734: 0000004a -> 0000004b
T+30590ms pp+073c: 00000288 -> 00000289
T+30590ms pp+0764: 0001a383 -> 0001a5b5
T+30590ms pp+0768: 000002b0 -> 000002b1
T+30590ms pp+0780: 0000034a -> 0000034b
T+30590ms pp+0784: 00040a05 -> 00040a45
T+30590ms pp+0788: 00040a05 -> 00040a45
T+30590ms pp+07ac: 00000053 -> 00000054
T+30590ms pp+07c4: 000002c4 -> 000002c5
T+30610ms pp+0714: 0001a5b5 -> 0001b0af
T+30610ms pp+0718: 000002b1 -> 000002b6
T+30610ms pp+0734: 0000004b -> 00000050
T+30610ms pp+073c: 00000289 -> 0000028e
T+30610ms pp+0764: 0001a5b5 -> 0001b0af
T+30610ms pp+0768: 000002b1 -> 000002b6
T+30610ms pp+0780: 0000034b -> 00000350
T+30610ms pp+0784: 00040a45 -> 00040b85
T+30610ms pp+0788: 00040a45 -> 00040b85
T+30610ms pp+07ac: 00000054 -> 00000059
T+30610ms pp+07c4: 000002c5 -> 000002ca
T+30630ms pp+0714: 0001b0af -> 0001b513
T+30630ms pp+0718: 000002b6 -> 000002b8
T+30630ms pp+0734: 00000050 -> 00000052
T+30630ms pp+073c: 0000028e -> 00000290
T+30630ms pp+0764: 0001b0af -> 0001b513
T+30630ms pp+0768: 000002b6 -> 000002b8
T+30630ms pp+0780: 00000350 -> 00000352
T+30630ms pp+0784: 00040b85 -> 00040c05
T+30630ms pp+0788: 00040b85 -> 00040c05
T+30630ms pp+07ac: 00000059 -> 0000005b
T+30630ms pp+07c4: 000002ca -> 000002cc
T+30650ms pp+0714: 0001b513 -> 0001b977
T+30650ms pp+0718: 000002b8 -> 000002ba
T+30650ms pp+0734: 00000052 -> 00000054
T+30650ms pp+073c: 00000290 -> 00000292
T+30650ms pp+0764: 0001b513 -> 0001b977
T+30650ms pp+0768: 000002b8 -> 000002ba
T+30650ms pp+0780: 00000352 -> 00000354
T+30650ms pp+0784: 00040c05 -> 00040c85
T+30650ms pp+0788: 00040c05 -> 00040c85
T+30650ms pp+07ac: 0000005b -> 0000005d
T+30650ms pp+07c4: 000002cc -> 000002ce
T+30670ms pp+0714: 0001b977 -> 0001bba9
T+30670ms pp+0718: 000002ba -> 000002bb
T+30670ms pp+0734: 00000054 -> 00000055
T+30670ms pp+073c: 00000292 -> 00000293
T+30670ms pp+0764: 0001b977 -> 0001bba9
T+30670ms pp+0768: 000002ba -> 000002bb
T+30670ms pp+0780: 00000354 -> 00000355
T+30670ms pp+0784: 00040c85 -> 00040cc5
T+30670ms pp+0788: 00040c85 -> 00040cc5
T+30670ms pp+07ac: 0000005d -> 0000005e
T+30670ms pp+07c4: 000002ce -> 000002cf
T+30690ms pp+0714: 0001bba9 -> 0001c00d
T+30690ms pp+0718: 000002bb -> 000002bd
T+30690ms pp+0734: 00000055 -> 00000057
T+30690ms pp+073c: 00000293 -> 00000295
T+30690ms pp+0764: 0001bba9 -> 0001c00d
T+30690ms pp+0768: 000002bb -> 000002bd
T+30690ms pp+0780: 00000355 -> 00000357
T+30690ms pp+0784: 00040cc5 -> 00040d45
T+30690ms pp+0788: 00040cc5 -> 00040d45
T+30690ms pp+07ac: 0000005e -> 00000060
T+30690ms pp+07c4: 000002cf -> 000002d1
T+30710ms tm+0500: 00000000 -> 00000002
T+30710ms tm+0504: fffffffc -> ffffffff
T+30710ms tm+0900: 00000000 -> 00000002
T+30710ms tm+0904: fffffffc -> ffffffff
T+30710ms pp+0714: 0001c00d -> 0001c471
T+30710ms pp+0718: 000002bd -> 000002bf
T+30710ms pp+0734: 00000057 -> 00000059
T+30710ms pp+073c: 00000295 -> 00000297
T+30710ms pp+0764: 0001c00d -> 0001c471
T+30710ms pp+0768: 000002bd -> 000002bf
T+30710ms pp+0780: 00000357 -> 00000359
T+30710ms pp+0784: 00040d45 -> 00040dc5
T+30710ms pp+0788: 00040d45 -> 00040dc5
T+30710ms pp+07ac: 00000060 -> 00000062
T+30710ms pp+07c4: 000002d1 -> 000002d3
T+30730ms tm+0500: 00000002 -> 00000000
T+30730ms tm+0504: ffffffff -> fffffffc
T+30730ms tm+0900: 00000002 -> 00000000
T+30730ms tm+0904: ffffffff -> fffffffc
T+30730ms pp+0714: 0001c471 -> 0001cb5d
T+30730ms pp+0718: 000002bf -> 000002c3
T+30730ms pp+0728: 00000081 -> 00000082
T+30730ms pp+0734: 00000059 -> 0000005c
T+30730ms pp+073c: 00000297 -> 0000029b
T+30730ms pp+0764: 0001c471 -> 0001cb5d
T+30730ms pp+0768: 000002bf -> 000002c3
T+30730ms pp+0780: 00000359 -> 0000035d
T+30730ms pp+0784: 00040dc5 -> 00040ec5
T+30730ms pp+0788: 00040dc5 -> 00040ec5
T+30730ms pp+07ac: 00000062 -> 00000066
T+30730ms pp+07c4: 000002d3 -> 000002d7
T+30750ms pp+0714: 0001cb5d -> 0001cbd7
T+30750ms pp+0718: 000002c3 -> 000002c4
T+30750ms pp+0728: 00000082 -> 00000083
T+30750ms pp+073c: 0000029b -> 0000029c
T+30750ms pp+0764: 0001cb5d -> 0001cbd7
T+30750ms pp+0768: 000002c3 -> 000002c4
T+30750ms pp+0780: 0000035d -> 0000035e
T+30750ms pp+0784: 00040ec5 -> 00040f05
T+30750ms pp+0788: 00040ec5 -> 00040f05
T+30750ms pp+07ac: 00000066 -> 00000067
T+30750ms pp+07c4: 000002d7 -> 000002d8
T+30770ms pp+0780: 0000035e -> 0000035f
T+30770ms pp+0784: 00040f05 -> 00040f4b
T+30770ms pp+0788: 00040f05 -> 00040f4b
T+30770ms pp+07b0: 000000fe -> 000000ff
T+30770ms pp+07c4: 000002d8 -> 000002d9
T+32030ms tm+0100: 00000000 -> 00000010
T+32030ms tm+0500: 00000000 -> 00000010
T+32030ms tm+0900: 00000000 -> 00000010
T+32030ms tm+0d00: 00000000 -> 00000010
T+32030ms pp+0714: 0001cbd7 -> 0001ccef
T+32030ms pp+0718: 000002c4 -> 000002c6
T+32030ms pp+0728: 00000083 -> 00000084
T+32030ms pp+072c: 00000061 -> 00000062
T+32030ms pp+073c: 0000029c -> 0000029e
T+32030ms pp+0764: 0001cbd7 -> 0001ccef
T+32030ms pp+0768: 000002c4 -> 000002c6
T+32030ms pp+0780: 0000035f -> 00000361
T+32030ms pp+0784: 00040f4b -> 0004102f
T+32030ms pp+0788: 00040f4b -> 0004102f
T+32030ms pp+07b0: 000000ff -> 00000100
T+32030ms pp+07b4: 00000085 -> 00000086
T+32030ms pp+07c4: 000002d9 -> 000002db
T+32050ms tm+0100: 00000010 -> 00000000
T+32050ms tm+0500: 00000010 -> 00000000
T+32050ms tm+0900: 00000010 -> 00000000
T+32050ms tm+0d00: 00000010 -> 00000000
T+32050ms pp+0714: 0001ccef -> 0001ce1f
T+32050ms pp+0718: 000002c6 -> 000002ca
T+32050ms pp+0728: 00000084 -> 00000088
T+32050ms pp+073c: 0000029e -> 000002a2
T+32050ms pp+0764: 0001ccef -> 0001ce1f
T+32050ms pp+0768: 000002c6 -> 000002ca
T+32050ms pp+0780: 00000361 -> 00000366
T+32050ms pp+0784: 0004102f -> 000411f5
T+32050ms pp+0788: 0004102f -> 000411f5
T+32050ms pp+07b0: 00000100 -> 00000104
T+32050ms pp+07b4: 00000086 -> 00000087
T+32050ms pp+07c4: 000002db -> 000002e0
T+34190ms pp+0780: 00000366 -> 00000367
T+34190ms pp+0784: 000411f5 -> 000412cb
T+34190ms pp+0788: 000411f5 -> 000412cb
T+34190ms pp+0790: 0000005f -> 00000060
T+34190ms pp+07b4: 00000087 -> 00000088
T+35210ms pp+0780: 00000367 -> 00000368
T+35210ms pp+0784: 000412cb -> 000413a1
T+35210ms pp+0788: 000412cb -> 000413a1
T+35210ms pp+0790: 00000060 -> 00000061
T+35210ms pp+07b4: 00000088 -> 00000089
T+36200ms pp+0780: 00000368 -> 00000369
T+36200ms pp+0784: 000413a1 -> 00041477
T+36200ms pp+0788: 000413a1 -> 00041477
T+36200ms pp+0790: 00000061 -> 00000062
T+36200ms pp+07b4: 00000089 -> 0000008a
T+37200ms pp+0780: 00000369 -> 0000036a
T+37200ms pp+0784: 00041477 -> 0004154d
T+37200ms pp+0788: 00041477 -> 0004154d
T+37200ms pp+0790: 00000062 -> 00000063
T+37200ms pp+07b4: 0000008a -> 0000008b
T+39520ms pp+0780: 0000036a -> 0000036b
T+39520ms pp+0784: 0004154d -> 000415a7
T+39520ms pp+0788: 0004154d -> 000415a7
T+39520ms pp+078c: 00000027 -> 00000028
T+39520ms pp+07b0: 00000104 -> 00000105
T+45420ms pp+0714: 0001ce1f -> 0001cefc
T+45420ms pp+0718: 000002ca -> 000002cb
T+45420ms pp+0720: 00000025 -> 00000026
T+45420ms pp+072c: 00000062 -> 00000063
T+45420ms pp+0740: 00000025 -> 00000026
T+45420ms pp+0764: 0001ce1f -> 0001cefc
T+45420ms pp+0768: 000002ca -> 000002cb
T+69520ms pp+0780: 0000036b -> 0000036c
T+69520ms pp+0784: 000415a7 -> 00041601
T+69520ms pp+0788: 000415a7 -> 00041601
T+69520ms pp+078c: 00000028 -> 00000029
T+69520ms pp+07b0: 00000105 -> 00000106
T+99520ms pp+0780: 0000036c -> 0000036d
T+99520ms pp+0784: 00041601 -> 0004165b
T+99520ms pp+0788: 00041601 -> 0004165b
T+99520ms pp+078c: 00000029 -> 0000002a
T+99520ms pp+07b0: 00000106 -> 00000107
T+105460ms pp+0714: 0001cefc -> 0001cfd9
T+105460ms pp+0718: 000002cb -> 000002cc
T+105460ms pp+0720: 00000026 -> 00000027
T+105460ms pp+072c: 00000063 -> 00000064
T+105460ms pp+0740: 00000026 -> 00000027
T+105460ms pp+0764: 0001cefc -> 0001cfd9
T+105460ms pp+0768: 000002cb -> 000002cc
T+129560ms pp+0780: 0000036d -> 0000036e
T+129560ms pp+0784: 0004165b -> 000416b5
T+129560ms pp+0788: 0004165b -> 000416b5
T+129560ms pp+078c: 0000002a -> 0000002b
T+129560ms pp+07b0: 00000107 -> 00000108
T+144370ms pp+0780: 0000036e -> 00000370
T+144370ms pp+0784: 000416b5 -> 0004177f
T+144370ms pp+0788: 000416b5 -> 0004177f
T+144370ms pp+0790: 00000063 -> 00000065
T+144370ms pp+07b0: 00000108 -> 0000010a
T+144450ms pp+0780: 00000370 -> 00000371
T+144450ms pp+0784: 0004177f -> 0004182a
T+144450ms pp+0788: 0004177f -> 0004182a
T+144450ms pp+0790: 00000065 -> 00000066
T+144450ms pp+07b4: 0000008b -> 0000008c
T+152010ms pp+0714: 0001cfd9 -> 0001d0cd
T+152010ms pp+0718: 000002cc -> 000002cf
T+152010ms pp+0728: 00000088 -> 0000008b
T+152010ms pp+073c: 000002a2 -> 000002a5
T+152010ms pp+0764: 0001cfd9 -> 0001d0cd
T+152010ms pp+0768: 000002cc -> 000002cf
T+152010ms pp+0780: 00000371 -> 00000374
T+152010ms pp+0784: 0004182a -> 0004192f
T+152010ms pp+0788: 0004182a -> 0004192f
T+152010ms pp+07b0: 0000010a -> 0000010d
T+152010ms pp+07c4: 000002e0 -> 000002e3
T+152030ms pp+0714: 0001d0cd -> 0001d391
T+152030ms pp+0718: 000002cf -> 000002d1
T+152030ms pp+0728: 0000008b -> 0000008c
T+152030ms pp+0734: 0000005c -> 0000005d
T+152030ms pp+073c: 000002a5 -> 000002a7
T+152030ms pp+0764: 0001d0cd -> 0001d391
T+152030ms pp+0768: 000002cf -> 000002d1
T+152030ms pp+0780: 00000374 -> 00000377
T+152030ms pp+0784: 0004192f -> 00042001
T+152030ms pp+0788: 0004192f -> 00042001
T+152030ms pp+07b0: 0000010d -> 0000010e
T+152030ms pp+07b4: 0000008c -> 0000008d
T+152030ms pp+07c0: 00000007 -> 00000008
T+152030ms pp+07c4: 000002e3 -> 000002e6
T+152050ms pp+0780: 00000377 -> 00000378
T+152050ms pp+0784: 00042001 -> 00042077
T+152050ms pp+0788: 00042001 -> 00042077
T+152050ms pp+07b0: 0000010e -> 0000010f
T+152050ms pp+07c4: 000002e6 -> 000002e7
T+152070ms pp+0714: 0001d391 -> 0001d3d7
T+152070ms pp+0718: 000002d1 -> 000002d2
T+152070ms pp+0728: 0000008c -> 0000008d
T+152070ms pp+073c: 000002a7 -> 000002a8
T+152070ms pp+0764: 0001d391 -> 0001d3d7
T+152070ms pp+0768: 000002d1 -> 000002d2
T+152230ms pp+0714: 0001d3d7 -> 0001d5a5
T+152230ms pp+0718: 000002d2 -> 000002d3
T+152230ms pp+0730: 0000000f -> 00000010
T+152230ms pp+073c: 000002a8 -> 000002a9
T+152230ms pp+0764: 0001d3d7 -> 0001d5a5
T+152230ms pp+0768: 000002d2 -> 000002d3
T+152230ms pp+0780: 00000378 -> 00000379
T+152230ms pp+0784: 00042077 -> 000420cd
T+152230ms pp+0788: 00042077 -> 000420cd
T+152230ms pp+07b0: 0000010f -> 00000110
T+152230ms pp+07c4: 000002e7 -> 000002e8
T+152250ms pp+0714: 0001d5a5 -> 0001d675
T+152250ms pp+0718: 000002d3 -> 000002d5
T+152250ms pp+0728: 0000008d -> 0000008f
T+152250ms pp+073c: 000002a9 -> 000002ab
T+152250ms pp+0764: 0001d5a5 -> 0001d675
T+152250ms pp+0768: 000002d3 -> 000002d5
T+152250ms pp+0780: 00000379 -> 0000037a
T+152250ms pp+0784: 000420cd -> 00042147
T+152250ms pp+0788: 000420cd -> 00042147
T+152250ms pp+07b0: 00000110 -> 00000111
T+152250ms pp+07c4: 000002e8 -> 000002e9
T+152270ms pp+0714: 0001d675 -> 0001d6ef
T+152270ms pp+0718: 000002d5 -> 000002d6
T+152270ms pp+0728: 0000008f -> 00000090
T+152270ms pp+073c: 000002ab -> 000002ac
T+152270ms pp+0764: 0001d675 -> 0001d6ef
T+152270ms pp+0768: 000002d5 -> 000002d6
T+152270ms pp+0780: 0000037a -> 0000037b
T+152270ms pp+0784: 00042147 -> 000421d1
T+152270ms pp+0788: 00042147 -> 000421d1
T+152270ms pp+07b4: 0000008d -> 0000008e
T+152270ms pp+07c4: 000002e9 -> 000002ea
T+152290ms tm+0100: 00000000 -> 00000010
T+152290ms tm+0500: 00000000 -> 00000010
T+152290ms tm+0900: 00000000 -> 00000010
T+152290ms tm+0d00: 00000000 -> 00000010
T+152290ms pp+0714: 0001d6ef -> 0001d7d3
T+152290ms pp+0718: 000002d6 -> 000002d8
T+152290ms pp+0728: 00000090 -> 00000092
T+152290ms pp+073c: 000002ac -> 000002ae
T+152290ms pp+0764: 0001d6ef -> 0001d7d3
T+152290ms pp+0768: 000002d6 -> 000002d8
T+152290ms pp+0780: 0000037b -> 0000037d
T+152290ms pp+0784: 000421d1 -> 00042335
T+152290ms pp+0788: 000421d1 -> 00042335
T+152290ms pp+07b4: 0000008e -> 00000090
T+152290ms pp+07c4: 000002ea -> 000002ec
T+152310ms tm+0100: 00000010 -> 00000000
T+152310ms tm+0500: 00000010 -> 00000000
T+152310ms tm+0900: 00000010 -> 00000000
T+152310ms tm+0d00: 00000010 -> 00000000
T+152310ms pp+0714: 0001d7d3 -> 0001d83d
T+152310ms pp+0718: 000002d8 -> 000002d9
T+152310ms pp+0728: 00000092 -> 00000093
T+152310ms pp+073c: 000002ae -> 000002af
T+152310ms pp+0764: 0001d7d3 -> 0001d83d
T+152310ms pp+0768: 000002d8 -> 000002d9
T+152310ms pp+0780: 0000037d -> 0000037e
T+152310ms pp+0784: 00042335 -> 0004249b
T+152310ms pp+0788: 00042335 -> 0004249b
T+152310ms pp+07b8: 00000006 -> 00000007
T+152310ms pp+07c4: 000002ec -> 000002ed
T+152370ms pp+0714: 0001d83d -> 0001d9b3
T+152370ms pp+0718: 000002d9 -> 000002da
T+152370ms pp+0730: 00000010 -> 00000011
T+152370ms pp+073c: 000002af -> 000002b0
T+152370ms pp+0764: 0001d83d -> 0001d9b3
T+152370ms pp+0768: 000002d9 -> 000002da
T+152370ms pp+0780: 0000037e -> 00000380
T+152370ms pp+0784: 0004249b -> 00042527
T+152370ms pp+0788: 0004249b -> 00042527
T+152370ms pp+07b0: 00000111 -> 00000113
T+152370ms pp+07c4: 000002ed -> 000002ef
T+153990ms pp+0780: 00000380 -> 00000381
T+153990ms pp+0784: 00042527 -> 000425a1
T+153990ms pp+0788: 00042527 -> 000425a1
T+153990ms pp+07b0: 00000113 -> 00000114
T+153990ms pp+07c4: 000002ef -> 000002f0
T+154010ms pp+0714: 0001d9b3 -> 0001db0b
T+154010ms pp+0718: 000002da -> 000002dc
T+154010ms pp+072c: 00000064 -> 00000066
T+154010ms pp+073c: 000002b0 -> 000002b2
T+154010ms pp+0764: 0001d9b3 -> 0001db0b
T+154010ms pp+0768: 000002da -> 000002dc
T+154010ms pp+0780: 00000381 -> 00000382
T+154010ms pp+0784: 000425a1 -> 000425e7
T+154010ms pp+0788: 000425a1 -> 000425e7
T+154010ms pp+07b0: 00000114 -> 00000115
T+154010ms pp+07c4: 000002f0 -> 000002f1
T+154030ms pp+0780: 00000382 -> 00000383
T+154030ms pp+0784: 000425e7 -> 0004262d
T+154030ms pp+0788: 000425e7 -> 0004262d
T+154030ms pp+07b0: 00000115 -> 00000116
T+154030ms pp+07c4: 000002f1 -> 000002f2
T+154210ms pp+0780: 00000383 -> 00000384
T+154210ms pp+0784: 0004262d -> 00042703
T+154210ms pp+0788: 0004262d -> 00042703
T+154210ms pp+0790: 00000066 -> 00000067
T+154210ms pp+07b4: 00000090 -> 00000091
T+155210ms pp+0780: 00000384 -> 00000385
T+155210ms pp+0784: 00042703 -> 000427d9
T+155210ms pp+0788: 00042703 -> 000427d9
T+155210ms pp+0790: 00000067 -> 00000068
T+155210ms pp+07b4: 00000091 -> 00000092
T+155990ms pp+0780: 00000385 -> 00000386
T+155990ms pp+0784: 000427d9 -> 00042883
T+155990ms pp+0788: 000427d9 -> 00042883
T+155990ms pp+07b4: 00000092 -> 00000093
T+155990ms pp+07c4: 000002f2 -> 000002f3
T+156010ms pp+0714: 0001db0b -> 0001dd2b
T+156010ms pp+0718: 000002dc -> 000002de
T+156010ms pp+072c: 00000066 -> 00000067
T+156010ms pp+0730: 00000011 -> 00000012
T+156010ms pp+073c: 000002b2 -> 000002b4
T+156010ms pp+0764: 0001db0b -> 0001dd2b
T+156010ms pp+0768: 000002dc -> 000002de
T+156010ms pp+0780: 00000386 -> 00000387
T+156010ms pp+0784: 00042883 -> 000428c9
T+156010ms pp+0788: 00042883 -> 000428c9
T+156010ms pp+07b0: 00000116 -> 00000117
T+156010ms pp+07c4: 000002f3 -> 000002f4
T+156030ms pp+0780: 00000387 -> 00000388
T+156030ms pp+0784: 000428c9 -> 0004290f
T+156030ms pp+0788: 000428c9 -> 0004290f
T+156030ms pp+07b0: 00000117 -> 00000118
T+156030ms pp+07c4: 000002f4 -> 000002f5
T+156210ms pp+0780: 00000388 -> 00000389
T+156210ms pp+0784: 0004290f -> 000429e5
T+156210ms pp+0788: 0004290f -> 000429e5
T+156210ms pp+0790: 00000068 -> 00000069
T+156210ms pp+07b4: 00000093 -> 00000094
T+157200ms pp+0780: 00000389 -> 0000038a
T+157200ms pp+0784: 000429e5 -> 00042abb
T+157200ms pp+0788: 000429e5 -> 00042abb
T+157200ms pp+0790: 00000069 -> 0000006a
T+157200ms pp+07b4: 00000094 -> 00000095
T+158000ms tm+0100: 00000000 -> 00000010
T+158000ms tm+0500: 00000000 -> 00000010
T+158000ms tm+0900: 00000000 -> 00000010
T+158000ms tm+0d00: 00000000 -> 00000010
T+158000ms pp+0714: 0001dd2b -> 0001de2f
T+158000ms pp+0718: 000002de -> 000002e0
T+158000ms pp+0728: 00000093 -> 00000094
T+158000ms pp+072c: 00000067 -> 00000068
T+158000ms pp+073c: 000002b4 -> 000002b6
T+158000ms pp+0764: 0001dd2b -> 0001de2f
T+158000ms pp+0768: 000002de -> 000002e0
T+158000ms pp+0780: 0000038a -> 0000038b
T+158000ms pp+0784: 00042abb -> 00042b35
T+158000ms pp+0788: 00042abb -> 00042b35
T+158000ms pp+07b0: 00000118 -> 00000119
T+158000ms pp+07c4: 000002f5 -> 000002f6
T+158020ms tm+0100: 00000010 -> 00000000
T+158020ms tm+0500: 00000010 -> 00000000
T+158020ms tm+0900: 00000010 -> 00000000
T+158020ms tm+0d00: 00000010 -> 00000000
T+158020ms pp+0714: 0001de2f -> 0001debb
T+158020ms pp+0718: 000002e0 -> 000002e2
T+158020ms pp+0728: 00000094 -> 00000096
T+158020ms pp+073c: 000002b6 -> 000002b8
T+158020ms pp+0764: 0001de2f -> 0001debb
T+158020ms pp+0768: 000002e0 -> 000002e2
T+158020ms pp+0780: 0000038b -> 0000038e
T+158020ms pp+0784: 00042b35 -> 00042c01
T+158020ms pp+0788: 00042b35 -> 00042c01
T+158020ms pp+07ac: 00000067 -> 00000068
T+158020ms pp+07b0: 00000119 -> 0000011b
T+158020ms pp+07c4: 000002f6 -> 000002f9
T+159560ms pp+0780: 0000038e -> 0000038f
T+159560ms pp+0784: 00042c01 -> 00042c5b
T+159560ms pp+0788: 00042c01 -> 00042c5b
T+159560ms pp+078c: 0000002b -> 0000002c
T+159560ms pp+07b0: 0000011b -> 0000011c
T+165500ms pp+0714: 0001debb -> 0001df98
T+165500ms pp+0718: 000002e2 -> 000002e3
T+165500ms pp+0720: 00000027 -> 00000028
T+165500ms pp+072c: 00000068 -> 00000069
T+165500ms pp+0740: 00000027 -> 00000028
T+165500ms pp+0764: 0001debb -> 0001df98
T+165500ms pp+0768: 000002e2 -> 000002e3
T+189560ms pp+0780: 0000038f -> 00000390
T+189560ms pp+0784: 00042c5b -> 00042cb5
T+189560ms pp+0788: 00042c5b -> 00042cb5
T+189560ms pp+078c: 0000002c -> 0000002d
T+189560ms pp+07b0: 0000011c -> 0000011d
T+202900ms tm+0900: 00000000 -> 00000002
T+202900ms tm+0904: fffffffc -> ffffffff
T+202900ms tm+0d00: 00000000 -> 00000002
T+202900ms tm+0d04: fffffffc -> ffffffff
T+202900ms pp+0714: 0001df98 -> 0001dfe6
T+202900ms pp+0718: 000002e3 -> 000002e4
T+202900ms pp+0728: 00000096 -> 00000097
T+202900ms pp+073c: 000002b8 -> 000002b9
T+202900ms pp+0764: 0001df98 -> 0001dfe6
T+202900ms pp+0768: 000002e3 -> 000002e4
T+202900ms pp+0780: 00000390 -> 00000391
T+202900ms pp+0784: 00042cb5 -> 00042d03
T+202900ms pp+0788: 00042cb5 -> 00042d03
T+202900ms pp+07b0: 0000011d -> 0000011e
T+202900ms pp+07c4: 000002f9 -> 000002fa
T+202920ms tm+0900: 00000002 -> 00000000
T+202920ms tm+0904: ffffffff -> fffffffc
T+202920ms tm+0d00: 00000002 -> 00000000
T+202920ms tm+0d04: ffffffff -> fffffffc
T+202920ms pp+0714: 0001dfe6 -> 0001e08c
T+202920ms pp+0718: 000002e4 -> 000002e6
T+202920ms pp+0728: 00000097 -> 00000099
T+202920ms pp+073c: 000002b9 -> 000002bb
T+202920ms pp+0764: 0001dfe6 -> 0001e08c
T+202920ms pp+0768: 000002e4 -> 000002e6
T+202920ms pp+0780: 00000391 -> 00000393
T+202920ms pp+0784: 00042d03 -> 00042dba
T+202920ms pp+0788: 00042d03 -> 00042dba
T+202920ms pp+07b0: 0000011e -> 00000120
T+202920ms pp+07c4: 000002fa -> 000002fc
T+202940ms pp+0714: 0001e08c -> 0001e350
T+202940ms pp+0718: 000002e6 -> 000002e8
T+202940ms pp+0728: 00000099 -> 0000009a
T+202940ms pp+0734: 0000005d -> 0000005e
T+202940ms pp+073c: 000002bb -> 000002bd
T+202940ms pp+0764: 0001e08c -> 0001e350
T+202940ms pp+0768: 000002e6 -> 000002e8
T+202940ms pp+0780: 00000393 -> 00000396
T+202940ms pp+0784: 00042dba -> 0004348c
T+202940ms pp+0788: 00042dba -> 0004348c
T+202940ms pp+07b0: 00000120 -> 00000121
T+202940ms pp+07b4: 00000095 -> 00000096
T+202940ms pp+07c0: 00000008 -> 00000009
T+202940ms pp+07c4: 000002fc -> 000002ff
T+202960ms pp+0780: 00000396 -> 00000397
T+202960ms pp+0784: 0004348c -> 00043502
T+202960ms pp+0788: 0004348c -> 00043502
T+202960ms pp+07b0: 00000121 -> 00000122
T+202960ms pp+07c4: 000002ff -> 00000300
T+202980ms pp+0714: 0001e350 -> 0001e396
T+202980ms pp+0718: 000002e8 -> 000002e9
T+202980ms pp+0728: 0000009a -> 0000009b
T+202980ms pp+073c: 000002bd -> 000002be
T+202980ms pp+0764: 0001e350 -> 0001e396
T+202980ms pp+0768: 000002e8 -> 000002e9
T+203120ms tm+0100: 00000000 -> 00000010
T+203120ms tm+0500: 00000000 -> 00000010
T+203120ms tm+0900: 00000000 -> 00000010
T+203120ms tm+0d00: 00000000 -> 00000010
T+203120ms pp+0714: 0001e396 -> 0001e564
T+203120ms pp+0718: 000002e9 -> 000002ea
T+203120ms pp+0730: 00000012 -> 00000013
T+203120ms pp+073c: 000002be -> 000002bf
T+203120ms pp+0764: 0001e396 -> 0001e564
T+203120ms pp+0768: 000002e9 -> 000002ea
T+203140ms tm+0100: 00000010 -> 00000000
T+203140ms tm+0500: 00000010 -> 00000000
T+203140ms tm+0900: 00000010 -> 00000000
T+203140ms tm+0d00: 00000010 -> 00000000
T+203140ms pp+0714: 0001e564 -> 0001e634
T+203140ms pp+0718: 000002ea -> 000002ec
T+203140ms pp+0728: 0000009b -> 0000009d
T+203140ms pp+073c: 000002bf -> 000002c1
T+203140ms pp+0764: 0001e564 -> 0001e634
T+203140ms pp+0768: 000002ea -> 000002ec
T+203140ms pp+0780: 00000397 -> 00000399
T+203140ms pp+0784: 00043502 -> 000435d2
T+203140ms pp+0788: 00043502 -> 000435d2
T+203140ms pp+07b0: 00000122 -> 00000124
T+203140ms pp+07c4: 00000300 -> 00000302
T+203160ms tm+0100: 00000000 -> 00000010
T+203160ms tm+0500: 00000000 -> 00000010
T+203160ms tm+0900: 00000000 -> 00000010
T+203160ms tm+0d00: 00000000 -> 00000010
T+203160ms pp+0714: 0001e634 -> 0001e718
T+203160ms pp+0718: 000002ec -> 000002ee
T+203160ms pp+0728: 0000009d -> 0000009f
T+203160ms pp+073c: 000002c1 -> 000002c3
T+203160ms pp+0764: 0001e634 -> 0001e718
T+203160ms pp+0768: 000002ec -> 000002ee
T+203160ms pp+0780: 00000399 -> 0000039b
T+203160ms pp+0784: 000435d2 -> 00043736
T+203160ms pp+0788: 000435d2 -> 00043736
T+203160ms pp+07b4: 00000096 -> 00000098
T+203160ms pp+07c4: 00000302 -> 00000304
T+203180ms tm+0100: 00000010 -> 00000000
T+203180ms tm+0500: 00000010 -> 00000000
T+203180ms tm+0900: 00000010 -> 00000000
T+203180ms tm+0d00: 00000010 -> 00000000
T+203180ms pp+0714: 0001e718 -> 0001e792
T+203180ms pp+0718: 000002ee -> 000002ef
T+203180ms pp+0728: 0000009f -> 000000a0
T+203180ms pp+073c: 000002c3 -> 000002c4
T+203180ms pp+0764: 0001e718 -> 0001e792
T+203180ms pp+0768: 000002ee -> 000002ef
T+203180ms pp+0780: 0000039b -> 0000039c
T+203180ms pp+0784: 00043736 -> 000437c0
T+203180ms pp+0788: 00043736 -> 000437c0
T+203180ms pp+07b4: 00000098 -> 00000099
T+203180ms pp+07c4: 00000304 -> 00000305
T+203200ms pp+0714: 0001e792 -> 0001e7fc
T+203200ms pp+0718: 000002ef -> 000002f0
T+203200ms pp+0728: 000000a0 -> 000000a1
T+203200ms pp+073c: 000002c4 -> 000002c5
T+203200ms pp+0764: 0001e792 -> 0001e7fc
T+203200ms pp+0768: 000002ef -> 000002f0
T+203200ms pp+0780: 0000039c -> 0000039d
T+203200ms pp+0784: 000437c0 -> 00043926
T+203200ms pp+0788: 000437c0 -> 00043926
T+203200ms pp+07b8: 00000007 -> 00000008
T+203200ms pp+07c4: 00000305 -> 00000306
T+203240ms pp+0714: 0001e7fc -> 0001e972
T+203240ms pp+0718: 000002f0 -> 000002f1
T+203240ms pp+0730: 00000013 -> 00000014
T+203240ms pp+073c: 000002c5 -> 000002c6
T+203240ms pp+0764: 0001e7fc -> 0001e972
T+203240ms pp+0768: 000002f0 -> 000002f1
T+203240ms pp+0780: 0000039d -> 0000039e
T+203240ms pp+0784: 00043926 -> 0004396c
T+203240ms pp+0788: 00043926 -> 0004396c
T+203240ms pp+07b0: 00000124 -> 00000125
T+203240ms pp+07c4: 00000306 -> 00000307
T+203260ms pp+0780: 0000039e -> 0000039f
T+203260ms pp+0784: 0004396c -> 000439b2
T+203260ms pp+0788: 0004396c -> 000439b2
T+203260ms pp+07b0: 00000125 -> 00000126
T+203260ms pp+07c4: 00000307 -> 00000308
T+204900ms tm+0100: 00000000 -> 00000010
T+204900ms tm+0500: 00000000 -> 00000010
T+204900ms tm+0900: 00000000 -> 00000010
T+204900ms tm+0d00: 00000000 -> 00000010
T+204900ms pp+0714: 0001e972 -> 0001e9fc
T+204900ms pp+0718: 000002f1 -> 000002f2
T+204900ms pp+072c: 00000069 -> 0000006a
T+204900ms pp+073c: 000002c6 -> 000002c7
T+204900ms pp+0764: 0001e972 -> 0001e9fc
T+204900ms pp+0768: 000002f1 -> 000002f2
T+204900ms pp+0780: 0000039f -> 000003a0
T+204900ms pp+0784: 000439b2 -> 00043a3c
T+204900ms pp+0788: 000439b2 -> 00043a3c
T+204900ms pp+07b4: 00000099 -> 0000009a
T+204900ms pp+07c4: 00000308 -> 00000309
regtrace: unloaded
regtrace: mapped topcrm phys=94000000 virt=f0400000 size=4096
regtrace: mapped tm phys=92340000 virt=f4340000 size=4096
regtrace: mapped npp phys=921c0000 virt=f41c0000 size=4096
regtrace: mapped pp phys=92200000 virt=f4200000 size=4096
regtrace: mapped cla phys=92300000 virt=f4300000 size=4096
regtrace: mapped sw phys=92400000 virt=d2ac0000 size=4096
regtrace: ready, write 1 to /proc/regtrace to start
regtrace: ==== FULL DUMP ====
topcrm+0004: 000001fb
topcrm+0008: 1ff7ffff
topcrm+000c: 005179e0
topcrm+0010: 0000b114
topcrm+0014: cffffbf7
topcrm+0018: 00040a09
topcrm+001c: 10000000
topcrm+0020: 0004142a
topcrm+0024: 10000000
topcrm+0028: 000409ec
topcrm+002c: 15525460
topcrm+0030: 000409d9
topcrm+0034: 10f5c28f
topcrm+0038: 00000303
topcrm+0040: 000000d5
topcrm+0048: 0ffedfff
topcrm+004c: 0003cfff
topcrm+0050: 08040ca2
topcrm+0054: 14000000
tm+0000: 00000140
tm+0004: 00000010
tm+00e8: 4e700000
tm+00ec: 4e710000
tm+00f0: 4ff1f000
tm+00f4: 4ec20000
tm+00f8: 4fe20000
tm+00fc: 28000900
tm+0104: fffffffc
tm+0124: 03ffffff
tm+012c: 00001fff
tm+0134: 001fffff
tm+0400: 00000140
tm+0404: 00000010
tm+04e8: 4e700000
tm+04ec: 4e710000
tm+04f0: 4ff1f000
tm+04f4: 4ec20000
tm+04f8: 4fe20000
tm+04fc: 28000900
tm+0504: fffffffc
tm+0524: 03ffffff
tm+052c: 00001fff
tm+0534: 001fffff
tm+0800: 00000140
tm+0804: 00000010
tm+08e8: 4e700000
tm+08ec: 4e710000
tm+08f0: 4ff1f000
tm+08f4: 4ec20000
tm+08f8: 4fe20000
tm+08fc: 28000900
tm+0904: fffffffc
tm+0924: 03ffffff
tm+092c: 00001fff
tm+0934: 001fffff
tm+0c00: 00000140
tm+0c04: 00000010
tm+0ce8: 4e700000
tm+0cec: 4e710000
tm+0cf0: 4ff1f000
tm+0cf4: 4ec20000
tm+0cf8: 4fe20000
tm+0cfc: 28000900
tm+0d04: fffffffc
tm+0d24: 03ffffff
tm+0d2c: 00001fff
tm+0d34: 001fffff
npp+0004: ffffffff
npp+000c: 0003ffff
npp+0060: 00201000
npp+0064: 00201000
npp+0068: 00201000
npp+006c: 00201000
npp+0070: 00a01000
npp+0114: 00000004
npp+0184: 07d00001
npp+0188: 00007654
npp+018c: 00007530
npp+0190: 0000c350
npp+0194: 00013880
npp+0198: 000186a0
npp+019c: 000186a0
npp+01a0: 00030d40
npp+01a4: 000249f0
npp+01a8: 000249f0
npp+01ac: 000493e0
npp+01b0: 000186a0
npp+01b4: 00000003
npp+0404: ffffffff
npp+040c: 0003ffff
npp+0460: 00201000
npp+0464: 00201000
npp+0468: 00201000
npp+046c: 00201000
npp+0470: 00a01000
npp+0514: 00000004
npp+0584: 07d00001
npp+0588: 00007654
npp+058c: 00007530
npp+0590: 0000c350
npp+0594: 00013880
npp+0598: 000186a0
npp+059c: 000186a0
npp+05a0: 00030d40
npp+05a4: 000249f0
npp+05a8: 000249f0
npp+05ac: 000493e0
npp+05b0: 000186a0
npp+05b4: 00000003
npp+0804: ffffffff
npp+080c: 0003ffff
npp+0860: 00201000
npp+0864: 00201000
npp+0868: 00201000
npp+086c: 00201000
npp+0870: 00a01000
npp+0914: 00000004
npp+0984: 07d00001
npp+0988: 00007654
npp+098c: 00007530
npp+0990: 0000c350
npp+0994: 00013880
npp+0998: 000186a0
npp+099c: 000186a0
npp+09a0: 00030d40
npp+09a4: 000249f0
npp+09a8: 000249f0
npp+09ac: 000493e0
npp+09b0: 000186a0
npp+09b4: 00000003
npp+0c04: ffffffff
npp+0c0c: 0003ffff
npp+0c60: 00201000
npp+0c64: 00201000
npp+0c68: 00201000
npp+0c6c: 00201000
npp+0c70: 00a01000
npp+0d14: 00000004
npp+0d84: 07d00001
npp+0d88: 00007654
npp+0d8c: 00007530
npp+0d90: 0000c350
npp+0d94: 00013880
npp+0d98: 000186a0
npp+0d9c: 000186a0
npp+0da0: 00030d40
npp+0da4: 000249f0
npp+0da8: 000249f0
npp+0dac: 000493e0
npp+0db0: 000186a0
npp+0db4: 00000003
pp+0000: 00ba6003
pp+0004: 00003fff
pp+0008: 80000001
pp+00d4: 03e80000
pp+00dc: 00000063
pp+0110: 00001142
pp+011c: 0401710f
pp+0120: 00800800
pp+0300: 8000ffff
pp+0304: ffffffff
pp+0714: 00021c85
pp+0718: 000003b4
pp+071c: 00000003
pp+0720: 00000029
pp+0724: 0000022c
pp+0728: 000000a6
pp+072c: 0000006d
pp+0730: 00000014
pp+0734: 0000005e
pp+0738: 00000003
pp+073c: 00000388
pp+0740: 00000029
pp+0744: 00000003
pp+0764: 00021c85
pp+0768: 000003b4
pp+0780: 00000465
pp+0784: 0005d4e0
pp+0788: 0005d4e0
pp+078c: 0000002d
pp+0790: 0000006a
pp+07ac: 00000069
pp+07b0: 0000012d
pp+07b4: 0000009e
pp+07b8: 00000008
pp+07bc: 00000220
pp+07c0: 00000009
pp+07c4: 000003ce
pp+0b00: 00002000
cla+0070: ffff0000
cla+00d4: 03e80000
cla+00dc: 00000063
cla+00e4: 00000008
cla+0110: 00001142
cla+011c: 1401710f
cla+0120: 00800800
cla+0300: 8000ffff
cla+0304: ffffffff
cla+0b00: 00002000
regtrace: ==== DUMP END ====
