T+109460ms tm+0900: 00000010 -> 00000000
T+109460ms tm+0d00: 00000010 -> 00000000
T+109460ms pp+0714: 00016391 -> 0001640b
T+109460ms pp+0718: 00000262 -> 00000263
T+109460ms pp+0728: 00000059 -> 0000005a
T+109460ms pp+073c: 00000240 -> 00000241
T+109460ms pp+0764: 00016391 -> 0001640b
T+109460ms pp+0768: 00000262 -> 00000263
T+109460ms pp+0780: 000002b6 -> 000002b7
T+109460ms pp+0784: 0003be4d -> 0003be93
T+109460ms pp+0788: 0003be4d -> 0003be93
T+109460ms pp+07b0: 0000009f -> 000000a0
T+109460ms pp+07c4: 0000026a -> 0000026b
T+109480ms pp+0780: 000002b7 -> 000002b8
T+109480ms pp+0784: 0003be93 -> 0003bed9
T+109480ms pp+0788: 0003be93 -> 0003bed9
T+109480ms pp+07b0: 000000a0 -> 000000a1
T+109480ms pp+07c4: 0000026b -> 0000026c
T+111460ms pp+0714: 0001640b -> 00016553
T+111460ms pp+0718: 00000263 -> 00000265
T+111460ms pp+072c: 0000003f -> 00000041
T+111460ms pp+073c: 00000241 -> 00000243
T+111460ms pp+0764: 0001640b -> 00016553
T+111460ms pp+0768: 00000263 -> 00000265
T+111460ms pp+0780: 000002b8 -> 000002ba
T+111460ms pp+0784: 0003bed9 -> 0003bfa9
T+111460ms pp+0788: 0003bed9 -> 0003bfa9
T+111460ms pp+07b0: 000000a1 -> 000000a2
T+111460ms pp+07b4: 00000055 -> 00000056
T+111460ms pp+07c4: 0000026c -> 0000026e
T+111480ms pp+0780: 000002ba -> 000002bb
T+111480ms pp+0784: 0003bfa9 -> 0003bfef
T+111480ms pp+0788: 0003bfa9 -> 0003bfef
T+111480ms pp+07b0: 000000a2 -> 000000a3
T+111480ms pp+07c4: 0000026e -> 0000026f
T+113440ms pp+0714: 00016553 -> 00016651
T+113440ms pp+0718: 00000265 -> 00000267
T+113440ms pp+0728: 0000005a -> 0000005b
T+113440ms pp+072c: 00000041 -> 00000042
T+113440ms pp+073c: 00000243 -> 00000245
T+113440ms pp+0764: 00016553 -> 00016651
T+113440ms pp+0768: 00000265 -> 00000267
T+113440ms pp+0780: 000002bb -> 000002bc
T+113440ms pp+0784: 0003bfef -> 0003c0a9
T+113440ms pp+0788: 0003bfef -> 0003c0a9
T+113440ms pp+07b4: 00000056 -> 00000057
T+113440ms pp+07c4: 0000026f -> 00000270
T+113460ms pp+0780: 000002bc -> 000002bd
T+113460ms pp+0784: 0003c0a9 -> 0003c12f
T+113460ms pp+0788: 0003c0a9 -> 0003c12f
T+113460ms pp+07ac: 00000050 -> 00000051
T+113460ms pp+07b0: 000000a3 -> 000000a4
T+113460ms pp+07c4: 00000270 -> 00000272
T+113480ms tm+0100: 00000000 -> 00000010
T+113480ms tm+0500: 00000000 -> 00000010
T+113480ms tm+0900: 00000000 -> 00000010
T+113480ms tm+0d00: 00000000 -> 00000010
T+113480ms pp+0714: 00016651 -> 00016ab5
T+113480ms pp+0718: 00000267 -> 00000269
T+113480ms pp+0734: 00000044 -> 00000046
T+113480ms pp+073c: 00000245 -> 00000247
T+113480ms pp+0764: 00016651 -> 00016ab5
T+113480ms pp+0768: 00000267 -> 00000269
T+113480ms pp+0780: 000002bd -> 000002bf
T+113480ms pp+0784: 0003c12f -> 0003c16f
T+113480ms pp+0788: 0003c12f -> 0003c16f
T+113480ms pp+07ac: 00000051 -> 00000052
T+113480ms pp+07c4: 00000272 -> 00000273
T+113500ms tm+0100: 00000010 -> 00000000
T+113500ms tm+0500: 00000010 -> 00000000
T+113500ms tm+0900: 00000010 -> 00000000
T+113500ms tm+0d00: 00000010 -> 00000000
T+113500ms pp+0714: 00016ab5 -> 00016ce7
T+113500ms pp+0718: 00000269 -> 0000026a
T+113500ms pp+0734: 00000046 -> 00000047
T+113500ms pp+073c: 00000247 -> 00000248
T+113500ms pp+0764: 00016ab5 -> 00016ce7
T+113500ms pp+0768: 00000269 -> 0000026a
T+113500ms pp+0780: 000002bf -> 000002c1
T+113500ms pp+0784: 0003c16f -> 0003c1ef
T+113500ms pp+0788: 0003c16f -> 0003c1ef
T+113500ms pp+07ac: 00000052 -> 00000054
T+113500ms pp+07c4: 00000273 -> 00000275
T+113520ms pp+0714: 00016ce7 -> 0001714b
T+113520ms pp+0718: 0000026a -> 0000026c
T+113520ms pp+0734: 00000047 -> 00000049
T+113520ms pp+073c: 00000248 -> 0000024a
T+113520ms pp+0764: 00016ce7 -> 0001714b
T+113520ms pp+0768: 0000026a -> 0000026c
T+113520ms pp+0780: 000002c1 -> 000002c2
T+113520ms pp+0784: 0003c1ef -> 0003c22f
T+113520ms pp+0788: 0003c1ef -> 0003c22f
T+113520ms pp+07ac: 00000054 -> 00000055
T+113520ms pp+07c4: 00000275 -> 00000276
T+113540ms pp+0714: 0001714b -> 00017c45
T+113540ms pp+0718: 0000026c -> 00000271
T+113540ms pp+0734: 00000049 -> 0000004e
T+113540ms pp+073c: 0000024a -> 0000024f
T+113540ms pp+0764: 0001714b -> 00017c45
T+113540ms pp+0768: 0000026c -> 00000271
T+113540ms pp+0780: 000002c2 -> 000002c7
T+113540ms pp+0784: 0003c22f -> 0003c36f
T+113540ms pp+0788: 0003c22f -> 0003c36f
T+113540ms pp+07ac: 00000055 -> 0000005a
T+113540ms pp+07c4: 00000276 -> 0000027b
T+113560ms pp+0714: 00017c45 -> 000180a9
T+113560ms pp+0718: 00000271 -> 00000273
T+113560ms pp+0734: 0000004e -> 00000050
T+113560ms pp+073c: 0000024f -> 00000251
T+113560ms pp+0764: 00017c45 -> 000180a9
T+113560ms pp+0768: 00000271 -> 00000273
T+113560ms pp+0780: 000002c7 -> 000002c9
T+113560ms pp+0784: 0003c36f -> 0003c3ef
T+113560ms pp+0788: 0003c36f -> 0003c3ef
T+113560ms pp+07ac: 0000005a -> 0000005c
T+113560ms pp+07c4: 0000027b -> 0000027d
T+113580ms pp+0714: 000180a9 -> 0001850d
T+113580ms pp+0718: 00000273 -> 00000275
T+113580ms pp+0734: 00000050 -> 00000052
T+113580ms pp+073c: 00000251 -> 00000253
T+113580ms pp+0764: 000180a9 -> 0001850d
T+113580ms pp+0768: 00000273 -> 00000275
T+113580ms pp+0780: 000002c9 -> 000002cb
T+113580ms pp+0784: 0003c3ef -> 0003c46f
T+113580ms pp+0788: 0003c3ef -> 0003c46f
T+113580ms pp+07ac: 0000005c -> 0000005e
T+113580ms pp+07c4: 0000027d -> 0000027f
T+113600ms pp+0714: 0001850d -> 0001873f
T+113600ms pp+0718: 00000275 -> 00000276
T+113600ms pp+0734: 00000052 -> 00000053
T+113600ms pp+073c: 00000253 -> 00000254
T+113600ms pp+0764: 0001850d -> 0001873f
T+113600ms pp+0768: 00000275 -> 00000276
T+113600ms pp+0780: 000002cb -> 000002cc
T+113600ms pp+0784: 0003c46f -> 0003c4af
T+113600ms pp+0788: 0003c46f -> 0003c4af
T+113600ms pp+07ac: 0000005e -> 0000005f
T+113600ms pp+07c4: 0000027f -> 00000280
T+113620ms pp+0714: 0001873f -> 00018ba3
T+113620ms pp+0718: 00000276 -> 00000278
T+113620ms pp+0734: 00000053 -> 00000055
T+113620ms pp+073c: 00000254 -> 00000256
T+113620ms pp+0764: 0001873f -> 00018ba3
T+113620ms pp+0768: 00000276 -> 00000278
T+113620ms pp+0780: 000002cc -> 000002ce
T+113620ms pp+0784: 0003c4af -> 0003c52f
T+113620ms pp+0788: 0003c4af -> 0003c52f
T+113620ms pp+07ac: 0000005f -> 00000061
T+113620ms pp+07c4: 00000280 -> 00000282
T+113640ms tm+0100: 00000000 -> 00000010
T+113640ms tm+0500: 00000000 -> 00000010
T+113640ms tm+0900: 00000000 -> 00000010
T+113640ms tm+0d00: 00000000 -> 00000010
T+113640ms pp+0714: 00018ba3 -> 00019007
T+113640ms pp+0718: 00000278 -> 0000027a
T+113640ms pp+0734: 00000055 -> 00000057
T+113640ms pp+073c: 00000256 -> 00000258
T+113640ms pp+0764: 00018ba3 -> 00019007
T+113640ms pp+0768: 00000278 -> 0000027a
T+113640ms pp+0780: 000002ce -> 000002d0
T+113640ms pp+0784: 0003c52f -> 0003c5af
T+113640ms pp+0788: 0003c52f -> 0003c5af
T+113640ms pp+07ac: 00000061 -> 00000063
T+113640ms pp+07c4: 00000282 -> 00000284
T+113660ms pp+0714: 00019007 -> 000198cf
T+113660ms pp+0718: 0000027a -> 0000027e
T+113660ms pp+0734: 00000057 -> 0000005b
T+113660ms pp+073c: 00000258 -> 0000025c
T+113660ms pp+0764: 00019007 -> 000198cf
T+113660ms pp+0768: 0000027a -> 0000027e
T+113660ms pp+0780: 000002d0 -> 000002d4
T+113660ms pp+0784: 0003c5af -> 0003c6af
T+113660ms pp+0788: 0003c5af -> 0003c6af
T+113660ms pp+07ac: 00000063 -> 00000067
T+113660ms pp+07c4: 00000284 -> 00000288
T+113680ms tm+0100: 00000010 -> 00000000
T+113680ms tm+0500: 00000010 -> 00000000
T+113680ms tm+0900: 00000010 -> 00000000
T+113680ms tm+0d00: 00000010 -> 00000000
T+113680ms pp+0714: 000198cf -> 00019d33
T+113680ms pp+0718: 0000027e -> 00000280
T+113680ms pp+0734: 0000005b -> 0000005d
T+113680ms pp+073c: 0000025c -> 0000025e
T+113680ms pp+0764: 000198cf -> 00019d33
T+113680ms pp+0768: 0000027e -> 00000280
T+113680ms pp+0780: 000002d4 -> 000002d6
T+113680ms pp+0784: 0003c6af -> 0003c72f
T+113680ms pp+0788: 0003c6af -> 0003c72f
T+113680ms pp+07ac: 00000067 -> 00000069
T+113680ms pp+07c4: 00000288 -> 0000028a
T+113700ms pp+0714: 00019d33 -> 0001a197
T+113700ms pp+0718: 00000280 -> 00000282
T+113700ms pp+0734: 0000005d -> 0000005f
T+113700ms pp+073c: 0000025e -> 00000260
T+113700ms pp+0764: 00019d33 -> 0001a197
T+113700ms pp+0768: 00000280 -> 00000282
T+113700ms pp+0780: 000002d6 -> 000002d8
T+113700ms pp+0784: 0003c72f -> 0003c7af
T+113700ms pp+0788: 0003c72f -> 0003c7af
T+113700ms pp+07ac: 00000069 -> 0000006b
T+113700ms pp+07c4: 0000028a -> 0000028c
T+113720ms pp+0714: 0001a197 -> 0001a3c9
T+113720ms pp+0718: 00000282 -> 00000283
T+113720ms pp+0734: 0000005f -> 00000060
T+113720ms pp+073c: 00000260 -> 00000261
T+113720ms pp+0764: 0001a197 -> 0001a3c9
T+113720ms pp+0768: 00000282 -> 00000283
T+113720ms pp+0780: 000002d8 -> 000002d9
T+113720ms pp+0784: 0003c7af -> 0003c7ef
T+113720ms pp+0788: 0003c7af -> 0003c7ef
T+113720ms pp+07ac: 0000006b -> 0000006c
T+113720ms pp+07c4: 0000028c -> 0000028d
T+113740ms tm+0100: 00000000 -> 00000010
T+113740ms tm+0500: 00000000 -> 00000010
T+113740ms tm+0900: 00000000 -> 00000010
T+113740ms tm+0d00: 00000000 -> 00000010
T+113740ms pp+0714: 0001a3c9 -> 0001a82d
T+113740ms pp+0718: 00000283 -> 00000285
T+113740ms pp+0734: 00000060 -> 00000062
T+113740ms pp+073c: 00000261 -> 00000263
T+113740ms pp+0764: 0001a3c9 -> 0001a82d
T+113740ms pp+0768: 00000283 -> 00000285
T+113740ms pp+0780: 000002d9 -> 000002db
T+113740ms pp+0784: 0003c7ef -> 0003c86f
T+113740ms pp+0788: 0003c7ef -> 0003c86f
T+113740ms pp+07ac: 0000006c -> 0000006e
T+113740ms pp+07c4: 0000028d -> 0000028f
T+113760ms tm+0100: 00000010 -> 00000000
T+113760ms tm+0500: 00000010 -> 00000000
T+113760ms tm+0900: 00000010 -> 00000000
T+113760ms tm+0d00: 00000010 -> 00000000
T+113760ms pp+0714: 0001a82d -> 0001aa5f
T+113760ms pp+0718: 00000285 -> 00000286
T+113760ms pp+0734: 00000062 -> 00000063
T+113760ms pp+073c: 00000263 -> 00000264
T+113760ms pp+0764: 0001a82d -> 0001aa5f
T+113760ms pp+0768: 00000285 -> 00000286
T+113760ms pp+0780: 000002db -> 000002dd
T+113760ms pp+0784: 0003c86f -> 0003c8ef
T+113760ms pp+0788: 0003c86f -> 0003c8ef
T+113760ms pp+07ac: 0000006e -> 00000070
T+113760ms pp+07c4: 0000028f -> 00000291
T+113780ms pp+0714: 0001aa5f -> 0001aec3
T+113780ms pp+0718: 00000286 -> 00000288
T+113780ms pp+0734: 00000063 -> 00000065
T+113780ms pp+073c: 00000264 -> 00000266
T+113780ms pp+0764: 0001aa5f -> 0001aec3
T+113780ms pp+0768: 00000286 -> 00000288
T+113780ms pp+0780: 000002dd -> 000002de
T+113780ms pp+0784: 0003c8ef -> 0003c92f
T+113780ms pp+0788: 0003c8ef -> 0003c92f
T+113780ms pp+07ac: 00000070 -> 00000071
T+113780ms pp+07c4: 00000291 -> 00000292
T+113800ms tm+0d00: 00000000 -> 00000002
T+113800ms tm+0d04: fffffffc -> ffffffff
T+113800ms pp+0714: 0001aec3 -> 0001b9bd
T+113800ms pp+0718: 00000288 -> 0000028d
T+113800ms pp+0734: 00000065 -> 0000006a
T+113800ms pp+073c: 00000266 -> 0000026b
T+113800ms pp+0764: 0001aec3 -> 0001b9bd
T+113800ms pp+0768: 00000288 -> 0000028d
T+113800ms pp+0780: 000002de -> 000002e3
T+113800ms pp+0784: 0003c92f -> 0003ca6f
T+113800ms pp+0788: 0003c92f -> 0003ca6f
T+113800ms pp+07ac: 00000071 -> 00000076
T+113800ms pp+07c4: 00000292 -> 00000297
T+113820ms tm+0d00: 00000002 -> 00000000
T+113820ms tm+0d04: ffffffff -> fffffffc
T+113820ms pp+0714: 0001b9bd -> 0001bbef
T+113820ms pp+0718: 0000028d -> 0000028e
T+113820ms pp+0734: 0000006a -> 0000006b
T+113820ms pp+073c: 0000026b -> 0000026c
T+113820ms pp+0764: 0001b9bd -> 0001bbef
T+113820ms pp+0768: 0000028d -> 0000028e
T+113820ms pp+0780: 000002e3 -> 000002e4
T+113820ms pp+0784: 0003ca6f -> 0003caaf
T+113820ms pp+0788: 0003ca6f -> 0003caaf
T+113820ms pp+07ac: 00000076 -> 00000077
T+113820ms pp+07c4: 00000297 -> 00000298
T+113840ms pp+0714: 0001bbef -> 0001c053
T+113840ms pp+0718: 0000028e -> 00000290
T+113840ms pp+0734: 0000006b -> 0000006d
T+113840ms pp+073c: 0000026c -> 0000026e
T+113840ms pp+0764: 0001bbef -> 0001c053
T+113840ms pp+0768: 0000028e -> 00000290
T+113840ms pp+0780: 000002e4 -> 000002e6
T+113840ms pp+0784: 0003caaf -> 0003cb2f
T+113840ms pp+0788: 0003caaf -> 0003cb2f
T+113840ms pp+07ac: 00000077 -> 00000079
T+113840ms pp+07c4: 00000298 -> 0000029a
T+113860ms pp+0714: 0001c053 -> 0001c285
T+113860ms pp+0718: 00000290 -> 00000291
T+113860ms pp+0734: 0000006d -> 0000006e
T+113860ms pp+073c: 0000026e -> 0000026f
T+113860ms pp+0764: 0001c053 -> 0001c285
T+113860ms pp+0768: 00000290 -> 00000291
T+113860ms pp+0780: 000002e6 -> 000002e8
T+113860ms pp+0784: 0003cb2f -> 0003cbaf
T+113860ms pp+0788: 0003cb2f -> 0003cbaf
T+113860ms pp+07ac: 00000079 -> 0000007b
T+113860ms pp+07c4: 0000029a -> 0000029c
T+113880ms pp+0714: 0001c285 -> 0001c6e9
T+113880ms pp+0718: 00000291 -> 00000293
T+113880ms pp+0734: 0000006e -> 00000070
T+113880ms pp+073c: 0000026f -> 00000271
T+113880ms pp+0764: 0001c285 -> 0001c6e9
T+113880ms pp+0768: 00000291 -> 00000293
T+113880ms pp+0780: 000002e8 -> 000002e9
T+113880ms pp+0784: 0003cbaf -> 0003cbef
T+113880ms pp+0788: 0003cbaf -> 0003cbef
T+113880ms pp+07ac: 0000007b -> 0000007c
T+113880ms pp+07c4: 0000029c -> 0000029d
T+113900ms pp+0714: 0001c6e9 -> 0001cb4d
T+113900ms pp+0718: 00000293 -> 00000295
T+113900ms pp+0734: 00000070 -> 00000072
T+113900ms pp+073c: 00000271 -> 00000273
T+113900ms pp+0764: 0001c6e9 -> 0001cb4d
T+113900ms pp+0768: 00000293 -> 00000295
T+113900ms pp+0780: 000002e9 -> 000002eb
T+113900ms pp+0784: 0003cbef -> 0003cc6f
T+113900ms pp+0788: 0003cbef -> 0003cc6f
T+113900ms pp+07ac: 0000007c -> 0000007e
T+113900ms pp+07c4: 0000029d -> 0000029f
T+113920ms pp+0714: 0001cb4d -> 0001d415
T+113920ms pp+0718: 00000295 -> 00000299
T+113920ms pp+0734: 00000072 -> 00000076
T+113920ms pp+073c: 00000273 -> 00000277
T+113920ms pp+0764: 0001cb4d -> 0001d415
T+113920ms pp+0768: 00000295 -> 00000299
T+113920ms pp+0780: 000002eb -> 000002ef
T+113920ms pp+0784: 0003cc6f -> 0003cd6f
T+113920ms pp+0788: 0003cc6f -> 0003cd6f
T+113920ms pp+07ac: 0000007e -> 00000082
T+113920ms pp+07c4: 0000029f -> 000002a3
T+113940ms pp+0714: 0001d415 -> 0001d647
T+113940ms pp+0718: 00000299 -> 0000029a
T+113940ms pp+0734: 00000076 -> 00000077
T+113940ms pp+073c: 00000277 -> 00000278
T+113940ms pp+0764: 0001d415 -> 0001d647
T+113940ms pp+0768: 00000299 -> 0000029a
T+113940ms pp+0780: 000002ef -> 000002f1
T+113940ms pp+0784: 0003cd6f -> 0003cdef
T+113940ms pp+0788: 0003cd6f -> 0003cdef
T+113940ms pp+07ac: 00000082 -> 00000084
T+113940ms pp+07c4: 000002a3 -> 000002a5
T+113960ms tm+0100: 00000000 -> 00000010
T+113960ms tm+0500: 00000000 -> 00000010
T+113960ms tm+0900: 00000000 -> 00000010
T+113960ms tm+0d00: 00000000 -> 00000010
T+113960ms pp+0714: 0001d647 -> 0001daab
T+113960ms pp+0718: 0000029a -> 0000029c
T+113960ms pp+0734: 00000077 -> 00000079
T+113960ms pp+073c: 00000278 -> 0000027a
T+113960ms pp+0764: 0001d647 -> 0001daab
T+113960ms pp+0768: 0000029a -> 0000029c
T+113960ms pp+0780: 000002f1 -> 000002f2
T+113960ms pp+0784: 0003cdef -> 0003ce2f
T+113960ms pp+0788: 0003cdef -> 0003ce2f
T+113960ms pp+07ac: 00000084 -> 00000085
T+113960ms pp+07c4: 000002a5 -> 000002a6
T+113980ms tm+0100: 00000010 -> 00000000
T+113980ms tm+0500: 00000010 -> 00000000
T+113980ms tm+0900: 00000010 -> 00000000
T+113980ms tm+0d00: 00000010 -> 00000000
T+113980ms pp+0714: 0001daab -> 0001df0f
T+113980ms pp+0718: 0000029c -> 0000029e
T+113980ms pp+0734: 00000079 -> 0000007b
T+113980ms pp+073c: 0000027a -> 0000027c
T+113980ms pp+0764: 0001daab -> 0001df0f
T+113980ms pp+0768: 0000029c -> 0000029e
T+113980ms pp+0780: 000002f2 -> 000002f4
T+113980ms pp+0784: 0003ce2f -> 0003ceaf
T+113980ms pp+0788: 0003ce2f -> 0003ceaf
T+113980ms pp+07ac: 00000085 -> 00000087
T+113980ms pp+07c4: 000002a6 -> 000002a8
T+114000ms tm+0100: 00000000 -> 00000010
T+114000ms tm+0500: 00000000 -> 00000010
T+114000ms tm+0900: 00000000 -> 00000010
T+114000ms tm+0d00: 00000000 -> 00000010
T+114000ms pp+0714: 0001df0f -> 0001e141
T+114000ms pp+0718: 0000029e -> 0000029f
T+114000ms pp+0734: 0000007b -> 0000007c
T+114000ms pp+073c: 0000027c -> 0000027d
T+114000ms pp+0764: 0001df0f -> 0001e141
T+114000ms pp+0768: 0000029e -> 0000029f
T+114000ms pp+0780: 000002f4 -> 000002f5
T+114000ms pp+0784: 0003ceaf -> 0003ceef
T+114000ms pp+0788: 0003ceaf -> 0003ceef
T+114000ms pp+07ac: 00000087 -> 00000088
T+114000ms pp+07c4: 000002a8 -> 000002a9
T+114020ms pp+0714: 0001e141 -> 0001e5a5
T+114020ms pp+0718: 0000029f -> 000002a1
T+114020ms pp+0734: 0000007c -> 0000007e
T+114020ms pp+073c: 0000027d -> 0000027f
T+114020ms pp+0764: 0001e141 -> 0001e5a5
T+114020ms pp+0768: 0000029f -> 000002a1
T+114020ms pp+0780: 000002f5 -> 000002f7
T+114020ms pp+0784: 0003ceef -> 0003cf6f
T+114020ms pp+0788: 0003ceef -> 0003cf6f
T+114020ms pp+07ac: 00000088 -> 0000008a
T+114020ms pp+07c4: 000002a9 -> 000002ab
T+114040ms tm+0100: 00000010 -> 00000000
T+114040ms tm+0500: 00000010 -> 00000000
T+114040ms tm+0900: 00000010 -> 00000000
T+114040ms tm+0d00: 00000010 -> 00000000
T+114040ms pp+0714: 0001e5a5 -> 0001e7d7
T+114040ms pp+0718: 000002a1 -> 000002a2
T+114040ms pp+0734: 0000007e -> 0000007f
T+114040ms pp+073c: 0000027f -> 00000280
T+114040ms pp+0764: 0001e5a5 -> 0001e7d7
T+114040ms pp+0768: 000002a1 -> 000002a2
T+114040ms pp+0780: 000002f7 -> 000002f9
T+114040ms pp+0784: 0003cf6f -> 0003cfef
T+114040ms pp+0788: 0003cf6f -> 0003cfef
T+114040ms pp+07ac: 0000008a -> 0000008c
T+114040ms pp+07c4: 000002ab -> 000002ad
T+114060ms tm+0100: 00000000 -> 00000010
T+114060ms tm+0500: 00000000 -> 00000010
T+114060ms tm+0900: 00000000 -> 00000010
T+114060ms tm+0d00: 00000000 -> 00000010
T+114060ms pp+0714: 0001e7d7 -> 0001f2d1
T+114060ms pp+0718: 000002a2 -> 000002a7
T+114060ms pp+0734: 0000007f -> 00000084
T+114060ms pp+073c: 00000280 -> 00000285
T+114060ms pp+0764: 0001e7d7 -> 0001f2d1
T+114060ms pp+0768: 000002a2 -> 000002a7
T+114060ms pp+0780: 000002f9 -> 000002fd
T+114060ms pp+0784: 0003cfef -> 0003d0ef
T+114060ms pp+0788: 0003cfef -> 0003d0ef
T+114060ms pp+07ac: 0000008c -> 00000090
T+114060ms pp+07c4: 000002ad -> 000002b1
T+114080ms tm+0100: 00000010 -> 00000000
T+114080ms tm+0500: 00000010 -> 00000000
T+114080ms tm+0900: 00000010 -> 00000000
T+114080ms tm+0d00: 00000010 -> 00000000
T+114080ms pp+0714: 0001f2d1 -> 0001f503
T+114080ms pp+0718: 000002a7 -> 000002a8
T+114080ms pp+0734: 00000084 -> 00000085
T+114080ms pp+073c: 00000285 -> 00000286
T+114080ms pp+0764: 0001f2d1 -> 0001f503
T+114080ms pp+0768: 000002a7 -> 000002a8
T+114080ms pp+0780: 000002fd -> 000002ff
T+114080ms pp+0784: 0003d0ef -> 0003d16f
T+114080ms pp+0788: 0003d0ef -> 0003d16f
T+114080ms pp+07ac: 00000090 -> 00000092
T+114080ms pp+07c4: 000002b1 -> 000002b3
T+114100ms pp+0714: 0001f503 -> 0001f967
T+114100ms pp+0718: 000002a8 -> 000002aa
T+114100ms pp+0734: 00000085 -> 00000087
T+114100ms pp+073c: 00000286 -> 00000288
T+114100ms pp+0764: 0001f503 -> 0001f967
T+114100ms pp+0768: 000002a8 -> 000002aa
T+114100ms pp+0780: 000002ff -> 00000300
T+114100ms pp+0784: 0003d16f -> 0003d1af
T+114100ms pp+0788: 0003d16f -> 0003d1af
T+114100ms pp+07ac: 00000092 -> 00000093
T+114100ms pp+07c4: 000002b3 -> 000002b4
T+114120ms pp+0714: 0001f967 -> 0001fdcb
T+114120ms pp+0718: 000002aa -> 000002ac
T+114120ms pp+0734: 00000087 -> 00000089
T+114120ms pp+073c: 00000288 -> 0000028a
T+114120ms pp+0764: 0001f967 -> 0001fdcb
T+114120ms pp+0768: 000002aa -> 000002ac
T+114120ms pp+0780: 00000300 -> 00000302
T+114120ms pp+0784: 0003d1af -> 0003d22f
T+114120ms pp+0788: 0003d1af -> 0003d22f
T+114120ms pp+07ac: 00000093 -> 00000095
T+114120ms pp+07c4: 000002b4 -> 000002b6
T+114140ms pp+0714: 0001fdcb -> 0001ffc1
T+114140ms pp+0718: 000002ac -> 000002ad
T+114140ms pp+0730: 00000012 -> 00000013
T+114140ms pp+073c: 0000028a -> 0000028b
T+114140ms pp+0764: 0001fdcb -> 0001ffc1
T+114140ms pp+0768: 000002ac -> 000002ad
T+114140ms pp+0780: 00000302 -> 00000304
T+114140ms pp+0784: 0003d22f -> 0003d2af
T+114140ms pp+0788: 0003d22f -> 0003d2af
T+114140ms pp+07ac: 00000095 -> 00000097
T+114140ms pp+07c4: 000002b6 -> 000002b8
T+114160ms pp+0714: 0001ffc1 -> 0002003b
T+114160ms pp+0718: 000002ad -> 000002ae
T+114160ms pp+0728: 0000005b -> 0000005c
T+114160ms pp+073c: 0000028b -> 0000028c
T+114160ms pp+0764: 0001ffc1 -> 0002003b
T+114160ms pp+0768: 000002ad -> 000002ae
T+114160ms pp+0780: 00000304 -> 00000305
T+114160ms pp+0784: 0003d2af -> 0003d2f5
T+114160ms pp+0788: 0003d2af -> 0003d2f5
T+114160ms pp+07b0: 000000a4 -> 000000a5
T+114160ms pp+07c4: 000002b8 -> 000002b9
T+115460ms tm+0100: 00000000 -> 00000010
T+115460ms tm+0500: 00000000 -> 00000010
T+115460ms tm+0900: 00000000 -> 00000010
T+115460ms tm+0d00: 00000000 -> 00000010
T+115460ms pp+0714: 0002003b -> 000200c5
T+115460ms pp+0718: 000002ae -> 000002af
T+115460ms pp+072c: 00000042 -> 00000043
T+115460ms pp+073c: 0000028c -> 0000028d
T+115460ms pp+0764: 0002003b -> 000200c5
T+115460ms pp+0768: 000002ae -> 000002af
T+115460ms pp+0780: 00000305 -> 00000307
T+115460ms pp+0784: 0003d2f5 -> 0003d3b5
T+115460ms pp+0788: 0003d2f5 -> 0003d3b5
T+115460ms pp+07b0: 000000a5 -> 000000a7
T+115460ms pp+07c4: 000002b9 -> 000002bb
T+115480ms tm+0100: 00000010 -> 00000000
T+115480ms tm+0500: 00000010 -> 00000000
T+115480ms tm+0900: 00000010 -> 00000000
T+115480ms tm+0d00: 00000010 -> 00000000
T+115580ms pp+0780: 00000307 -> 00000308
T+115580ms pp+0784: 0003d3b5 -> 0003d40f
T+115580ms pp+0788: 0003d3b5 -> 0003d40f
T+115580ms pp+078c: 00000011 -> 00000012
T+115580ms pp+07b0: 000000a7 -> 000000a8
T+117440ms pp+0714: 000200c5 -> 0002013f
T+117440ms pp+0718: 000002af -> 000002b0
T+117440ms pp+0728: 0000005c -> 0000005d
T+117440ms pp+073c: 0000028d -> 0000028e
T+117440ms pp+0764: 000200c5 -> 0002013f
T+117440ms pp+0768: 000002af -> 000002b0
T+117440ms pp+0780: 00000308 -> 00000309
T+117440ms pp+0784: 0003d40f -> 0003d489
T+117440ms pp+0788: 0003d40f -> 0003d489
T+117440ms pp+07b0: 000000a8 -> 000000a9
T+117440ms pp+07c4: 000002bb -> 000002bc
T+117460ms pp+0780: 00000309 -> 0000030a
T+117460ms pp+0784: 0003d489 -> 0003d4cf
T+117460ms pp+0788: 0003d489 -> 0003d4cf
T+117460ms pp+07b0: 000000a9 -> 000000aa
T+117460ms pp+07c4: 000002bc -> 000002bd
T+119450ms tm+0100: 00000000 -> 00000010
T+119450ms tm+0500: 00000000 -> 00000010
T+119450ms tm+0900: 00000000 -> 00000010
T+119450ms tm+0d00: 00000000 -> 00000010
T+119450ms pp+0714: 0002013f -> 000201a9
T+119450ms pp+0718: 000002b0 -> 000002b1
T+119450ms pp+0728: 0000005d -> 0000005e
T+119450ms pp+073c: 0000028e -> 0000028f
T+119450ms pp+0764: 0002013f -> 000201a9
T+119450ms pp+0768: 000002b0 -> 000002b1
T+119450ms pp+0780: 0000030a -> 0000030b
T+119450ms pp+0784: 0003d4cf -> 0003d56d
T+119450ms pp+0788: 0003d4cf -> 0003d56d
T+119450ms pp+07b4: 00000057 -> 00000058
T+119450ms pp+07c4: 000002bd -> 000002be
T+119470ms pp+0714: 000201a9 -> 00020387
T+119470ms pp+0718: 000002b1 -> 000002b6
T+119470ms pp+0728: 0000005e -> 00000062
T+119470ms pp+072c: 00000043 -> 00000044
T+119470ms pp+073c: 0000028f -> 00000294
T+119470ms pp+0764: 000201a9 -> 00020387
T+119470ms pp+0768: 000002b1 -> 000002b6
T+119470ms pp+0780: 0000030b -> 00000310
T+119470ms pp+0784: 0003d56d -> 0003d733
T+119470ms pp+0788: 0003d56d -> 0003d733
T+119470ms pp+07b0: 000000aa -> 000000ae
T+119470ms pp+07b4: 00000058 -> 00000059
T+119470ms pp+07c4: 000002be -> 000002c3
T+119490ms tm+0100: 00000010 -> 00000000
T+119490ms tm+0500: 00000010 -> 00000000
T+119490ms tm+0900: 00000010 -> 00000000
T+119490ms tm+0d00: 00000010 -> 00000000
T+119490ms pp+0780: 00000310 -> 00000311
T+119490ms pp+0784: 0003d733 -> 0003d779
T+119490ms pp+0788: 0003d733 -> 0003d779
T+119490ms pp+07b0: 000000ae -> 000000af
T+119490ms pp+07c4: 000002c3 -> 000002c4
T+141220ms pp+0714: 00020387 -> 00020464
T+141220ms pp+0718: 000002b6 -> 000002b7
T+141220ms pp+0720: 0000001e -> 0000001f
T+141220ms pp+072c: 00000044 -> 00000045
T+141220ms pp+0740: 0000001e -> 0000001f
T+141220ms pp+0764: 00020387 -> 00020464
T+141220ms pp+0768: 000002b6 -> 000002b7
T+145630ms pp+0780: 00000311 -> 00000312
T+145630ms pp+0784: 0003d779 -> 0003d7d3
T+145630ms pp+0788: 0003d779 -> 0003d7d3
T+145630ms pp+078c: 00000012 -> 00000013
T+145630ms pp+07b0: 000000af -> 000000b0
T+159270ms pp+0780: 00000312 -> 00000314
T+159270ms pp+0784: 0003d7d3 -> 0003d89d
T+159270ms pp+0788: 0003d7d3 -> 0003d89d
T+159270ms pp+0790: 0000003b -> 0000003d
T+159270ms pp+07b0: 000000b0 -> 000000b2
T+159350ms pp+0780: 00000314 -> 00000315
T+159350ms pp+0784: 0003d89d -> 0003d948
T+159350ms pp+0788: 0003d89d -> 0003d948
T+159350ms pp+0790: 0000003d -> 0000003e
T+159350ms pp+07b4: 00000059 -> 0000005a
T+175630ms pp+0780: 00000315 -> 00000316
T+175630ms pp+0784: 0003d948 -> 0003d9a2
T+175630ms pp+0788: 0003d948 -> 0003d9a2
T+175630ms pp+078c: 00000013 -> 00000014
T+175630ms pp+07b0: 000000b2 -> 000000b3
T+197600ms pp+0780: 00000316 -> 00000317
T+197600ms pp+0784: 0003d9a2 -> 0003da78
T+197600ms pp+0788: 0003d9a2 -> 0003da78
T+197600ms pp+0790: 0000003e -> 0000003f
T+197600ms pp+07b4: 0000005a -> 0000005b
T+198610ms pp+0780: 00000317 -> 00000318
T+198610ms pp+0784: 0003da78 -> 0003db4e
T+198610ms pp+0788: 0003da78 -> 0003db4e
T+198610ms pp+0790: 0000003f -> 00000040
T+198610ms pp+07b4: 0000005b -> 0000005c
T+199590ms pp+0780: 00000318 -> 00000319
T+199590ms pp+0784: 0003db4e -> 0003dc24
T+199590ms pp+0788: 0003db4e -> 0003dc24
T+199590ms pp+0790: 00000040 -> 00000041
T+199590ms pp+07b4: 0000005c -> 0000005d
T+200590ms pp+0780: 00000319 -> 0000031a
T+200590ms pp+0784: 0003dc24 -> 0003dcfa
T+200590ms pp+0788: 0003dc24 -> 0003dcfa
T+200590ms pp+0790: 00000041 -> 00000042
T+200590ms pp+07b4: 0000005d -> 0000005e
T+201260ms pp+0714: 00020464 -> 00020541
T+201260ms pp+0718: 000002b7 -> 000002b8
T+201260ms pp+0720: 0000001f -> 00000020
T+201260ms pp+072c: 00000045 -> 00000046
T+201260ms pp+0740: 0000001f -> 00000020
T+201260ms pp+0764: 00020464 -> 00020541
T+201260ms pp+0768: 000002b7 -> 000002b8
T+203740ms tm+0100: 00000000 -> 00000010
T+203740ms tm+0500: 00000000 -> 00000010
T+203740ms tm+0900: 00000000 -> 00000010
T+203740ms tm+0d00: 00000000 -> 00000010
T+203740ms pp+0714: 00020541 -> 0002058f
T+203740ms pp+0718: 000002b8 -> 000002b9
T+203740ms pp+0728: 00000062 -> 00000063
T+203740ms pp+073c: 00000294 -> 00000295
T+203740ms pp+0764: 00020541 -> 0002058f
T+203740ms pp+0768: 000002b8 -> 000002b9
T+203740ms pp+0780: 0000031a -> 0000031b
T+203740ms pp+0784: 0003dcfa -> 0003dd48
T+203740ms pp+0788: 0003dcfa -> 0003dd48
T+203740ms pp+07b0: 000000b3 -> 000000b4
T+203740ms pp+07c4: 000002c4 -> 000002c5
T+203760ms tm+0100: 00000010 -> 00000000
T+203760ms tm+0500: 00000010 -> 00000000
T+203760ms tm+0900: 00000010 -> 00000000
T+203760ms tm+0d00: 00000010 -> 00000000
T+203760ms pp+0714: 0002058f -> 00020635
T+203760ms pp+0718: 000002b9 -> 000002bb
T+203760ms pp+0728: 00000063 -> 00000065
T+203760ms pp+073c: 00000295 -> 00000297
T+203760ms pp+0764: 0002058f -> 00020635
T+203760ms pp+0768: 000002b9 -> 000002bb
T+203760ms pp+0780: 0000031b -> 0000031d
T+203760ms pp+0784: 0003dd48 -> 0003ddff
T+203760ms pp+0788: 0003dd48 -> 0003ddff
T+203760ms pp+07b0: 000000b4 -> 000000b6
T+203760ms pp+07c4: 000002c5 -> 000002c7
T+203780ms pp+0714: 00020635 -> 000208f9
T+203780ms pp+0718: 000002bb -> 000002bd
T+203780ms pp+0728: 00000065 -> 00000066
T+203780ms pp+0734: 00000089 -> 0000008a
T+203780ms pp+073c: 00000297 -> 00000299
T+203780ms pp+0764: 00020635 -> 000208f9
T+203780ms pp+0768: 000002bb -> 000002bd
T+203780ms pp+0780: 0000031d -> 00000321
T+203780ms pp+0784: 0003ddff -> 0003e547
T+203780ms pp+0788: 0003ddff -> 0003e547
T+203780ms pp+07b0: 000000b6 -> 000000b8
T+203780ms pp+07b4: 0000005e -> 0000005f
T+203780ms pp+07c0: 00000005 -> 00000006
T+203780ms pp+07c4: 000002c7 -> 000002cb
T+203820ms pp+0714: 000208f9 -> 0002093f
T+203820ms pp+0718: 000002bd -> 000002be
T+203820ms pp+0728: 00000066 -> 00000067
T+203820ms pp+073c: 00000299 -> 0000029a
T+203820ms pp+0764: 000208f9 -> 0002093f
T+203820ms pp+0768: 000002bd -> 000002be
T+203960ms tm+0100: 00000000 -> 00000002
T+203960ms tm+0104: fffffffc -> ffffffff
T+203960ms tm+0500: 00000000 -> 00000010
T+203960ms tm+0900: 00000000 -> 00000010
T+203960ms tm+0d00: 00000000 -> 00000010
T+203960ms pp+0714: 0002093f -> 00020b6b
T+203960ms pp+0718: 000002be -> 000002c0
T+203960ms pp+0728: 00000067 -> 00000068
T+203960ms pp+0730: 00000013 -> 00000014
T+203960ms pp+073c: 0000029a -> 0000029c
T+203960ms pp+0764: 0002093f -> 00020b6b
T+203960ms pp+0768: 000002be -> 000002c0
T+203960ms pp+0780: 00000321 -> 00000322
T+203960ms pp+0784: 0003e547 -> 0003e59d
T+203960ms pp+0788: 0003e547 -> 0003e59d
T+203960ms pp+07b0: 000000b8 -> 000000b9
T+203960ms pp+07c4: 000002cb -> 000002cc
T+203980ms tm+0100: 00000002 -> 00000000
T+203980ms tm+0104: ffffffff -> fffffffc
T+203980ms tm+0500: 00000010 -> 00000000
T+203980ms tm+0900: 00000010 -> 00000000
T+203980ms tm+0d00: 00000010 -> 00000000
T+203980ms pp+0714: 00020b6b -> 00020be5
T+203980ms pp+0718: 000002c0 -> 000002c1
T+203980ms pp+0728: 00000068 -> 00000069
T+203980ms pp+073c: 0000029c -> 0000029d
T+203980ms pp+0764: 00020b6b -> 00020be5
T+203980ms pp+0768: 000002c0 -> 000002c1
T+203980ms pp+0780: 00000322 -> 00000323
T+203980ms pp+0784: 0003e59d -> 0003e617
T+203980ms pp+0788: 0003e59d -> 0003e617
T+203980ms pp+07b0: 000000b9 -> 000000ba
T+203980ms pp+07c4: 000002cc -> 000002cd
T+204000ms pp+0714: 00020be5 -> 00020cc9
T+204000ms pp+0718: 000002c1 -> 000002c3
T+204000ms pp+0728: 00000069 -> 0000006b
T+204000ms pp+073c: 0000029d -> 0000029f
T+204000ms pp+0764: 00020be5 -> 00020cc9
T+204000ms pp+0768: 000002c1 -> 000002c3
T+204000ms pp+0780: 00000323 -> 00000325
T+204000ms pp+0784: 0003e617 -> 0003e77b
T+204000ms pp+0788: 0003e617 -> 0003e77b
T+204000ms pp+07b4: 0000005f -> 00000061
T+204000ms pp+07c4: 000002cd -> 000002cf
T+204020ms pp+0714: 00020cc9 -> 00020d43
T+204020ms pp+0718: 000002c3 -> 000002c4
T+204020ms pp+0728: 0000006b -> 0000006c
T+204020ms pp+073c: 0000029f -> 000002a0
T+204020ms pp+0764: 00020cc9 -> 00020d43
T+204020ms pp+0768: 000002c3 -> 000002c4
T+204020ms pp+0780: 00000325 -> 00000326
T+204020ms pp+0784: 0003e77b -> 0003e805
T+204020ms pp+0788: 0003e77b -> 0003e805
T+204020ms pp+07b4: 00000061 -> 00000062
T+204020ms pp+07c4: 000002cf -> 000002d0
T+204040ms pp+0714: 00020d43 -> 00020dad
T+204040ms pp+0718: 000002c4 -> 000002c5
T+204040ms pp+0728: 0000006c -> 0000006d
T+204040ms pp+073c: 000002a0 -> 000002a1
T+204040ms pp+0764: 00020d43 -> 00020dad
T+204040ms pp+0768: 000002c4 -> 000002c5
T+204040ms pp+0780: 00000326 -> 00000327
T+204040ms pp+0784: 0003e805 -> 0003e96b
T+204040ms pp+0788: 0003e805 -> 0003e96b
T+204040ms pp+07b8: 00000006 -> 00000007
T+204040ms pp+07c4: 000002d0 -> 000002d1
T+204080ms pp+0714: 00020dad -> 00020f23
T+204080ms pp+0718: 000002c5 -> 000002c6
T+204080ms pp+0730: 00000014 -> 00000015
T+204080ms pp+073c: 000002a1 -> 000002a2
T+204080ms pp+0764: 00020dad -> 00020f23
T+204080ms pp+0768: 000002c5 -> 000002c6
T+204080ms pp+0780: 00000327 -> 00000328
T+204080ms pp+0784: 0003e96b -> 0003e9b1
T+204080ms pp+0788: 0003e96b -> 0003e9b1
T+204080ms pp+07b0: 000000ba -> 000000bb
T+204080ms pp+07c4: 000002d1 -> 000002d2
T+204100ms pp+0780: 00000328 -> 00000329
T+204100ms pp+0784: 0003e9b1 -> 0003e9f7
T+204100ms pp+0788: 0003e9b1 -> 0003e9f7
T+204100ms pp+07b0: 000000bb -> 000000bc
T+204100ms pp+07c4: 000002d2 -> 000002d3
T+205660ms pp+0780: 00000329 -> 0000032a
T+205660ms pp+0784: 0003e9f7 -> 0003ea51
T+205660ms pp+0788: 0003e9f7 -> 0003ea51
T+205660ms pp+078c: 00000014 -> 00000015
T+205660ms pp+07b0: 000000bc -> 000000bd
regtrace: unloaded
regtrace: mapped topcrm phys=94000000 virt=f0400000 size=4096
regtrace: mapped tm phys=92340000 virt=f4340000 size=65536
regtrace: mapped npp phys=921c0000 virt=f41c0000 size=16384
regtrace: mapped pp phys=92200000 virt=f4200000 size=16384
regtrace: mapped cla phys=92300000 virt=f4300000 size=16384
regtrace: mapped sw phys=92400000 virt=d2a98000 size=16384
regtrace: ready, write 1 to /proc/regtrace to start
regtrace: ==== FULL DUMP ====
topcrm+0004: 000001fb
topcrm+0008: 1ff7ffff
topcrm+000c: 005179e0
topcrm+0010: 0000b114
topcrm+0014: cffffbf7
topcrm+0018: 00040a09
topcrm+001c: 10000000
topcrm+0020: 0004142a
topcrm+0024: 10000000
topcrm+0028: 000409ec
topcrm+002c: 15525460
topcrm+0030: 000409d9
topcrm+0034: 10f5c28f
topcrm+0038: 00000303
topcrm+0040: 000000d5
topcrm+0048: 0ffedfff
topcrm+004c: 0003cfff
topcrm+0050: 08040ca2
topcrm+0054: 14000000
tm+0000: 00000140
tm+0004: 00000010
tm+00e8: 4e700000
tm+00ec: 4e710000
tm+00f0: 4ff1f000
tm+00f4: 4ec20000
tm+00f8: 4fe20000
tm+00fc: 28000900
tm+0104: fffffffc
tm+0124: 03ffffff
tm+012c: 00001fff
tm+0134: 001fffff
tm+0400: 00000140
tm+0404: 00000010
tm+04e8: 4e700000
tm+04ec: 4e710000
tm+04f0: 4ff1f000
tm+04f4: 4ec20000
tm+04f8: 4fe20000
tm+04fc: 28000900
tm+0504: fffffffc
tm+0524: 03ffffff
tm+052c: 00001fff
tm+0534: 001fffff
tm+0800: 00000140
tm+0804: 00000010
tm+08e8: 4e700000
tm+08ec: 4e710000
tm+08f0: 4ff1f000
tm+08f4: 4ec20000
tm+08f8: 4fe20000
tm+08fc: 28000900
tm+0904: fffffffc
tm+0924: 03ffffff
tm+092c: 00001fff
tm+0934: 001fffff
tm+0c00: 00000140
tm+0c04: 00000010
tm+0ce8: 4e700000
tm+0cec: 4e710000
tm+0cf0: 4ff1f000
tm+0cf4: 4ec20000
tm+0cf8: 4fe20000
tm+0cfc: 28000900
tm+0d04: fffffffc
tm+0d24: 03ffffff
tm+0d2c: 00001fff
tm+0d34: 001fffff
tm+1000: 00000140
tm+1004: 00000010
tm+10e8: 4e700000
tm+10ec: 4e710000
tm+10f0: 4ff1f000
tm+10f4: 4ec20000
tm+10f8: 4fe20000
tm+10fc: 28000900
tm+1104: fffffffc
tm+1124: 03ffffff
tm+112c: 00001fff
tm+1134: 001fffff
tm+1400: 00000140
tm+1404: 00000010
tm+14e8: 4e700000
tm+14ec: 4e710000
tm+14f0: 4ff1f000
tm+14f4: 4ec20000
tm+14f8: 4fe20000
tm+14fc: 28000900
tm+1504: fffffffc
tm+1524: 03ffffff
tm+152c: 00001fff
tm+1534: 001fffff
tm+1800: 00000140
tm+1804: 00000010
tm+18e8: 4e700000
tm+18ec: 4e710000
tm+18f0: 4ff1f000
tm+18f4: 4ec20000
tm+18f8: 4fe20000
tm+18fc: 28000900
tm+1904: fffffffc
tm+1924: 03ffffff
tm+192c: 00001fff
tm+1934: 001fffff
tm+1c00: 00000140
tm+1c04: 00000010
tm+1ce8: 4e700000
tm+1cec: 4e710000
tm+1cf0: 4ff1f000
tm+1cf4: 4ec20000
tm+1cf8: 4fe20000
tm+1cfc: 28000900
tm+1d04: fffffffc
tm+1d24: 03ffffff
tm+1d2c: 00001fff
tm+1d34: 001fffff
tm+2000: 00000140
tm+2004: 00000010
tm+20e8: 4e700000
tm+20ec: 4e710000
tm+20f0: 4ff1f000
tm+20f4: 4ec20000
tm+20f8: 4fe20000
tm+20fc: 28000900
tm+2104: fffffffc
tm+2124: 03ffffff
tm+212c: 00001fff
tm+2134: 001fffff
tm+2400: 00000140
tm+2404: 00000010
tm+24e8: 4e700000
tm+24ec: 4e710000
tm+24f0: 4ff1f000
tm+24f4: 4ec20000
tm+24f8: 4fe20000
tm+24fc: 28000900
tm+2504: fffffffc
tm+2524: 03ffffff
tm+252c: 00001fff
tm+2534: 001fffff
tm+2800: 00000140
tm+2804: 00000010
tm+28e8: 4e700000
tm+28ec: 4e710000
tm+28f0: 4ff1f000
tm+28f4: 4ec20000
tm+28f8: 4fe20000
tm+28fc: 28000900
tm+2904: fffffffc
tm+2924: 03ffffff
tm+292c: 00001fff
tm+2934: 001fffff
tm+2c00: 00000140
tm+2c04: 00000010
tm+2ce8: 4e700000
tm+2cec: 4e710000
tm+2cf0: 4ff1f000
tm+2cf4: 4ec20000
tm+2cf8: 4fe20000
tm+2cfc: 28000900
tm+2d04: fffffffc
tm+2d24: 03ffffff
tm+2d2c: 00001fff
tm+2d34: 001fffff
tm+3000: 00000140
tm+3004: 00000010
tm+30e8: 4e700000
tm+30ec: 4e710000
tm+30f0: 4ff1f000
tm+30f4: 4ec20000
tm+30f8: 4fe20000
tm+30fc: 28000900
tm+3104: fffffffc
tm+3124: 03ffffff
tm+312c: 00001fff
tm+3134: 001fffff
tm+3400: 00000140
tm+3404: 00000010
tm+34e8: 4e700000
tm+34ec: 4e710000
tm+34f0: 4ff1f000
tm+34f4: 4ec20000
tm+34f8: 4fe20000
tm+34fc: 28000900
tm+3504: fffffffc
tm+3524: 03ffffff
tm+352c: 00001fff
tm+3534: 001fffff
tm+3800: 00000140
tm+3804: 00000010
tm+38e8: 4e700000
tm+38ec: 4e710000
tm+38f0: 4ff1f000
tm+38f4: 4ec20000
tm+38f8: 4fe20000
tm+38fc: 28000900
tm+3904: fffffffc
tm+3924: 03ffffff
tm+392c: 00001fff
tm+3934: 001fffff
tm+3c00: 00000140
tm+3c04: 00000010
tm+3ce8: 4e700000
tm+3cec: 4e710000
tm+3cf0: 4ff1f000
tm+3cf4: 4ec20000
tm+3cf8: 4fe20000
tm+3cfc: 28000900
tm+3d04: fffffffc
tm+3d24: 03ffffff
tm+3d2c: 00001fff
tm+3d34: 001fffff
tm+4004: 000000de
tm+4014: 0100017f
tm+4018: 00000001
tm+401c: ff803fff
tm+4020: 0100ff80
tm+4024: 00100200
tm+4028: 00000020
tm+4040: 000003ff
tm+4068: 0000001b
tm+4074: 00003fff
tm+4080: 00000635
tm+4088: 03cb0000
tm+408c: 03870000
tm+4090: 00000775
tm+40a4: 00077500
tm+40b4: 0d000000
tm+4100: 006001a8
tm+4104: 004e8000
tm+4108: 10086004
tm+410c: 400b4990
tm+4154: 00000635
tm+4158: 00000635
tm+4180: 03ee0000
tm+4198: 00000635
tm+419c: 000003f0
tm+4204: 00000387
tm+4208: 000003ee
tm+4210: 00000387
tm+4214: 000003ee
tm+421c: 00000775
tm+4224: 00000635
tm+4234: 000003cb
tm+4240: 0000004a
tm+4288: 00000387
tm+4294: 000003ee
tm+4404: 000000de
tm+4414: 0100017f
tm+4418: 00000001
tm+441c: ff803fff
tm+4420: 0100ff80
tm+4424: 00100200
tm+4428: 00000020
tm+4440: 000003ff
tm+4468: 0000001b
tm+4474: 00003fff
tm+4480: 00000635
tm+4488: 03cb0000
tm+448c: 03870000
tm+4490: 00000775
tm+44a4: 00077500
tm+44b4: 0d000000
tm+4500: 006001a8
tm+4504: 004e8000
tm+4508: 10086004
tm+450c: 400b4990
tm+4554: 00000635
tm+4558: 00000635
tm+4580: 03ee0000
tm+4598: 00000635
tm+459c: 000003f0
tm+4604: 00000387
tm+4608: 000003ee
tm+4610: 00000387
tm+4614: 000003ee
tm+461c: 00000775
tm+4624: 00000635
tm+4634: 000003cb
tm+4640: 0000004a
tm+4688: 00000387
tm+4694: 000003ee
tm+4804: 000000de
tm+4814: 0100017f
tm+4818: 00000001
tm+481c: ff803fff
tm+4820: 0100ff80
tm+4824: 00100200
tm+4828: 00000020
tm+4840: 000003ff
tm+4868: 0000001b
tm+4874: 00003fff
tm+4880: 00000635
tm+4888: 03cb0000
tm+488c: 03870000
tm+4890: 00000775
tm+48a4: 00077500
tm+48b4: 0d000000
tm+4900: 006001a8
tm+4904: 004e8000
tm+4908: 10086004
tm+490c: 400b4990
tm+4954: 00000635
tm+4958: 00000635
tm+4980: 03ee0000
tm+4998: 00000635
tm+499c: 000003f0
tm+4a04: 00000387
tm+4a08: 000003ee
tm+4a10: 00000387
tm+4a14: 000003ee
tm+4a1c: 00000775
tm+4a24: 00000635
tm+4a34: 000003cb
tm+4a40: 0000004a
tm+4a88: 00000387
tm+4a94: 000003ee
tm+4c04: 000000de
tm+4c14: 0100017f
tm+4c18: 00000001
tm+4c1c: ff803fff
tm+4c20: 0100ff80
tm+4c24: 00100200
tm+4c28: 00000020
tm+4c40: 000003ff
tm+4c68: 0000001b
tm+4c74: 00003fff
tm+4c80: 00000635
tm+4c88: 03cb0000
tm+4c8c: 03870000
tm+4c90: 00000775
tm+4ca4: 00077500
tm+4cb4: 0d000000
tm+4d00: 006001a8
tm+4d04: 004e8000
tm+4d08: 10086004
tm+4d0c: 400b4990
tm+4d54: 00000635
tm+4d58: 00000635
tm+4d80: 03ee0000
tm+4d98: 00000635
tm+4d9c: 000003f0
tm+4e04: 00000387
tm+4e08: 000003ee
tm+4e10: 00000387
tm+4e14: 000003ee
tm+4e1c: 00000775
tm+4e24: 00000635
tm+4e34: 000003cb
tm+4e40: 0000004a
tm+4e88: 00000387
tm+4e94: 000003ee
tm+5004: 000000de
tm+5014: 0100017f
tm+5018: 00000001
tm+501c: ff803fff
tm+5020: 0100ff80
tm+5024: 00100200
tm+5028: 00000020
tm+5040: 000003ff
tm+5068: 0000001b
tm+5074: 00003fff
tm+5080: 00000635
tm+5088: 03cb0000
tm+508c: 03870000
tm+5090: 00000775
tm+50a4: 00077500
tm+50b4: 0d000000
tm+5100: 006001a8
tm+5104: 004e8000
tm+5108: 10086004
tm+510c: 400b4990
tm+5154: 00000635
tm+5158: 00000635
tm+5180: 03ee0000
tm+5198: 00000635
tm+519c: 000003f0
tm+5204: 00000387
tm+5208: 000003ee
tm+5210: 00000387
tm+5214: 000003ee
tm+521c: 00000775
tm+5224: 00000635
tm+5234: 000003cb
tm+5240: 0000004a
tm+5288: 00000387
tm+5294: 000003ee
tm+5404: 000000de
tm+5414: 0100017f
tm+5418: 00000001
tm+541c: ff803fff
tm+5420: 0100ff80
tm+5424: 00100200
tm+5428: 00000020
tm+5440: 000003ff
tm+5468: 0000001b
tm+5474: 00003fff
tm+5480: 00000635
tm+5488: 03cb0000
tm+548c: 03870000
tm+5490: 00000775
tm+54a4: 00077500
tm+54b4: 0d000000
tm+5500: 006001a8
tm+5504: 004e8000
tm+5508: 10086004
tm+550c: 400b4990
tm+5554: 00000635
tm+5558: 00000635
tm+5580: 03ee0000
tm+5598: 00000635
tm+559c: 000003f0
tm+5604: 00000387
tm+5608: 000003ee
tm+5610: 00000387
tm+5614: 000003ee
tm+561c: 00000775
tm+5624: 00000635
tm+5634: 000003cb
tm+5640: 0000004a
tm+5688: 00000387
tm+5694: 000003ee
tm+5804: 000000de
tm+5814: 0100017f
tm+5818: 00000001
tm+581c: ff803fff
tm+5820: 0100ff80
tm+5824: 00100200
tm+5828: 00000020
tm+5840: 000003ff
tm+5868: 0000001b
tm+5874: 00003fff
tm+5880: 00000635
tm+5888: 03cb0000
tm+588c: 03870000
tm+5890: 00000775
tm+58a4: 00077500
tm+58b4: 0d000000
tm+5900: 006001a8
tm+5904: 004e8000
tm+5908: 10086004
tm+590c: 400b4990
tm+5954: 00000635
tm+5958: 00000635
tm+5980: 03ee0000
tm+5998: 00000635
tm+599c: 000003f0
tm+5a04: 00000387
tm+5a08: 000003ee
tm+5a10: 00000387
tm+5a14: 000003ee
tm+5a1c: 00000775
tm+5a24: 00000635
tm+5a34: 000003cb
tm+5a40: 0000004a
tm+5a88: 00000387
tm+5a94: 000003ee
tm+5c04: 000000de
tm+5c14: 0100017f
tm+5c18: 00000001
tm+5c1c: ff803fff
tm+5c20: 0100ff80
tm+5c24: 00100200
tm+5c28: 00000020
tm+5c40: 000003ff
tm+5c68: 0000001b
tm+5c74: 00003fff
tm+5c80: 00000635
tm+5c88: 03cb0000
tm+5c8c: 03870000
tm+5c90: 00000775
tm+5ca4: 00077500
tm+5cb4: 0d000000
tm+5d00: 006001a8
tm+5d04: 004e8000
tm+5d08: 10086004
tm+5d0c: 400b4990
tm+5d54: 00000635
tm+5d58: 00000635
tm+5d80: 03ee0000
tm+5d98: 00000635
tm+5d9c: 000003f0
tm+5e04: 00000387
tm+5e08: 000003ee
tm+5e10: 00000387
tm+5e14: 000003ee
tm+5e1c: 00000775
tm+5e24: 00000635
tm+5e34: 000003cb
tm+5e40: 0000004a
tm+5e88: 00000387
tm+5e94: 000003ee
tm+6004: 000000de
tm+6014: 0100017f
tm+6018: 00000001
tm+601c: ff803fff
tm+6020: 0100ff80
tm+6024: 00100200
tm+6028: 00000020
tm+6040: 000003ff
tm+6068: 0000001b
tm+6074: 00003fff
tm+6080: 00000635
tm+6088: 03cb0000
tm+608c: 03870000
tm+6090: 00000775
tm+60a4: 00077500
tm+60b4: 0d000000
tm+6100: 006001a8
tm+6104: 004e8000
tm+6108: 10086004
tm+610c: 400b4990
tm+6154: 00000635
tm+6158: 00000635
tm+6180: 03ee0000
tm+6198: 00000635
tm+619c: 000003f0
tm+6204: 00000387
tm+6208: 000003ee
tm+6210: 00000387
tm+6214: 000003ee
tm+621c: 00000775
tm+6224: 00000635
tm+6234: 000003cb
tm+6240: 0000004a
tm+6288: 00000387
tm+6294: 000003ee
tm+6404: 000000de
tm+6414: 0100017f
tm+6418: 00000001
tm+641c: ff803fff
tm+6420: 0100ff80
tm+6424: 00100200
tm+6428: 00000020
tm+6440: 000003ff
tm+6468: 0000001b
tm+6474: 00003fff
tm+6480: 00000635
tm+6488: 03cb0000
tm+648c: 03870000
tm+6490: 00000775
tm+64a4: 00077500
tm+64b4: 0d000000
tm+6500: 006001a8
tm+6504: 004e8000
tm+6508: 10086004
tm+650c: 400b4990
tm+6554: 00000635
tm+6558: 00000635
tm+6580: 03ee0000
tm+6598: 00000635
tm+659c: 000003f0
tm+6604: 00000387
tm+6608: 000003ee
tm+6610: 00000387
tm+6614: 000003ee
tm+661c: 00000775
tm+6624: 00000635
tm+6634: 000003cb
tm+6640: 0000004a
tm+6688: 00000387
tm+6694: 000003ee
tm+6804: 000000de
tm+6814: 0100017f
tm+6818: 00000001
tm+681c: ff803fff
tm+6820: 0100ff80
tm+6824: 00100200
tm+6828: 00000020
tm+6840: 000003ff
tm+6868: 0000001b
tm+6874: 00003fff
tm+6880: 00000635
tm+6888: 03cb0000
tm+688c: 03870000
tm+6890: 00000775
tm+68a4: 00077500
tm+68b4: 0d000000
tm+6900: 006001a8
tm+6904: 004e8000
tm+6908: 10086004
tm+690c: 400b4990
tm+6954: 00000635
tm+6958: 00000635
tm+6980: 03ee0000
tm+6998: 00000635
tm+699c: 000003f0
tm+6a04: 00000387
tm+6a08: 000003ee
tm+6a10: 00000387
tm+6a14: 000003ee
tm+6a1c: 00000775
tm+6a24: 00000635
tm+6a34: 000003cb
tm+6a40: 0000004a
tm+6a88: 00000387
tm+6a94: 000003ee
tm+6c04: 000000de
tm+6c14: 0100017f
tm+6c18: 00000001
tm+6c1c: ff803fff
tm+6c20: 0100ff80
tm+6c24: 00100200
tm+6c28: 00000020
tm+6c40: 000003ff
tm+6c68: 0000001b
tm+6c74: 00003fff
tm+6c80: 00000635
tm+6c88: 03cb0000
tm+6c8c: 03870000
tm+6c90: 00000775
tm+6ca4: 00077500
tm+6cb4: 0d000000
tm+6d00: 006001a8
tm+6d04: 004e8000
tm+6d08: 10086004
tm+6d0c: 400b4990
tm+6d54: 00000635
tm+6d58: 00000635
tm+6d80: 03ee0000
tm+6d98: 00000635
tm+6d9c: 000003f0
tm+6e04: 00000387
tm+6e08: 000003ee
tm+6e10: 00000387
tm+6e14: 000003ee
tm+6e1c: 00000775
tm+6e24: 00000635
tm+6e34: 000003cb
tm+6e40: 0000004a
tm+6e88: 00000387
tm+6e94: 000003ee
tm+7004: 000000de
tm+7014: 0100017f
tm+7018: 00000001
tm+701c: ff803fff
tm+7020: 0100ff80
tm+7024: 00100200
tm+7028: 00000020
tm+7040: 000003ff
tm+7068: 0000001b
tm+7074: 00003fff
tm+7080: 00000635
tm+7088: 03cb0000
tm+708c: 03870000
tm+7090: 00000775
tm+70a4: 00077500
tm+70b4: 0d000000
tm+7100: 006001a8
tm+7104: 004e8000
tm+7108: 10086004
tm+710c: 400b4990
tm+7154: 00000635
tm+7158: 00000635
tm+7180: 03ee0000
tm+7198: 00000635
tm+719c: 000003f0
tm+7204: 00000387
tm+7208: 000003ee
tm+7210: 00000387
tm+7214: 000003ee
tm+721c: 00000775
tm+7224: 00000635
tm+7234: 000003cb
tm+7240: 0000004a
tm+7288: 00000387
tm+7294: 000003ee
tm+7404: 000000de
tm+7414: 0100017f
tm+7418: 00000001
tm+741c: ff803fff
tm+7420: 0100ff80
tm+7424: 00100200
tm+7428: 00000020
tm+7440: 000003ff
tm+7468: 0000001b
tm+7474: 00003fff
tm+7480: 00000635
tm+7488: 03cb0000
tm+748c: 03870000
tm+7490: 00000775
tm+74a4: 00077500
tm+74b4: 0d000000
tm+7500: 006001a8
tm+7504: 004e8000
tm+7508: 10086004
tm+750c: 400b4990
tm+7554: 00000635
tm+7558: 00000635
tm+7580: 03ee0000
tm+7598: 00000635
tm+759c: 000003f0
tm+7604: 00000387
tm+7608: 000003ee
tm+7610: 00000387
tm+7614: 000003ee
tm+761c: 00000775
tm+7624: 00000635
tm+7634: 000003cb
tm+7640: 0000004a
tm+7688: 00000387
tm+7694: 000003ee
tm+7804: 000000de
tm+7814: 0100017f
tm+7818: 00000001
tm+781c: ff803fff
tm+7820: 0100ff80
tm+7824: 00100200
tm+7828: 00000020
tm+7840: 000003ff
tm+7868: 0000001b
tm+7874: 00003fff
tm+7880: 00000635
tm+7888: 03cb0000
tm+788c: 03870000
tm+7890: 00000775
tm+78a4: 00077500
tm+78b4: 0d000000
tm+7900: 006001a8
tm+7904: 004e8000
tm+7908: 10086004
tm+790c: 400b4990
tm+7954: 00000635
tm+7958: 00000635
tm+7980: 03ee0000
tm+7998: 00000635
tm+799c: 000003f0
tm+7a04: 00000387
tm+7a08: 000003ee
tm+7a10: 00000387
tm+7a14: 000003ee
tm+7a1c: 00000775
tm+7a24: 00000635
tm+7a34: 000003cb
tm+7a40: 0000004a
tm+7a88: 00000387
tm+7a94: 000003ee
tm+7c04: 000000de
tm+7c14: 0100017f
tm+7c18: 00000001
tm+7c1c: ff803fff
tm+7c20: 0100ff80
tm+7c24: 00100200
tm+7c28: 00000020
tm+7c40: 000003ff
tm+7c68: 0000001b
tm+7c74: 00003fff
tm+7c80: 00000635
tm+7c88: 03cb0000
tm+7c8c: 03870000
tm+7c90: 00000775
tm+7ca4: 00077500
tm+7cb4: 0d000000
tm+7d00: 006001a8
tm+7d04: 004e8000
tm+7d08: 10086004
tm+7d0c: 400b4990
tm+7d54: 00000635
tm+7d58: 00000635
tm+7d80: 03ee0000
tm+7d98: 00000635
tm+7d9c: 000003f0
tm+7e04: 00000387
tm+7e08: 000003ee
tm+7e10: 00000387
tm+7e14: 000003ee
tm+7e1c: 00000775
tm+7e24: 00000635
tm+7e34: 000003cb
tm+7e40: 0000004a
tm+7e88: 00000387
tm+7e94: 000003ee
tm+8000: 00000001
tm+8004: 0104c040
tm+8008: 0104c040
tm+8010: 00000040
tm+8028: 00010004
tm+802c: 00010004
tm+8030: 01010101
tm+8034: 00000101
tm+8040: 00c50076
tm+8044: 00500001
tm+8048: 00000050
tm+804c: 00660050
tm+8058: 00000100
tm+805c: 00000003
tm+8080: 00001fb0
tm+8084: 00000016
tm+8088: 0000004f
tm+808c: 0000004f
tm+8090: 00000776
tm+8094: 00000001
tm+8098: 00000775
tm+80a8: 00000387
tm+80b0: 000003ef
tm+80b4: 00000001
tm+80b8: 000003ee
tm+80c8: 00000200
tm+80cc: 04022000
tm+80d0: 07f00000
tm+80d8: 00004000
tm+80dc: 40000111
tm+8400: 00000001
tm+8404: 0104c040
tm+8408: 0104c040
tm+8410: 00000040
tm+8428: 00010004
tm+842c: 00010004
tm+8430: 01010101
tm+8434: 00000101
tm+8440: 00c50076
tm+8444: 00500001
tm+8448: 00000050
tm+844c: 00660050
tm+8458: 00000100
tm+845c: 00000003
tm+8480: 00001fb0
tm+8484: 00000016
tm+8488: 0000004f
tm+848c: 0000004f
tm+8490: 00000776
tm+8494: 00000001
tm+8498: 00000775
tm+84a8: 00000387
tm+84b0: 000003ef
tm+84b4: 00000001
tm+84b8: 000003ee
tm+84c8: 00000200
tm+84cc: 04022000
tm+84d0: 07f00000
tm+84d8: 00004000
tm+84dc: 40000111
tm+8800: 00000001
tm+8804: 0104c040
tm+8808: 0104c040
tm+8810: 00000040
tm+8828: 00010004
tm+882c: 00010004
tm+8830: 01010101
tm+8834: 00000101
tm+8840: 00c50076
tm+8844: 00500001
tm+8848: 00000050
tm+884c: 00660050
tm+8858: 00000100
tm+885c: 00000003
tm+8880: 00001fb0
tm+8884: 00000016
tm+8888: 0000004f
tm+888c: 0000004f
tm+8890: 00000776
tm+8894: 00000001
tm+8898: 00000775
tm+88a8: 00000387
tm+88b0: 000003ef
tm+88b4: 00000001
tm+88b8: 000003ee
tm+88c8: 00000200
tm+88cc: 04022000
tm+88d0: 07f00000
tm+88d8: 00004000
tm+88dc: 40000111
tm+8c00: 00000001
tm+8c04: 0104c040
tm+8c08: 0104c040
tm+8c10: 00000040
tm+8c28: 00010004
tm+8c2c: 00010004
tm+8c30: 01010101
tm+8c34: 00000101
tm+8c40: 00c50076
tm+8c44: 00500001
tm+8c48: 00000050
tm+8c4c: 00660050
tm+8c58: 00000100
tm+8c5c: 00000003
tm+8c80: 00001fb0
tm+8c84: 00000016
tm+8c88: 0000004f
tm+8c8c: 0000004f
tm+8c90: 00000776
tm+8c94: 00000001
tm+8c98: 00000775
tm+8ca8: 00000387
tm+8cb0: 000003ef
tm+8cb4: 00000001
tm+8cb8: 000003ee
tm+8cc8: 00000200
tm+8ccc: 04022000
tm+8cd0: 07f00000
tm+8cd8: 00004000
tm+8cdc: 40000111
tm+9000: 00000001
tm+9004: 0104c040
tm+9008: 0104c040
tm+9010: 00000040
tm+9028: 00010004
tm+902c: 00010004
tm+9030: 01010101
tm+9034: 00000101
tm+9040: 00c50076
tm+9044: 00500001
tm+9048: 00000050
tm+904c: 00660050
tm+9058: 00000100
tm+905c: 00000003
tm+9080: 00001fb0
tm+9084: 00000016
tm+9088: 0000004f
tm+908c: 0000004f
tm+9090: 00000776
tm+9094: 00000001
tm+9098: 00000775
tm+90a8: 00000387
tm+90b0: 000003ef
tm+90b4: 00000001
tm+90b8: 000003ee
tm+90c8: 00000200
tm+90cc: 04022000
tm+90d0: 07f00000
tm+90d8: 00004000
tm+90dc: 40000111
tm+9400: 00000001
tm+9404: 0104c040
tm+9408: 0104c040
tm+9410: 00000040
tm+9428: 00010004
tm+942c: 00010004
tm+9430: 01010101
tm+9434: 00000101
tm+9440: 00c50076
tm+9444: 00500001
tm+9448: 00000050
tm+944c: 00660050
tm+9458: 00000100
tm+945c: 00000003
tm+9480: 00001fb0
tm+9484: 00000016
tm+9488: 0000004f
tm+948c: 0000004f
tm+9490: 00000776
tm+9494: 00000001
tm+9498: 00000775
tm+94a8: 00000387
tm+94b0: 000003ef
tm+94b4: 00000001
tm+94b8: 000003ee
tm+94c8: 00000200
tm+94cc: 04022000
tm+94d0: 07f00000
tm+94d8: 00004000
tm+94dc: 40000111
tm+9800: 00000001
tm+9804: 0104c040
tm+9808: 0104c040
tm+9810: 00000040
tm+9828: 00010004
tm+982c: 00010004
tm+9830: 01010101
tm+9834: 00000101
tm+9840: 00c50076
tm+9844: 00500001
tm+9848: 00000050
tm+984c: 00660050
tm+9858: 00000100
tm+985c: 00000003
tm+9880: 00001fb0
tm+9884: 00000016
tm+9888: 0000004f
tm+988c: 0000004f
tm+9890: 00000776
tm+9894: 00000001
tm+9898: 00000775
tm+98a8: 00000387
tm+98b0: 000003ef
tm+98b4: 00000001
tm+98b8: 000003ee
tm+98c8: 00000200
tm+98cc: 04022000
tm+98d0: 07f00000
tm+98d8: 00004000
tm+98dc: 40000111
tm+9c00: 00000001
tm+9c04: 0104c040
tm+9c08: 0104c040
tm+9c10: 00000040
tm+9c28: 00010004
tm+9c2c: 00010004
tm+9c30: 01010101
tm+9c34: 00000101
tm+9c40: 00c50076
tm+9c44: 00500001
tm+9c48: 00000050
tm+9c4c: 00660050
tm+9c58: 00000100
tm+9c5c: 00000003
tm+9c80: 00001fb0
tm+9c84: 00000016
tm+9c88: 0000004f
tm+9c8c: 0000004f
tm+9c90: 00000776
tm+9c94: 00000001
tm+9c98: 00000775
tm+9ca8: 00000387
tm+9cb0: 000003ef
tm+9cb4: 00000001
tm+9cb8: 000003ee
tm+9cc8: 00000200
tm+9ccc: 04022000
tm+9cd0: 07f00000
tm+9cd8: 00004000
tm+9cdc: 40000111
tm+a000: 00000001
tm+a004: 0104c040
tm+a008: 0104c040
tm+a010: 00000040
tm+a028: 00010004
tm+a02c: 00010004
tm+a030: 01010101
tm+a034: 00000101
tm+a040: 00c50076
tm+a044: 00500001
tm+a048: 00000050
tm+a04c: 00660050
tm+a058: 00000100
tm+a05c: 00000003
tm+a080: 00001fb0
tm+a084: 00000016
tm+a088: 0000004f
tm+a08c: 0000004f
tm+a090: 00000776
tm+a094: 00000001
tm+a098: 00000775
tm+a0a8: 00000387
tm+a0b0: 000003ef
tm+a0b4: 00000001
tm+a0b8: 000003ee
tm+a0c8: 00000200
tm+a0cc: 04022000
tm+a0d0: 07f00000
tm+a0d8: 00004000
tm+a0dc: 40000111
tm+a400: 00000001
tm+a404: 0104c040
tm+a408: 0104c040
tm+a410: 00000040
tm+a428: 00010004
tm+a42c: 00010004
tm+a430: 01010101
tm+a434: 00000101
tm+a440: 00c50076
tm+a444: 00500001
tm+a448: 00000050
tm+a44c: 00660050
tm+a458: 00000100
tm+a45c: 00000003
tm+a480: 00001fb0
tm+a484: 00000016
tm+a488: 0000004f
tm+a48c: 0000004f
tm+a490: 00000776
tm+a494: 00000001
tm+a498: 00000775
tm+a4a8: 00000387
tm+a4b0: 000003ef
tm+a4b4: 00000001
tm+a4b8: 000003ee
tm+a4c8: 00000200
tm+a4cc: 04022000
tm+a4d0: 07f00000
tm+a4d8: 00004000
tm+a4dc: 40000111
tm+a800: 00000001
tm+a804: 0104c040
tm+a808: 0104c040
tm+a810: 00000040
tm+a828: 00010004
tm+a82c: 00010004
tm+a830: 01010101
tm+a834: 00000101
tm+a840: 00c50076
tm+a844: 00500001
tm+a848: 00000050
tm+a84c: 00660050
tm+a858: 00000100
tm+a85c: 00000003
tm+a880: 00001fb0
tm+a884: 00000016
tm+a888: 0000004f
tm+a88c: 0000004f
tm+a890: 00000776
tm+a894: 00000001
tm+a898: 00000775
tm+a8a8: 00000387
tm+a8b0: 000003ef
tm+a8b4: 00000001
tm+a8b8: 000003ee
tm+a8c8: 00000200
tm+a8cc: 04022000
tm+a8d0: 07f00000
tm+a8d8: 00004000
tm+a8dc: 40000111
tm+ac00: 00000001
tm+ac04: 0104c040
tm+ac08: 0104c040
tm+ac10: 00000040
tm+ac28: 00010004
tm+ac2c: 00010004
tm+ac30: 01010101
tm+ac34: 00000101
tm+ac40: 00c50076
tm+ac44: 00500001
tm+ac48: 00000050
tm+ac4c: 00660050
tm+ac58: 00000100
tm+ac5c: 00000003
tm+ac80: 00001fb0
tm+ac84: 00000016
tm+ac88: 0000004f
tm+ac8c: 0000004f
tm+ac90: 00000776
tm+ac94: 00000001
tm+ac98: 00000775
tm+aca8: 00000387
tm+acb0: 000003ef
tm+acb4: 00000001
tm+acb8: 000003ee
tm+acc8: 00000200
tm+accc: 04022000
tm+acd0: 07f00000
tm+acd8: 00004000
tm+acdc: 40000111
tm+b000: 00000001
tm+b004: 0104c040
tm+b008: 0104c040
tm+b010: 00000040
tm+b028: 00010004
tm+b02c: 00010004
tm+b030: 01010101
tm+b034: 00000101
tm+b040: 00c50076
tm+b044: 00500001
tm+b048: 00000050
tm+b04c: 00660050
tm+b058: 00000100
tm+b05c: 00000003
tm+b080: 00001fb0
tm+b084: 00000016
tm+b088: 0000004f
tm+b08c: 0000004f
tm+b090: 00000776
tm+b094: 00000001
tm+b098: 00000775
tm+b0a8: 00000387
tm+b0b0: 000003ef
tm+b0b4: 00000001
tm+b0b8: 000003ee
tm+b0c8: 00000200
tm+b0cc: 04022000
tm+b0d0: 07f00000
tm+b0d8: 00004000
tm+b0dc: 40000111
tm+b400: 00000001
tm+b404: 0104c040
tm+b408: 0104c040
tm+b410: 00000040
tm+b428: 00010004
tm+b42c: 00010004
tm+b430: 01010101
tm+b434: 00000101
tm+b440: 00c50076
tm+b444: 00500001
tm+b448: 00000050
tm+b44c: 00660050
tm+b458: 00000100
tm+b45c: 00000003
tm+b480: 00001fb0
tm+b484: 00000016
tm+b488: 0000004f
tm+b48c: 0000004f
tm+b490: 00000776
tm+b494: 00000001
tm+b498: 00000775
tm+b4a8: 00000387
tm+b4b0: 000003ef
tm+b4b4: 00000001
tm+b4b8: 000003ee
tm+b4c8: 00000200
tm+b4cc: 04022000
tm+b4d0: 07f00000
tm+b4d8: 00004000
tm+b4dc: 40000111
tm+b800: 00000001
tm+b804: 0104c040
tm+b808: 0104c040
tm+b810: 00000040
tm+b828: 00010004
tm+b82c: 00010004
tm+b830: 01010101
tm+b834: 00000101
tm+b840: 00c50076
tm+b844: 00500001
tm+b848: 00000050
tm+b84c: 00660050
tm+b858: 00000100
tm+b85c: 00000003
tm+b880: 00001fb0
tm+b884: 00000016
tm+b888: 0000004f
tm+b88c: 0000004f
tm+b890: 00000776
tm+b894: 00000001
tm+b898: 00000775
tm+b8a8: 00000387
tm+b8b0: 000003ef
tm+b8b4: 00000001
tm+b8b8: 000003ee
tm+b8c8: 00000200
tm+b8cc: 04022000
tm+b8d0: 07f00000
tm+b8d8: 00004000
tm+b8dc: 40000111
tm+bc00: 00000001
tm+bc04: 0104c040
tm+bc08: 0104c040
tm+bc10: 00000040
tm+bc28: 00010004
tm+bc2c: 00010004
tm+bc30: 01010101
tm+bc34: 00000101
tm+bc40: 00c50076
tm+bc44: 00500001
tm+bc48: 00000050
tm+bc4c: 00660050
tm+bc58: 00000100
tm+bc5c: 00000003
tm+bc80: 00001fb0
tm+bc84: 00000016
tm+bc88: 0000004f
tm+bc8c: 0000004f
tm+bc90: 00000776
tm+bc94: 00000001
tm+bc98: 00000775
tm+bca8: 00000387
tm+bcb0: 000003ef
tm+bcb4: 00000001
tm+bcb8: 000003ee
tm+bcc8: 00000200
tm+bccc: 04022000
tm+bcd0: 07f00000
tm+bcd8: 00004000
tm+bcdc: 40000111
tm+c000: 01f40fa0
tm+c004: 00000002
tm+c00c: 000003ff
tm+c010: 00000faa
tm+c02c: 00001112
tm+c044: 00000387
tm+c060: 000003ee
tm+c090: 00001f99
tm+c09c: 0000eeee
tm+c0a4: 00001001
tm+c0cc: 000000ee
tm+c0d4: 00870000
tm+c400: 01f40fa0
tm+c404: 00000002
tm+c40c: 000003ff
tm+c410: 00000faa
tm+c42c: 00001112
tm+c444: 00000387
tm+c460: 000003ee
tm+c490: 00001f99
tm+c49c: 0000eeee
tm+c4a4: 00001001
tm+c4cc: 000000ee
tm+c4d4: 00870000
tm+c800: 01f40fa0
tm+c804: 00000002
tm+c80c: 000003ff
tm+c810: 00000faa
tm+c82c: 00001112
tm+c844: 00000387
tm+c860: 000003ee
tm+c890: 00001f99
tm+c89c: 0000eeee
tm+c8a4: 00001001
tm+c8cc: 000000ee
tm+c8d4: 00870000
tm+cc00: 01f40fa0
tm+cc04: 00000002
tm+cc0c: 000003ff
tm+cc10: 00000faa
tm+cc2c: 00001112
tm+cc44: 00000387
tm+cc60: 000003ee
tm+cc90: 00001f99
tm+cc9c: 0000eeee
tm+cca4: 00001001
tm+cccc: 000000ee
tm+ccd4: 00870000
tm+d000: 01f40fa0
tm+d004: 00000002
tm+d00c: 000003ff
tm+d010: 00000faa
tm+d02c: 00001112
tm+d044: 00000387
tm+d060: 000003ee
tm+d090: 00001f99
tm+d09c: 0000eeee
tm+d0a4: 00001001
tm+d0cc: 000000ee
tm+d0d4: 00870000
tm+d400: 01f40fa0
tm+d404: 00000002
tm+d40c: 000003ff
tm+d410: 00000faa
tm+d42c: 00001112
tm+d444: 00000387
tm+d460: 000003ee
tm+d490: 00001f99
tm+d49c: 0000eeee
tm+d4a4: 00001001
tm+d4cc: 000000ee
tm+d4d4: 00870000
tm+d800: 01f40fa0
tm+d804: 00000002
tm+d80c: 000003ff
tm+d810: 00000faa
tm+d82c: 00001112
tm+d844: 00000387
tm+d860: 000003ee
tm+d890: 00001f99
tm+d89c: 0000eeee
tm+d8a4: 00001001
tm+d8cc: 000000ee
tm+d8d4: 00870000
tm+dc00: 01f40fa0
tm+dc04: 00000002
tm+dc0c: 000003ff
tm+dc10: 00000faa
tm+dc2c: 00001112
tm+dc44: 00000387
tm+dc60: 000003ee
tm+dc90: 00001f99
tm+dc9c: 0000eeee
tm+dca4: 00001001
tm+dccc: 000000ee
tm+dcd4: 00870000
tm+e000: 01f40fa0
tm+e004: 00000002
tm+e00c: 000003ff
tm+e010: 00000faa
tm+e02c: 00001112
tm+e044: 00000387
tm+e060: 000003ee
tm+e090: 00001f99
tm+e09c: 0000eeee
tm+e0a4: 00001001
tm+e0cc: 000000ee
tm+e0d4: 00870000
tm+e400: 01f40fa0
tm+e404: 00000002
tm+e40c: 000003ff
tm+e410: 00000faa
tm+e42c: 00001112
tm+e444: 00000387
tm+e460: 000003ee
tm+e490: 00001f99
tm+e49c: 0000eeee
tm+e4a4: 00001001
tm+e4cc: 000000ee
tm+e4d4: 00870000
tm+e800: 01f40fa0
tm+e804: 00000002
tm+e80c: 000003ff
tm+e810: 00000faa
tm+e82c: 00001112
tm+e844: 00000387
tm+e860: 000003ee
tm+e890: 00001f99
tm+e89c: 0000eeee
tm+e8a4: 00001001
tm+e8cc: 000000ee
tm+e8d4: 00870000
tm+ec00: 01f40fa0
tm+ec04: 00000002
tm+ec0c: 000003ff
tm+ec10: 00000faa
tm+ec2c: 00001112
tm+ec44: 00000387
tm+ec60: 000003ee
tm+ec90: 00001f99
tm+ec9c: 0000eeee
tm+eca4: 00001001
tm+eccc: 000000ee
tm+ecd4: 00870000
tm+f000: 01f40fa0
tm+f004: 00000002
tm+f00c: 000003ff
tm+f010: 00000faa
tm+f02c: 00001112
tm+f044: 00000387
tm+f060: 000003ee
tm+f090: 00001f99
tm+f09c: 0000eeee
tm+f0a4: 00001001
tm+f0cc: 000000ee
tm+f0d4: 00870000
tm+f400: 01f40fa0
tm+f404: 00000002
tm+f40c: 000003ff
tm+f410: 00000faa
tm+f42c: 00001112
tm+f444: 00000387
tm+f460: 000003ee
tm+f490: 00001f99
tm+f49c: 0000eeee
tm+f4a4: 00001001
tm+f4cc: 000000ee
tm+f4d4: 00870000
tm+f800: 01f40fa0
tm+f804: 00000002
tm+f80c: 000003ff
tm+f810: 00000faa
tm+f82c: 00001112
tm+f844: 00000387
tm+f860: 000003ee
tm+f890: 00001f99
tm+f89c: 0000eeee
tm+f8a4: 00001001
tm+f8cc: 000000ee
tm+f8d4: 00870000
tm+fc00: 01f40fa0
tm+fc04: 00000002
tm+fc0c: 000003ff
tm+fc10: 00000faa
tm+fc2c: 00001112
tm+fc44: 00000387
tm+fc60: 000003ee
tm+fc90: 00001f99
tm+fc9c: 0000eeee
tm+fca4: 00001001
tm+fccc: 000000ee
tm+fcd4: 00870000
npp+0004: ffffffff
npp+000c: 0003ffff
npp+0060: 00201000
npp+0064: 00201000
npp+0068: 00201000
npp+006c: 00201000
npp+0070: 00a01000
npp+0114: 00000004
npp+0184: 07d00001
npp+0188: 00007654
npp+018c: 00007530
npp+0190: 0000c350
npp+0194: 00013880
npp+0198: 000186a0
npp+019c: 000186a0
npp+01a0: 00030d40
npp+01a4: 000249f0
npp+01a8: 000249f0
npp+01ac: 000493e0
npp+01b0: 000186a0
npp+01b4: 00000003
npp+0404: ffffffff
npp+040c: 0003ffff
npp+0460: 00201000
npp+0464: 00201000
npp+0468: 00201000
npp+046c: 00201000
npp+0470: 00a01000
npp+0514: 00000004
npp+0584: 07d00001
npp+0588: 00007654
npp+058c: 00007530
npp+0590: 0000c350
npp+0594: 00013880
npp+0598: 000186a0
npp+059c: 000186a0
npp+05a0: 00030d40
npp+05a4: 000249f0
npp+05a8: 000249f0
npp+05ac: 000493e0
npp+05b0: 000186a0
npp+05b4: 00000003
npp+0804: ffffffff
npp+080c: 0003ffff
npp+0860: 00201000
npp+0864: 00201000
npp+0868: 00201000
npp+086c: 00201000
npp+0870: 00a01000
npp+0914: 00000004
npp+0984: 07d00001
npp+0988: 00007654
npp+098c: 00007530
npp+0990: 0000c350
npp+0994: 00013880
npp+0998: 000186a0
npp+099c: 000186a0
npp+09a0: 00030d40
npp+09a4: 000249f0
npp+09a8: 000249f0
npp+09ac: 000493e0
npp+09b0: 000186a0
npp+09b4: 00000003
npp+0c04: ffffffff
npp+0c0c: 0003ffff
npp+0c60: 00201000
npp+0c64: 00201000
npp+0c68: 00201000
npp+0c6c: 00201000
npp+0c70: 00a01000
npp+0d14: 00000004
npp+0d84: 07d00001
npp+0d88: 00007654
npp+0d8c: 00007530
npp+0d90: 0000c350
npp+0d94: 00013880
npp+0d98: 000186a0
npp+0d9c: 000186a0
npp+0da0: 00030d40
npp+0da4: 000249f0
npp+0da8: 000249f0
npp+0dac: 000493e0
npp+0db0: 000186a0
npp+0db4: 00000003
npp+1004: ffffffff
npp+100c: 0003ffff
npp+1060: 00201000
npp+1064: 00201000
npp+1068: 00201000
npp+106c: 00201000
npp+1070: 00a01000
npp+1114: 00000004
npp+1184: 07d00001
npp+1188: 00007654
npp+118c: 00007530
npp+1190: 0000c350
npp+1194: 00013880
npp+1198: 000186a0
npp+119c: 000186a0
npp+11a0: 00030d40
npp+11a4: 000249f0
npp+11a8: 000249f0
npp+11ac: 000493e0
npp+11b0: 000186a0
npp+11b4: 00000003
npp+1404: ffffffff
npp+140c: 0003ffff
npp+1460: 00201000
npp+1464: 00201000
npp+1468: 00201000
npp+146c: 00201000
npp+1470: 00a01000
npp+1514: 00000004
npp+1584: 07d00001
npp+1588: 00007654
npp+158c: 00007530
npp+1590: 0000c350
npp+1594: 00013880
npp+1598: 000186a0
npp+159c: 000186a0
npp+15a0: 00030d40
npp+15a4: 000249f0
npp+15a8: 000249f0
npp+15ac: 000493e0
npp+15b0: 000186a0
npp+15b4: 00000003
npp+1804: ffffffff
npp+180c: 0003ffff
npp+1860: 00201000
npp+1864: 00201000
npp+1868: 00201000
npp+186c: 00201000
npp+1870: 00a01000
npp+1914: 00000004
npp+1984: 07d00001
npp+1988: 00007654
npp+198c: 00007530
npp+1990: 0000c350
npp+1994: 00013880
npp+1998: 000186a0
npp+199c: 000186a0
npp+19a0: 00030d40
npp+19a4: 000249f0
npp+19a8: 000249f0
npp+19ac: 000493e0
npp+19b0: 000186a0
npp+19b4: 00000003
npp+1c04: ffffffff
npp+1c0c: 0003ffff
npp+1c60: 00201000
npp+1c64: 00201000
npp+1c68: 00201000
npp+1c6c: 00201000
npp+1c70: 00a01000
npp+1d14: 00000004
npp+1d84: 07d00001
npp+1d88: 00007654
npp+1d8c: 00007530
npp+1d90: 0000c350
npp+1d94: 00013880
npp+1d98: 000186a0
npp+1d9c: 000186a0
npp+1da0: 00030d40
npp+1da4: 000249f0
npp+1da8: 000249f0
npp+1dac: 000493e0
npp+1db0: 000186a0
npp+1db4: 00000003
npp+2004: ffffffff
npp+200c: 0003ffff
npp+2060: 00201000
npp+2064: 00201000
npp+2068: 00201000
npp+206c: 00201000
npp+2070: 00a01000
npp+2114: 00000004
npp+2184: 07d00001
npp+2188: 00007654
npp+218c: 00007530
npp+2190: 0000c350
npp+2194: 00013880
npp+2198: 000186a0
npp+219c: 000186a0
npp+21a0: 00030d40
npp+21a4: 000249f0
npp+21a8: 000249f0
npp+21ac: 000493e0
npp+21b0: 000186a0
npp+21b4: 00000003
npp+2404: ffffffff
npp+240c: 0003ffff
npp+2460: 00201000
npp+2464: 00201000
npp+2468: 00201000
npp+246c: 00201000
npp+2470: 00a01000
npp+2514: 00000004
npp+2584: 07d00001
npp+2588: 00007654
npp+258c: 00007530
npp+2590: 0000c350
npp+2594: 00013880
npp+2598: 000186a0
npp+259c: 000186a0
npp+25a0: 00030d40
npp+25a4: 000249f0
npp+25a8: 000249f0
npp+25ac: 000493e0
npp+25b0: 000186a0
npp+25b4: 00000003
npp+2804: ffffffff
npp+280c: 0003ffff
npp+2860: 00201000
npp+2864: 00201000
npp+2868: 00201000
npp+286c: 00201000
npp+2870: 00a01000
npp+2914: 00000004
npp+2984: 07d00001
npp+2988: 00007654
npp+298c: 00007530
npp+2990: 0000c350
npp+2994: 00013880
npp+2998: 000186a0
npp+299c: 000186a0
npp+29a0: 00030d40
npp+29a4: 000249f0
npp+29a8: 000249f0
npp+29ac: 000493e0
npp+29b0: 000186a0
npp+29b4: 00000003
npp+2c04: ffffffff
npp+2c0c: 0003ffff
npp+2c60: 00201000
npp+2c64: 00201000
npp+2c68: 00201000
npp+2c6c: 00201000
npp+2c70: 00a01000
npp+2d14: 00000004
npp+2d84: 07d00001
npp+2d88: 00007654
npp+2d8c: 00007530
npp+2d90: 0000c350
npp+2d94: 00013880
npp+2d98: 000186a0
npp+2d9c: 000186a0
npp+2da0: 00030d40
npp+2da4: 000249f0
npp+2da8: 000249f0
npp+2dac: 000493e0
npp+2db0: 000186a0
npp+2db4: 00000003
npp+3004: ffffffff
npp+300c: 0003ffff
npp+3060: 00201000
npp+3064: 00201000
npp+3068: 00201000
npp+306c: 00201000
npp+3070: 00a01000
npp+3114: 00000004
npp+3184: 07d00001
npp+3188: 00007654
npp+318c: 00007530
npp+3190: 0000c350
npp+3194: 00013880
npp+3198: 000186a0
npp+319c: 000186a0
npp+31a0: 00030d40
npp+31a4: 000249f0
npp+31a8: 000249f0
npp+31ac: 000493e0
npp+31b0: 000186a0
npp+31b4: 00000003
npp+3404: ffffffff
npp+340c: 0003ffff
npp+3460: 00201000
npp+3464: 00201000
npp+3468: 00201000
npp+346c: 00201000
npp+3470: 00a01000
npp+3514: 00000004
npp+3584: 07d00001
npp+3588: 00007654
npp+358c: 00007530
npp+3590: 0000c350
npp+3594: 00013880
npp+3598: 000186a0
npp+359c: 000186a0
npp+35a0: 00030d40
npp+35a4: 000249f0
npp+35a8: 000249f0
npp+35ac: 000493e0
npp+35b0: 000186a0
npp+35b4: 00000003
npp+3804: ffffffff
npp+380c: 0003ffff
npp+3860: 00201000
npp+3864: 00201000
npp+3868: 00201000
npp+386c: 00201000
npp+3870: 00a01000
npp+3914: 00000004
npp+3984: 07d00001
npp+3988: 00007654
npp+398c: 00007530
npp+3990: 0000c350
npp+3994: 00013880
npp+3998: 000186a0
npp+399c: 000186a0
npp+39a0: 00030d40
npp+39a4: 000249f0
npp+39a8: 000249f0
npp+39ac: 000493e0
npp+39b0: 000186a0
npp+39b4: 00000003
npp+3c04: ffffffff
npp+3c0c: 0003ffff
npp+3c60: 00201000
npp+3c64: 00201000
npp+3c68: 00201000
npp+3c6c: 00201000
npp+3c70: 00a01000
npp+3d14: 00000004
npp+3d84: 07d00001
npp+3d88: 00007654
npp+3d8c: 00007530
npp+3d90: 0000c350
npp+3d94: 00013880
npp+3d98: 000186a0
npp+3d9c: 000186a0
npp+3da0: 00030d40
npp+3da4: 000249f0
npp+3da8: 000249f0
npp+3dac: 000493e0
npp+3db0: 000186a0
npp+3db4: 00000003
pp+0000: 00ba6003
pp+0004: 00003fff
pp+0008: 80000001
pp+00d4: 03e80000
pp+00dc: 00000063
pp+0110: 00001142
pp+011c: 0401710f
pp+0120: 00800800
pp+0300: 8000ffff
pp+0304: ffffffff
pp+0714: 00024132
pp+0718: 00000387
pp+071c: 00000004
pp+0720: 00000020
pp+0724: 0000022d
pp+0728: 00000071
pp+072c: 00000049
pp+0730: 00000015
pp+0734: 0000008a
pp+0738: 00000001
pp+073c: 00000363
pp+0740: 00000020
pp+0744: 00000004
pp+0764: 00024132
pp+0768: 00000387
pp+0780: 000003ee
pp+0784: 000584af
pp+0788: 000584af
pp+078c: 00000015
pp+0790: 00000042
pp+07ac: 00000098
pp+07b0: 000000c3
pp+07b4: 00000066
pp+07b8: 00000007
pp+07bc: 00000220
pp+07c0: 00000006
pp+07c4: 00000397
pp+0b00: 00002000
cla+0070: ffff0000
cla+00d4: 03e80000
cla+00dc: 00000063
cla+00e4: 00000008
cla+0110: 00001142
cla+011c: 1401710f
cla+0120: 00800800
cla+0300: 8000ffff
cla+0304: ffffffff
cla+0b00: 00002000
regtrace: ==== DUMP END ====
