<4>inbytes = 336287
<4>inpkts = 1568
<4>inunicast = 1379
<4>inmulticast = 132
<4>inbroadcast = 57
<4>inerror = 0
<4>indiscard = 0
<4>outbytes = 410258
<4>outpkts = 1397
<4>outunicast = 1340
<4>outmulticast = 53
<4>outbroadcast = 4
<4>outerror = 0
<4>outdiscard = 0
<4>inundersize = 0
<4>inoversize = 0
<4>infragments = 0
<4>injabbers = 0
<4>outundersize = 0
<4>outoversize = 0
<4>pppoefiltered = 0
<4>statechange = 0
<4>outpause = 0
<4>dropevents = 0
<4>in64 = 222
<4>in65to127 = 713
<4>in128to255 = 311
<4>in256to511 = 65
<4>in512to1023 = 216
<4>in1024tomax = 41
<4>out64 = 227
<4>out65to127 = 647
<4>out128to255 = 107
<4>out256to511 = 64
<4>out512to1024 = 261
<4>out1024tomax = 91
<4>outexcession = 0
<4>outlate = 0
<4>outsingle = 0
<4>outmultiple = 0
<4>SQE = 0
<4>outdeferred = 0
<4>outmacerror = 0
<4>outcarrier = 0
<4>inalignment = 0
<4>inmacerror = 0
<4>CLA hash_table get: 
<4>hashaddr = 0x0, windata19 = 0x0, windata18 = 0x0, windata17 = 0x0, windata16 = 0x0
<4>windata15 = 0x0, windata14 = 0x0, windata13 = 0x0, windata12 = 0x0, windata11 = 0x0
<4>windata10 = 0x0, windata9 = 0x0, windata8 = 0x0, windata7 = 0x0, windata6 = 0x0
<4>windata5 = 0x0, windata4 = 0x0, windata3 = 0x0, windata2 = 0x0, windata1 = 0x0
<4>windata0 = 0xe000, Reserve = 0x0, da_known = 0x0, t-condId high = 0x0, gemport_valid = 0x0
<4>flow_sta_info = 0x0, valid = 0x1, direction = 0x0, rule_mode = 0x0, extract_index = 0x59
<4>pppoe_flag = 0x0, l2_type = 0x0, tag_level = 0x0, inport= = 0x5, outport = 0x0
<4>flow_pri = 0x2f, wan_id = 0x0, qid_dscp_en = 0x0 qid_dscp_ram_index = 0x0,qos_rp_flag = 0x0, qos_id = 0x0
<4>adm_bucket_rp_en = 0x1, bucket_info = 0x0, mtu_rp_flag = 0x1, mtu = 0x0, cpu_qid_rg_flag = 0x1
<4>cpu_qid = 0x1,  cmd_flow_info_rp_flag = 0x1, vlan_changed_flag = 0x0, mod_en = 0x1, pkt_len_changed = 0x0, e8_en = 0
<4>cmd_flow_id = 0x0, tcnt_gpid_rp_en = 0x1, gemport_uni_id = 0x5, tcont_id = 0x0
<4>queue_info_rp_flag = 0x1, queue_id = 0x2, act_rp_flag = 0x1, action = 0x1
<4>len:2
<4>CLA hash_table get: 
<4>hashaddr = 0x1, windata19 = 0x0, windata18 = 0x0, windata17 = 0x0, windata16 = 0x0
<4>windata15 = 0x0, windata14 = 0x0, windata13 = 0x0, windata12 = 0x0, windata11 = 0x0
<4>windata10 = 0x0, windata9 = 0x0, windata8 = 0x0, windata7 = 0x0, windata6 = 0x0
<4>windata5 = 0x0, windata4 = 0x0, windata3 = 0x0, windata2 = 0x0, windata1 = 0x0
<4>windata0 = 0x0, Reserve = 0x0, da_known = 0x0, t-condId high = 0x0, gemport_valid = 0x0
<4>flow_sta_info = 0x0, valid = 0x0, direction = 0x0, rule_mode = 0x0, extract_index = 0x0
<4>pppoe_flag = 0x0, l2_type = 0x0, tag_level = 0x0, inport= = 0x0, outport = 0x0
<4>flow_pri = 0x0, wan_id = 0x0, qid_dscp_en = 0x0 qid_dscp_ram_index = 0x0,qos_rp_flag = 0x0, qos_id = 0x0
<4>adm_bucket_rp_en = 0x0, bucket_info = 0x0, mtu_rp_flag = 0x0, mtu = 0x0, cpu_qid_rg_flag = 0x0
<4>cpu_qid = 0x0,  cmd_flow_info_rp_flag = 0x0, vlan_changed_flag = 0x0, mod_en = 0x0, pkt_len_changed = 0x0, e8_en = 0
<4>cmd_flow_id = 0x0, tcnt_gpid_rp_en = 0x0, gemport_uni_id = 0x0, tcont_id = 0x0
<4>queue_info_rp_flag = 0x0, queue_id = 0x0, act_rp_flag = 0x0, action = 0x0
<4>len:2
<4>CLA hash_table get: 
<4>hashaddr = 0x2, windata19 = 0x0, windata18 = 0x0, windata17 = 0x0, windata16 = 0x0
<4>windata15 = 0x0, windata14 = 0x0, windata13 = 0x0, windata12 = 0x0, windata11 = 0x0
<4>windata10 = 0x0, windata9 = 0x0, windata8 = 0x0, windata7 = 0x0, windata6 = 0x0
<4>windata5 = 0x0, windata4 = 0x0, windata3 = 0x0, windata2 = 0x0, windata1 = 0x0
<4>windata0 = 0x0, Reserve = 0x0, da_known = 0x0, t-condId high = 0x0, gemport_valid = 0x0
<4>flow_sta_info = 0x0, valid = 0x0, direction = 0x0, rule_mode = 0x0, extract_index = 0x0
<4>pppoe_flag = 0x0, l2_type = 0x0, tag_level = 0x0, inport= = 0x0, outport = 0x0
<4>flow_pri = 0x0, wan_id = 0x0, qid_dscp_en = 0x0 qid_dscp_ram_index = 0x0,qos_rp_flag = 0x0, qos_id = 0x0
<4>adm_bucket_rp_en = 0x0, bucket_info = 0x0, mtu_rp_flag = 0x0, mtu = 0x0, cpu_qid_rg_flag = 0x0
<4>cpu_qid = 0x0,  cmd_flow_info_rp_flag = 0x0, vlan_changed_flag = 0x0, mod_en = 0x0, pkt_len_changed = 0x0, e8_en = 0
<4>cmd_flow_id = 0x0, tcnt_gpid_rp_en = 0x0, gemport_uni_id = 0x0, tcont_id = 0x0
<4>queue_info_rp_flag = 0x0, queue_id = 0x0, act_rp_flag = 0x0, action = 0x0
<4>len:2
<4>CLA hash_table get: 
<4>hashaddr = 0x3, windata19 = 0x0, windata18 = 0x0, windata17 = 0x0, windata16 = 0x0
<4>windata15 = 0x0, windata14 = 0x0, windata13 = 0x0, windata12 = 0x0, windata11 = 0x0
<4>windata10 = 0x0, windata9 = 0x0, windata8 = 0x0, windata7 = 0x0, windata6 = 0x0
<4>windata5 = 0x0, windata4 = 0x0, windata3 = 0x0, windata2 = 0x0, windata1 = 0x0
<4>windata0 = 0x0, Reserve = 0x0, da_known = 0x0, t-condId high = 0x0, gemport_valid = 0x0
<4>flow_sta_info = 0x0, valid = 0x0, direction = 0x0, rule_mode = 0x0, extract_index = 0x0
<4>pppoe_flag = 0x0, l2_type = 0x0, tag_level = 0x0, inport= = 0x0, outport = 0x0
<4>flow_pri = 0x0, wan_id = 0x0, qid_dscp_en = 0x0 qid_dscp_ram_index = 0x0,qos_rp_flag = 0x0, qos_id = 0x0
<4>adm_bucket_rp_en = 0x0, bucket_info = 0x0, mtu_rp_flag = 0x0, mtu = 0x0, cpu_qid_rg_flag = 0x0
<4>cpu_qid = 0x0,  cmd_flow_info_rp_flag = 0x0, vlan_changed_flag = 0x0, mod_en = 0x0, pkt_len_changed = 0x0, e8_en = 0
<4>cmd_flow_id = 0x0, tcnt_gpid_rp_en = 0x0, gemport_uni_id = 0x0, tcont_id = 0x0
<4>queue_info_rp_flag = 0x0, queue_id = 0x0, act_rp_flag = 0x0, action = 0x0
<4>len:2
<4>CLA hash_table get: 
<4>hashaddr = 0x4, windata19 = 0x0, windata18 = 0x0, windata17 = 0x0, windata16 = 0x0
<4>windata15 = 0x0, windata14 = 0x0, windata13 = 0x0, windata12 = 0x0, windata11 = 0x0
<4>windata10 = 0x0, windata9 = 0x0, windata8 = 0x0, windata7 = 0x0, windata6 = 0x0
<4>windata5 = 0x0, windata4 = 0x0, windata3 = 0x0, windata2 = 0x0, windata1 = 0x0
<4>windata0 = 0x0, Reserve = 0x0, da_known = 0x0, t-condId high = 0x0, gemport_valid = 0x0
<4>flow_sta_info = 0x0, valid = 0x0, direction = 0x0, rule_mode = 0x0, extract_index = 0x0
<4>pppoe_flag = 0x0, l2_type = 0x0, tag_level = 0x0, inport= = 0x0, outport = 0x0
<4>flow_pri = 0x0, wan_id = 0x0, qid_dscp_en = 0x0 qid_dscp_ram_index = 0x0,qos_rp_flag = 0x0, qos_id = 0x0
<4>adm_bucket_rp_en = 0x0, bucket_info = 0x0, mtu_rp_flag = 0x0, mtu = 0x0, cpu_qid_rg_flag = 0x0
<4>cpu_qid = 0x0,  cmd_flow_info_rp_flag = 0x0, vlan_changed_flag = 0x0, mod_en = 0x0, pkt_len_changed = 0x0, e8_en = 0
<4>cmd_flow_id = 0x0, tcnt_gpid_rp_en = 0x0, gemport_uni_id = 0x0, tcont_id = 0x0
<4>queue_info_rp_flag = 0x0, queue_id = 0x0, act_rp_flag = 0x0, action = 0x0
<4>len:2
<4>CLA hash_table get: 
<4>hashaddr = 0x5, windata19 = 0x0, windata18 = 0x0, windata17 = 0x0, windata16 = 0x0
<4>windata15 = 0x0, windata14 = 0x0, windata13 = 0x0, windata12 = 0x0, windata11 = 0x0
<4>windata10 = 0x0, windata9 = 0x0, windata8 = 0x0, windata7 = 0x0, windata6 = 0x0
<4>windata5 = 0x0, windata4 = 0x0, windata3 = 0x0, windata2 = 0x0, windata1 = 0x0
<4>windata0 = 0x0, Reserve = 0x0, da_known = 0x0, t-condId high = 0x0, gemport_valid = 0x0
<4>flow_sta_info = 0x0, valid = 0x0, direction = 0x0, rule_mode = 0x0, extract_index = 0x0
<4>pppoe_flag = 0x0, l2_type = 0x0, tag_level = 0x0, inport= = 0x0, outport = 0x0
<4>flow_pri = 0x0, wan_id = 0x0, qid_dscp_en = 0x0 qid_dscp_ram_index = 0x0,qos_rp_flag = 0x0, qos_id = 0x0
<4>adm_bucket_rp_en = 0x0, bucket_info = 0x0, mtu_rp_flag = 0x0, mtu = 0x0, cpu_qid_rg_flag = 0x0
<4>cpu_qid = 0x0,  cmd_flow_info_rp_flag = 0x0, vlan_changed_flag = 0x0, mod_en = 0x0, pkt_len_changed = 0x0, e8_en = 0
<4>cmd_flow_id = 0x0, tcnt_gpid_rp_en = 0x0, gemport_uni_id = 0x0, tcont_id = 0x0
<4>queue_info_rp_flag = 0x0, queue_id = 0x0, act_rp_flag = 0x0, action = 0x0
<4>len:2
<4>CLA hash_table get: 
<4>hashaddr = 0x8, windata19 = 0x0, windata18 = 0x0, windata17 = 0x0, windata16 = 0x0
<4>windata15 = 0x0, windata14 = 0x0, windata13 = 0x0, windata12 = 0x0, windata11 = 0x0
<4>windata10 = 0x0, windata9 = 0x0, windata8 = 0x0, windata7 = 0x0, windata6 = 0x0
<4>windata5 = 0x0, windata4 = 0x0, windata3 = 0x0, windata2 = 0x0, windata1 = 0x0
<4>windata0 = 0x0, Reserve = 0x0, da_known = 0x0, t-condId high = 0x0, gemport_valid = 0x0
<4>flow_sta_info = 0x0, valid = 0x0, direction = 0x0, rule_mode = 0x0, extract_index = 0x0
<4>pppoe_flag = 0x0, l2_type = 0x0, tag_level = 0x0, inport= = 0x0, outport = 0x0
<4>flow_pri = 0x0, wan_id = 0x0, qid_dscp_en = 0x0 qid_dscp_ram_index = 0x0,qos_rp_flag = 0x0, qos_id = 0x0
<4>adm_bucket_rp_en = 0x0, bucket_info = 0x0, mtu_rp_flag = 0x0, mtu = 0x0, cpu_qid_rg_flag = 0x0
<4>cpu_qid = 0x0,  cmd_flow_info_rp_flag = 0x0, vlan_changed_flag = 0x0, mod_en = 0x0, pkt_len_changed = 0x0, e8_en = 0
<4>cmd_flow_id = 0x0, tcnt_gpid_rp_en = 0x0, gemport_uni_id = 0x0, tcont_id = 0x0
<4>queue_info_rp_flag = 0x0, queue_id = 0x0, act_rp_flag = 0x0, action = 0x0
<4>len:2
<4>CLA hash_table get: 
<4>hashaddr = 0x16, windata19 = 0x0, windata18 = 0x0, windata17 = 0x0, windata16 = 0x0
<4>windata15 = 0x0, windata14 = 0x0, windata13 = 0x0, windata12 = 0x0, windata11 = 0x0
<4>windata10 = 0x0, windata9 = 0x0, windata8 = 0x0, windata7 = 0x0, windata6 = 0x0
<4>windata5 = 0x0, windata4 = 0x0, windata3 = 0x0, windata2 = 0x0, windata1 = 0x0
<4>windata0 = 0x0, Reserve = 0x0, da_known = 0x0, t-condId high = 0x0, gemport_valid = 0x0
<4>flow_sta_info = 0x0, valid = 0x0, direction = 0x0, rule_mode = 0x0, extract_index = 0x0
<4>pppoe_flag = 0x0, l2_type = 0x0, tag_level = 0x0, inport= = 0x0, outport = 0x0
<4>flow_pri = 0x0, wan_id = 0x0, qid_dscp_en = 0x0 qid_dscp_ram_index = 0x0,qos_rp_flag = 0x0, qos_id = 0x0
<4>adm_bucket_rp_en = 0x0, bucket_info = 0x0, mtu_rp_flag = 0x0, mtu = 0x0, cpu_qid_rg_flag = 0x0
<4>cpu_qid = 0x0,  cmd_flow_info_rp_flag = 0x0, vlan_changed_flag = 0x0, mod_en = 0x0, pkt_len_changed = 0x0, e8_en = 0
<4>cmd_flow_id = 0x0, tcnt_gpid_rp_en = 0x0, gemport_uni_id = 0x0, tcont_id = 0x0
<4>queue_info_rp_flag = 0x0, queue_id = 0x0, act_rp_flag = 0x0, action = 0x0
<4>len:3
<4>CLA hash_table get: 
<4>hashaddr = 0x32, windata19 = 0x0, windata18 = 0x0, windata17 = 0x0, windata16 = 0x0
<4>windata15 = 0x0, windata14 = 0x0, windata13 = 0x0, windata12 = 0x0, windata11 = 0x0
<4>windata10 = 0x0, windata9 = 0x0, windata8 = 0x0, windata7 = 0x0, windata6 = 0x0
<4>windata5 = 0x0, windata4 = 0x0, windata3 = 0x0, windata2 = 0x0, windata1 = 0x0
<4>windata0 = 0x0, Reserve = 0x0, da_known = 0x0, t-condId high = 0x0, gemport_valid = 0x0
<4>flow_sta_info = 0x0, valid = 0x0, direction = 0x0, rule_mode = 0x0, extract_index = 0x0
<4>pppoe_flag = 0x0, l2_type = 0x0, tag_level = 0x0, inport= = 0x0, outport = 0x0
<4>flow_pri = 0x0, wan_id = 0x0, qid_dscp_en = 0x0 qid_dscp_ram_index = 0x0,qos_rp_flag = 0x0, qos_id = 0x0
<4>adm_bucket_rp_en = 0x0, bucket_info = 0x0, mtu_rp_flag = 0x0, mtu = 0x0, cpu_qid_rg_flag = 0x0
<4>cpu_qid = 0x0,  cmd_flow_info_rp_flag = 0x0, vlan_changed_flag = 0x0, mod_en = 0x0, pkt_len_changed = 0x0, e8_en = 0
<4>cmd_flow_id = 0x0, tcnt_gpid_rp_en = 0x0, gemport_uni_id = 0x0, tcont_id = 0x0
<4>queue_info_rp_flag = 0x0, queue_id = 0x0, act_rp_flag = 0x0, action = 0x0
<4>len:3
<4>CLA hash_table get: 
<4>hashaddr = 0x64, windata19 = 0x0, windata18 = 0x0, windata17 = 0x0, windata16 = 0x0
<4>windata15 = 0x0, windata14 = 0x0, windata13 = 0x0, windata12 = 0x0, windata11 = 0x0
<4>windata10 = 0x0, windata9 = 0x0, windata8 = 0x0, windata7 = 0x0, windata6 = 0x0
<4>windata5 = 0x0, windata4 = 0x0, windata3 = 0x0, windata2 = 0x0, windata1 = 0x0
<4>windata0 = 0x0, Reserve = 0x0, da_known = 0x0, t-condId high = 0x0, gemport_valid = 0x0
<4>flow_sta_info = 0x0, valid = 0x0, direction = 0x0, rule_mode = 0x0, extract_index = 0x0
<4>pppoe_flag = 0x0, l2_type = 0x0, tag_level = 0x0, inport= = 0x0, outport = 0x0
<4>flow_pri = 0x0, wan_id = 0x0, qid_dscp_en = 0x0 qid_dscp_ram_index = 0x0,qos_rp_flag = 0x0, qos_id = 0x0
<4>adm_bucket_rp_en = 0x0, bucket_info = 0x0, mtu_rp_flag = 0x0, mtu = 0x0, cpu_qid_rg_flag = 0x0
<4>cpu_qid = 0x0,  cmd_flow_info_rp_flag = 0x0, vlan_changed_flag = 0x0, mod_en = 0x0, pkt_len_changed = 0x0, e8_en = 0
<4>cmd_flow_id = 0x0, tcnt_gpid_rp_en = 0x0, gemport_uni_id = 0x0, tcont_id = 0x0
<4>queue_info_rp_flag = 0x0, queue_id = 0x0, act_rp_flag = 0x0, action = 0x0
<4>len:3
<4>CLA hash_table get: 
<4>hashaddr = 0x128, windata19 = 0x0, windata18 = 0x0, windata17 = 0x0, windata16 = 0x0
<4>windata15 = 0x0, windata14 = 0x0, windata13 = 0x0, windata12 = 0x0, windata11 = 0x0
<4>windata10 = 0x0, windata9 = 0x0, windata8 = 0x0, windata7 = 0x0, windata6 = 0x0
<4>windata5 = 0x0, windata4 = 0x0, windata3 = 0x0, windata2 = 0x0, windata1 = 0x0
<4>windata0 = 0x0, Reserve = 0x0, da_known = 0x0, t-condId high = 0x0, gemport_valid = 0x0
<4>flow_sta_info = 0x0, valid = 0x0, direction = 0x0, rule_mode = 0x0, extract_index = 0x0
<4>pppoe_flag = 0x0, l2_type = 0x0, tag_level = 0x0, inport= = 0x0, outport = 0x0
<4>flow_pri = 0x0, wan_id = 0x0, qid_dscp_en = 0x0 qid_dscp_ram_index = 0x0,qos_rp_flag = 0x0, qos_id = 0x0
<4>adm_bucket_rp_en = 0x0, bucket_info = 0x0, mtu_rp_flag = 0x0, mtu = 0x0, cpu_qid_rg_flag = 0x0
<4>cpu_qid = 0x0,  cmd_flow_info_rp_flag = 0x0, vlan_changed_flag = 0x0, mod_en = 0x0, pkt_len_changed = 0x0, e8_en = 0
<4>cmd_flow_id = 0x0, tcnt_gpid_rp_en = 0x0, gemport_uni_id = 0x0, tcont_id = 0x0
<4>queue_info_rp_flag = 0x0, queue_id = 0x0, act_rp_flag = 0x0, action = 0x0
<4>len:4
<4>[TM][cla_get_hash_table]input invalid parameter!
<4>get cla hash_table fail, error code 1!
<4>len:4
<4>[TM][cla_get_hash_table]input invalid parameter!
<4>get cla hash_table fail, error code 1!
<4>len:4
<4>[TM][cla_get_hash_table]input invalid parameter!
<4>get cla hash_table fail, error code 1!
<4>len:4
<4>[TM][cla_get_hash_table]input invalid parameter!
<4>get cla hash_table fail, error code 1!
<4>len:4
<4>[TM][cla_get_hash_table]input invalid parameter!
<4>get cla hash_table fail, error code 1!
<4>len:4
<4>[TM][cla_get_hash_table]input invalid parameter!
<4>get cla hash_table fail, error code 1!
<4>len:4
<4>[TM][cla_get_hash_table]input invalid parameter!
<4>get cla hash_table fail, error code 1!
<4>len:5
<4>[TM][cla_get_hash_table]input invalid parameter!
<4>get cla hash_table fail, error code 1!
<4>len:5
<4>CLA extra_rule_table get: 
<4>offset19_type = 0x0, offset18_type = 0x0, offset17_type = 0x0,offset16_type = 0x0
<4>offset15_type = 0x0, offset14_type = 0x0, offset13_type = 0x0,offset12_type = 0x0
<4>offset11_type = 0x0, offset10_type = 0x0, offset9_type = 0x0,offset8_type = 0x0
<4>offset7_type = 0x0, offset6_type = 0x0, offset5_type = 0x0,offset4_type = 0x0
<4>offset3_type = 0x0, offset2_type = 0x0, offset1_type = 0x0,offset0_type = 0x0
<4>reserve = 0x0, extended_mask = 0x0, dslite_v6rd_mask = 0x0,Cvlan_mask = 0x0
<4>Memory_ctrl = 0x0, hash_len = 0x0, Rule_mode = 0x0,No_Match_Ctrl = 0x0
<4>Pppoe_mask = 0x0, L2_infor_mask = 0x0, Tag_level_mask = 0x0,Inport_mask = 0x0
<4>outport_mask = 0x0, winmask19 = 0x0, winmask18 = 0x0,winmask17 = 0x0
<4>winmask16 = 0x0, winmask15 = 0x0, winmask14 = 0x0,winmask13 = 0x0
<4>winmask12 = 0x0, winmask11 = 0x0, winmask10 = 0x0,winmask9 = 0x0
<4>winmask8 = 0x0, winmask7 = 0x0, winmask6 = 0x0, winmask5 = 0x0
<4>winmask4 = 0x0, winmask3 = 0x0, winmask2 = 0x0, winmask1 = 0x0
<4>winmask0 = 0x0, winoffset19 = 0x0, winoffset18 = 0x0, winoffset17 = 0x0
<4>winoffset16 = 0x0, winoffset15 = 0x0, winoffset14 = 0x0, winoffset13 = 0x0
<4>winoffset12 = 0x0, winoffset11 = 0x0, winoffset10 = 0x0, winoffset9 = 0x0
<4>winoffset8 = 0x0, winoffset7 = 0x0, winoffset6 = 0x0, winoffset5 = 0x0
<4>winoffset4 = 0x0, winoffset3 = 0x0, winoffset2 = 0x0, winoffset1 = 0x0, winoffset0 = 0x0
<4>len:2
<4>CLA extra_rule_table get: 
<4>offset19_type = 0x0, offset18_type = 0x0, offset17_type = 0x0,offset16_type = 0x0
<4>offset15_type = 0x0, offset14_type = 0x0, offset13_type = 0x0,offset12_type = 0x0
<4>offset11_type = 0x0, offset10_type = 0x0, offset9_type = 0x0,offset8_type = 0x0
<4>offset7_type = 0x0, offset6_type = 0x0, offset5_type = 0x0,offset4_type = 0x0
<4>offset3_type = 0x0, offset2_type = 0x0, offset1_type = 0x0,offset0_type = 0x0
<4>reserve = 0x0, extended_mask = 0x0, dslite_v6rd_mask = 0x0,Cvlan_mask = 0x0
<4>Memory_ctrl = 0x0, hash_len = 0x0, Rule_mode = 0x0,No_Match_Ctrl = 0x0
<4>Pppoe_mask = 0x0, L2_infor_mask = 0x0, Tag_level_mask = 0x0,Inport_mask = 0x0
<4>outport_mask = 0x0, winmask19 = 0x0, winmask18 = 0x0,winmask17 = 0x0
<4>winmask16 = 0x0, winmask15 = 0x0, winmask14 = 0x0,winmask13 = 0x0
<4>winmask12 = 0x0, winmask11 = 0x0, winmask10 = 0x0,winmask9 = 0x0
<4>winmask8 = 0x0, winmask7 = 0x0, winmask6 = 0x0, winmask5 = 0x0
<4>winmask4 = 0x0, winmask3 = 0x0, winmask2 = 0x0, winmask1 = 0x0
<4>winmask0 = 0x0, winoffset19 = 0x0, winoffset18 = 0x0, winoffset17 = 0x0
<4>winoffset16 = 0x0, winoffset15 = 0x0, winoffset14 = 0x0, winoffset13 = 0x0
<4>winoffset12 = 0x0, winoffset11 = 0x0, winoffset10 = 0x0, winoffset9 = 0x0
<4>winoffset8 = 0x0, winoffset7 = 0x0, winoffset6 = 0x0, winoffset5 = 0x0
<4>winoffset4 = 0x0, winoffset3 = 0x0, winoffset2 = 0x0, winoffset1 = 0x0, winoffset0 = 0x0
<4>len:2
<4>CLA extra_rule_table get: 
<4>offset19_type = 0x0, offset18_type = 0x3, offset17_type = 0x3,offset16_type = 0x3
<4>offset15_type = 0x3, offset14_type = 0x3, offset13_type = 0x3,offset12_type = 0x3
<4>offset11_type = 0x3, offset10_type = 0x3, offset9_type = 0x3,offset8_type = 0x3
<4>offset7_type = 0x3, offset6_type = 0x3, offset5_type = 0x3,offset4_type = 0x3
<4>offset3_type = 0x3, offset2_type = 0x3, offset1_type = 0x3,offset0_type = 0x3
<4>reserve = 0x0, extended_mask = 0x0, dslite_v6rd_mask = 0x0,Cvlan_mask = 0x0
<4>Memory_ctrl = 0x0, hash_len = 0x13, Rule_mode = 0x0,No_Match_Ctrl = 0x0
<4>Pppoe_mask = 0x0, L2_infor_mask = 0x0, Tag_level_mask = 0x0,Inport_mask = 0x0
<4>outport_mask = 0x0, winmask19 = 0x0, winmask18 = 0xffff,winmask17 = 0xffff
<4>winmask16 = 0xffff, winmask15 = 0xffff, winmask14 = 0xffff,winmask13 = 0xffff
<4>winmask12 = 0xffff, winmask11 = 0xffff, winmask10 = 0xffff,winmask9 = 0xffff
<4>winmask8 = 0xffff, winmask7 = 0xffff, winmask6 = 0xffff, winmask5 = 0xffff
<4>winmask4 = 0xffff, winmask3 = 0xffff, winmask2 = 0xffff, winmask1 = 0xffff
<4>winmask0 = 0xff00, winoffset19 = 0x0, winoffset18 = 0x2a, winoffset17 = 0x28
<4>winoffset16 = 0x26, winoffset15 = 0x24, winoffset14 = 0x22, winoffset13 = 0x20
<4>winoffset12 = 0x1e, winoffset11 = 0x1c, winoffset10 = 0x1a, winoffset9 = 0x18
<4>winoffset8 = 0x16, winoffset7 = 0x14, winoffset6 = 0x12, winoffset5 = 0x10
<4>winoffset4 = 0xe, winoffset3 = 0xc, winoffset2 = 0xa, winoffset1 = 0x8, winoffset0 = 0x6
<4>len:2
<4>CLA extra_rule_table get: 
<4>offset19_type = 0x0, offset18_type = 0x3, offset17_type = 0x3,offset16_type = 0x3
<4>offset15_type = 0x3, offset14_type = 0x3, offset13_type = 0x3,offset12_type = 0x3
<4>offset11_type = 0x3, offset10_type = 0x3, offset9_type = 0x3,offset8_type = 0x3
<4>offset7_type = 0x3, offset6_type = 0x3, offset5_type = 0x3,offset4_type = 0x3
<4>offset3_type = 0x3, offset2_type = 0x3, offset1_type = 0x3,offset0_type = 0x3
<4>reserve = 0x0, extended_mask = 0x0, dslite_v6rd_mask = 0x0,Cvlan_mask = 0x0
<4>Memory_ctrl = 0x1, hash_len = 0x13, Rule_mode = 0x0,No_Match_Ctrl = 0x0
<4>Pppoe_mask = 0x0, L2_infor_mask = 0x0, Tag_level_mask = 0x0,Inport_mask = 0x0
<4>outport_mask = 0x0, winmask19 = 0x0, winmask18 = 0xffff,winmask17 = 0xffff
<4>winmask16 = 0xffff, winmask15 = 0xffff, winmask14 = 0xffff,winmask13 = 0xffff
<4>winmask12 = 0xffff, winmask11 = 0xffff, winmask10 = 0xffff,winmask9 = 0xffff
<4>winmask8 = 0xffff, winmask7 = 0xffff, winmask6 = 0xffff, winmask5 = 0xffff
<4>winmask4 = 0xffff, winmask3 = 0xffff, winmask2 = 0xffff, winmask1 = 0xffff
<4>winmask0 = 0xff00, winoffset19 = 0x0, winoffset18 = 0x2a, winoffset17 = 0x28
<4>winoffset16 = 0x26, winoffset15 = 0x24, winoffset14 = 0x22, winoffset13 = 0x20
<4>winoffset12 = 0x1e, winoffset11 = 0x1c, winoffset10 = 0x1a, winoffset9 = 0x18
<4>winoffset8 = 0x16, winoffset7 = 0x14, winoffset6 = 0x12, winoffset5 = 0x10
<4>winoffset4 = 0xe, winoffset3 = 0xc, winoffset2 = 0xa, winoffset1 = 0x8, winoffset0 = 0x6
<4>len:2
<4>CLA extra_rule_table get: 
<4>offset19_type = 0x0, offset18_type = 0x0, offset17_type = 0x0,offset16_type = 0x0
<4>offset15_type = 0x0, offset14_type = 0x0, offset13_type = 0x0,offset12_type = 0x0
<4>offset11_type = 0x0, offset10_type = 0x0, offset9_type = 0x0,offset8_type = 0x0
<4>offset7_type = 0x0, offset6_type = 0x0, offset5_type = 0x0,offset4_type = 0x0
<4>offset3_type = 0x0, offset2_type = 0x0, offset1_type = 0x0,offset0_type = 0x0
<4>reserve = 0x0, extended_mask = 0x0, dslite_v6rd_mask = 0x0,Cvlan_mask = 0x0
<4>Memory_ctrl = 0x0, hash_len = 0x0, Rule_mode = 0x0,No_Match_Ctrl = 0x0
<4>Pppoe_mask = 0x0, L2_infor_mask = 0x0, Tag_level_mask = 0x0,Inport_mask = 0x0
<4>outport_mask = 0x0, winmask19 = 0x0, winmask18 = 0x0,winmask17 = 0x0
<4>winmask16 = 0x0, winmask15 = 0x0, winmask14 = 0x0,winmask13 = 0x0
<4>winmask12 = 0x0, winmask11 = 0x0, winmask10 = 0x0,winmask9 = 0x0
<4>winmask8 = 0x0, winmask7 = 0x0, winmask6 = 0x0, winmask5 = 0x0
<4>winmask4 = 0x0, winmask3 = 0x0, winmask2 = 0x0, winmask1 = 0x0
<4>winmask0 = 0x0, winoffset19 = 0x0, winoffset18 = 0x0, winoffset17 = 0x0
<4>winoffset16 = 0x0, winoffset15 = 0x0, winoffset14 = 0x0, winoffset13 = 0x0
<4>winoffset12 = 0x0, winoffset11 = 0x0, winoffset10 = 0x0, winoffset9 = 0x0
<4>winoffset8 = 0x0, winoffset7 = 0x0, winoffset6 = 0x0, winoffset5 = 0x0
<4>winoffset4 = 0x0, winoffset3 = 0x0, winoffset2 = 0x0, winoffset1 = 0x0, winoffset0 = 0x0
<4>len:2
<4>CLA extra_rule_table get: 
<4>offset19_type = 0x0, offset18_type = 0x0, offset17_type = 0x0,offset16_type = 0x0
<4>offset15_type = 0x0, offset14_type = 0x0, offset13_type = 0x0,offset12_type = 0x0
<4>offset11_type = 0x0, offset10_type = 0x0, offset9_type = 0x0,offset8_type = 0x0
<4>offset7_type = 0x0, offset6_type = 0x0, offset5_type = 0x0,offset4_type = 0x0
<4>offset3_type = 0x0, offset2_type = 0x0, offset1_type = 0x0,offset0_type = 0x0
<4>reserve = 0x0, extended_mask = 0x0, dslite_v6rd_mask = 0x0,Cvlan_mask = 0x0
<4>Memory_ctrl = 0x0, hash_len = 0x0, Rule_mode = 0x0,No_Match_Ctrl = 0x0
<4>Pppoe_mask = 0x0, L2_infor_mask = 0x0, Tag_level_mask = 0x0,Inport_mask = 0x0
<4>outport_mask = 0x0, winmask19 = 0x0, winmask18 = 0x0,winmask17 = 0x0
<4>winmask16 = 0x0, winmask15 = 0x0, winmask14 = 0x0,winmask13 = 0x0
<4>winmask12 = 0x0, winmask11 = 0x0, winmask10 = 0x0,winmask9 = 0x0
<4>winmask8 = 0x0, winmask7 = 0x0, winmask6 = 0x0, winmask5 = 0x0
<4>winmask4 = 0x0, winmask3 = 0x0, winmask2 = 0x0, winmask1 = 0x0
<4>winmask0 = 0x0, winoffset19 = 0x0, winoffset18 = 0x0, winoffset17 = 0x0
<4>winoffset16 = 0x0, winoffset15 = 0x0, winoffset14 = 0x0, winoffset13 = 0x0
<4>winoffset12 = 0x0, winoffset11 = 0x0, winoffset10 = 0x0, winoffset9 = 0x0
<4>winoffset8 = 0x0, winoffset7 = 0x0, winoffset6 = 0x0, winoffset5 = 0x0
<4>winoffset4 = 0x0, winoffset3 = 0x0, winoffset2 = 0x0, winoffset1 = 0x0, winoffset0 = 0x0
<4>len:2
<4>CLA extra_rule_table get: 
<4>offset19_type = 0x0, offset18_type = 0x0, offset17_type = 0x0,offset16_type = 0x0
<4>offset15_type = 0x0, offset14_type = 0x0, offset13_type = 0x0,offset12_type = 0x0
<4>offset11_type = 0x0, offset10_type = 0x0, offset9_type = 0x0,offset8_type = 0x0
<4>offset7_type = 0x0, offset6_type = 0x0, offset5_type = 0x0,offset4_type = 0x0
<4>offset3_type = 0x0, offset2_type = 0x0, offset1_type = 0x0,offset0_type = 0x0
<4>reserve = 0x0, extended_mask = 0x0, dslite_v6rd_mask = 0x0,Cvlan_mask = 0x0
<4>Memory_ctrl = 0x0, hash_len = 0x0, Rule_mode = 0x0,No_Match_Ctrl = 0x0
<4>Pppoe_mask = 0x0, L2_infor_mask = 0x0, Tag_level_mask = 0x0,Inport_mask = 0x0
<4>outport_mask = 0x0, winmask19 = 0x0, winmask18 = 0x0,winmask17 = 0x0
<4>winmask16 = 0x0, winmask15 = 0x0, winmask14 = 0x0,winmask13 = 0x0
<4>winmask12 = 0x0, winmask11 = 0x0, winmask10 = 0x0,winmask9 = 0x0
<4>winmask8 = 0x0, winmask7 = 0x0, winmask6 = 0x0, winmask5 = 0x0
<4>winmask4 = 0x0, winmask3 = 0x0, winmask2 = 0x0, winmask1 = 0x0
<4>winmask0 = 0x0, winoffset19 = 0x0, winoffset18 = 0x0, winoffset17 = 0x0
<4>winoffset16 = 0x0, winoffset15 = 0x0, winoffset14 = 0x0, winoffset13 = 0x0
<4>winoffset12 = 0x0, winoffset11 = 0x0, winoffset10 = 0x0, winoffset9 = 0x0
<4>winoffset8 = 0x0, winoffset7 = 0x0, winoffset6 = 0x0, winoffset5 = 0x0
<4>winoffset4 = 0x0, winoffset3 = 0x0, winoffset2 = 0x0, winoffset1 = 0x0, winoffset0 = 0x0
<4>len:2
<4>CLA extra_rule_table get: 
<4>offset19_type = 0x0, offset18_type = 0x0, offset17_type = 0x0,offset16_type = 0x3
<4>offset15_type = 0x3, offset14_type = 0x3, offset13_type = 0x3,offset12_type = 0x3
<4>offset11_type = 0x3, offset10_type = 0x3, offset9_type = 0x3,offset8_type = 0x3
<4>offset7_type = 0x3, offset6_type = 0x3, offset5_type = 0x3,offset4_type = 0x3
<4>offset3_type = 0x3, offset2_type = 0x3, offset1_type = 0x3,offset0_type = 0x3
<4>reserve = 0x0, extended_mask = 0x0, dslite_v6rd_mask = 0x0,Cvlan_mask = 0x0
<4>Memory_ctrl = 0x0, hash_len = 0x11, Rule_mode = 0x0,No_Match_Ctrl = 0x0
<4>Pppoe_mask = 0x0, L2_infor_mask = 0x0, Tag_level_mask = 0x0,Inport_mask = 0x0
<4>outport_mask = 0x0, winmask19 = 0x0, winmask18 = 0x0,winmask17 = 0x0
<4>winmask16 = 0xffff, winmask15 = 0xffff, winmask14 = 0xffff,winmask13 = 0xffff
<4>winmask12 = 0xffff, winmask11 = 0xffff, winmask10 = 0xffff,winmask9 = 0xffff
<4>winmask8 = 0xffff, winmask7 = 0xffff, winmask6 = 0xffff, winmask5 = 0xffff
<4>winmask4 = 0xffff, winmask3 = 0xffff, winmask2 = 0xffff, winmask1 = 0xffff
<4>winmask0 = 0xff00, winoffset19 = 0x0, winoffset18 = 0x0, winoffset17 = 0x0
<4>winoffset16 = 0x26, winoffset15 = 0x24, winoffset14 = 0x22, winoffset13 = 0x20
<4>winoffset12 = 0x1e, winoffset11 = 0x1c, winoffset10 = 0x1a, winoffset9 = 0x18
<4>winoffset8 = 0x16, winoffset7 = 0x14, winoffset6 = 0x12, winoffset5 = 0x10
<4>winoffset4 = 0xe, winoffset3 = 0xc, winoffset2 = 0xa, winoffset1 = 0x8, winoffset0 = 0x6
<4>len:3
<4>cla extra_index_table get:
<4>valid           :0
<4>noMatch config  :0x1
<4>extra mode      :0x0
<4>index valide    :0x0
<4>extract index15 :0x0
<4>extract index14 :0x0
<4>extract index13 :0x0
<4>extract index12 :0x0
<4>extract index11 :0x0
<4>extract index10 :0x0
<4>extract index9  :0x0
<4>extract index8  :0x0
<4>extract index7  :0x0
<4>extract index6  :0x0
<4>extract index5  :0x0
<4>extract index4  :0x0
<4>extract index3  :0x0
<4>extract index2  :0x0
<4>extract index1  :0x0
<4>extract index0  :0x0
<4>len:2
<4>cla extra_index_table get:
<4>valid           :1
<4>noMatch config  :0x1
<4>extra mode      :0x1
<4>index valide    :0x355
<4>extract index15 :0x1f
<4>extract index14 :0x1e
<4>extract index13 :0x1d
<4>extract index12 :0x1c
<4>extract index11 :0x1b
<4>extract index10 :0x1a
<4>extract index9  :0x19
<4>extract index8  :0x18
<4>extract index7  :0x17
<4>extract index6  :0x16
<4>extract index5  :0x15
<4>extract index4  :0x14
<4>extract index3  :0x13
<4>extract index2  :0x12
<4>extract index1  :0x11
<4>extract index0  :0x10
<4>len:2
<4>cla extra_index_table get:
<4>valid           :1
<4>noMatch config  :0x1
<4>extra mode      :0x1
<4>index valide    :0x355
<4>extract index15 :0x2f
<4>extract index14 :0x2e
<4>extract index13 :0x2d
<4>extract index12 :0x2c
<4>extract index11 :0x2b
<4>extract index10 :0x2a
<4>extract index9  :0x29
<4>extract index8  :0x28
<4>extract index7  :0x27
<4>extract index6  :0x26
<4>extract index5  :0x25
<4>extract index4  :0x24
<4>extract index3  :0x23
<4>extract index2  :0x22
<4>extract index1  :0x21
<4>extract index0  :0x20
<4>len:2
<4>cla extra_index_table get:
<4>valid           :1
<4>noMatch config  :0x1
<4>extra mode      :0x1
<4>index valide    :0x355
<4>extract index15 :0x3f
<4>extract index14 :0x3e
<4>extract index13 :0x3d
<4>extract index12 :0x3c
<4>extract index11 :0x3b
<4>extract index10 :0x3a
<4>extract index9  :0x39
<4>extract index8  :0x38
<4>extract index7  :0x37
<4>extract index6  :0x36
<4>extract index5  :0x35
<4>extract index4  :0x34
<4>extract index3  :0x33
<4>extract index2  :0x32
<4>extract index1  :0x31
<4>extract index0  :0x30
<4>len:2
<4>cla extra_index_table get:
<4>valid           :1
<4>noMatch config  :0x1
<4>extra mode      :0x1
<4>index valide    :0x355
<4>extract index15 :0x4f
<4>extract index14 :0x4e
<4>extract index13 :0x4d
<4>extract index12 :0x4c
<4>extract index11 :0x4b
<4>extract index10 :0x4a
<4>extract index9  :0x49
<4>extract index8  :0x48
<4>extract index7  :0x47
<4>extract index6  :0x46
<4>extract index5  :0x45
<4>extract index4  :0x44
<4>extract index3  :0x43
<4>extract index2  :0x42
<4>extract index1  :0x41
<4>extract index0  :0x40
<4>len:2
<4>cla extra_index_table get:
<4>valid           :1
<4>noMatch config  :0x1
<4>extra mode      :0x1
<4>index valide    :0x355
<4>extract index15 :0x5f
<4>extract index14 :0x5e
<4>extract index13 :0x5d
<4>extract index12 :0x5c
<4>extract index11 :0x5b
<4>extract index10 :0x5a
<4>extract index9  :0x59
<4>extract index8  :0x58
<4>extract index7  :0x57
<4>extract index6  :0x56
<4>extract index5  :0x55
<4>extract index4  :0x54
<4>extract index3  :0x53
<4>extract index2  :0x52
<4>extract index1  :0x51
<4>extract index0  :0x50
<4>len:2
<4>cla extra_index_table get:
<4>valid           :1
<4>noMatch config  :0x1
<4>extra mode      :0x1
<4>index valide    :0x755
<4>extract index15 :0x8f
<4>extract index14 :0x8e
<4>extract index13 :0x8d
<4>extract index12 :0x8c
<4>extract index11 :0x8b
<4>extract index10 :0x8a
<4>extract index9  :0x89
<4>extract index8  :0x88
<4>extract index7  :0x87
<4>extract index6  :0x86
<4>extract index5  :0x85
<4>extract index4  :0x84
<4>extract index3  :0x83
<4>extract index2  :0x82
<4>extract index1  :0x81
<4>extract index0  :0x80
<4>len:2
<4>[TM][cla_get_extra_index_table]input invalid parameter!
<4>get cla extra_index_table fail, error code 1!
<4>len:3
