T+10020ms pp+0714: 0000c2bb -> 0000c355
T+10020ms pp+0718: 000001fd -> 000001fe
T+10020ms pp+072c: 00000034 -> 00000035
T+10020ms pp+073c: 000001de -> 000001df
T+10020ms pp+0764: 0000c2bb -> 0000c355
T+10020ms pp+0768: 000001fd -> 000001fe
T+10020ms pp+0780: 0000023f -> 00000240
T+10020ms pp+0784: 00038f8d -> 00039027
T+10020ms pp+0788: 00038f8d -> 00039027
T+10020ms pp+07b4: 00000045 -> 00000046
T+10020ms pp+07c4: 000001ff -> 00000200
T+10040ms pp+0714: 0000c355 -> 0000c3cf
T+10040ms pp+0718: 000001fe -> 000001ff
T+10040ms pp+0728: 00000045 -> 00000046
T+10040ms pp+073c: 000001df -> 000001e0
T+10040ms pp+0764: 0000c355 -> 0000c3cf
T+10040ms pp+0768: 000001fe -> 000001ff
T+10040ms pp+0780: 00000240 -> 00000242
T+10040ms pp+0784: 00039027 -> 000390b3
T+10040ms pp+0788: 00039027 -> 000390b3
T+10040ms pp+07b0: 0000007b -> 0000007d
T+10040ms pp+07c4: 00000200 -> 00000202
T+12020ms pp+0714: 0000c3cf -> 0000c459
T+12020ms pp+0718: 000001ff -> 00000200
T+12020ms pp+072c: 00000035 -> 00000036
T+12020ms pp+073c: 000001e0 -> 000001e1
T+12020ms pp+0764: 0000c3cf -> 0000c459
T+12020ms pp+0768: 000001ff -> 00000200
T+12020ms pp+0780: 00000242 -> 00000243
T+12020ms pp+0784: 000390b3 -> 0003913d
T+12020ms pp+0788: 000390b3 -> 0003913d
T+12020ms pp+07b4: 00000046 -> 00000047
T+12020ms pp+07c4: 00000202 -> 00000203
T+12040ms pp+0714: 0000c459 -> 0000c517
T+12040ms pp+0718: 00000200 -> 00000201
T+12040ms pp+072c: 00000036 -> 00000037
T+12040ms pp+073c: 000001e1 -> 000001e2
T+12040ms pp+0764: 0000c459 -> 0000c517
T+12040ms pp+0768: 00000200 -> 00000201
T+12040ms pp+0780: 00000243 -> 00000244
T+12040ms pp+0784: 0003913d -> 00039183
T+12040ms pp+0788: 0003913d -> 00039183
T+12040ms pp+07b0: 0000007d -> 0000007e
T+12040ms pp+07c4: 00000203 -> 00000204
T+12060ms pp+0780: 00000244 -> 00000245
T+12060ms pp+0784: 00039183 -> 000391c9
T+12060ms pp+0788: 00039183 -> 000391c9
T+12060ms pp+07b0: 0000007e -> 0000007f
T+12060ms pp+07c4: 00000204 -> 00000205
T+14010ms tm+0100: 00000000 -> 00000010
T+14010ms tm+0500: 00000000 -> 00000010
T+14010ms tm+0900: 00000000 -> 00000010
T+14010ms tm+0d00: 00000000 -> 00000010
T+14010ms pp+0714: 0000c517 -> 0000c591
T+14010ms pp+0718: 00000201 -> 00000202
T+14010ms pp+0728: 00000046 -> 00000047
T+14010ms pp+073c: 000001e2 -> 000001e3
T+14010ms pp+0764: 0000c517 -> 0000c591
T+14010ms pp+0768: 00000201 -> 00000202
T+14010ms pp+0780: 00000245 -> 00000246
T+14010ms pp+0784: 000391c9 -> 00039243
T+14010ms pp+0788: 000391c9 -> 00039243
T+14010ms pp+07b0: 0000007f -> 00000080
T+14010ms pp+07c4: 00000205 -> 00000206
T+14030ms tm+0100: 00000010 -> 00000000
T+14030ms tm+0500: 00000010 -> 00000000
T+14030ms tm+0900: 00000010 -> 00000000
T+14030ms tm+0d00: 00000010 -> 00000000
T+14030ms pp+0780: 00000246 -> 00000247
T+14030ms pp+0784: 00039243 -> 00039289
T+14030ms pp+0788: 00039243 -> 00039289
T+14030ms pp+07b0: 00000080 -> 00000081
T+14030ms pp+07c4: 00000206 -> 00000207
T+15030ms pp+0714: 0000c591 -> 0000c60b
T+15030ms pp+0718: 00000202 -> 00000203
T+15030ms pp+0728: 00000047 -> 00000048
T+15030ms pp+073c: 000001e3 -> 000001e4
T+15030ms pp+0764: 0000c591 -> 0000c60b
T+15030ms pp+0768: 00000202 -> 00000203
T+15030ms pp+0780: 00000247 -> 00000248
T+15030ms pp+0784: 00039289 -> 000392cf
T+15030ms pp+0788: 00039289 -> 000392cf
T+15030ms pp+07b0: 00000081 -> 00000082
T+15030ms pp+07c4: 00000207 -> 00000208
T+16020ms pp+0714: 0000c60b -> 0000c6b5
T+16020ms pp+0718: 00000203 -> 00000204
T+16020ms pp+072c: 00000037 -> 00000038
T+16020ms pp+073c: 000001e4 -> 000001e5
T+16020ms pp+0764: 0000c60b -> 0000c6b5
T+16020ms pp+0768: 00000203 -> 00000204
T+16020ms pp+0780: 00000248 -> 00000249
T+16020ms pp+0784: 000392cf -> 00039379
T+16020ms pp+0788: 000392cf -> 00039379
T+16020ms pp+07b4: 00000047 -> 00000048
T+16020ms pp+07c4: 00000208 -> 00000209
T+16040ms pp+0714: 0000c6b5 -> 0000c6f5
T+16040ms pp+0718: 00000204 -> 00000205
T+16040ms pp+0724: 0000016f -> 00000170
T+16040ms pp+073c: 000001e5 -> 000001e6
T+16040ms pp+0764: 0000c6b5 -> 0000c6f5
T+16040ms pp+0768: 00000204 -> 00000205
T+16040ms pp+0780: 00000249 -> 0000024a
T+16040ms pp+0784: 00039379 -> 000393bf
T+16040ms pp+0788: 00039379 -> 000393bf
T+16040ms pp+07b0: 00000082 -> 00000083
T+16040ms pp+07c4: 00000209 -> 0000020a
T+16060ms pp+0714: 0000c6f5 -> 0000c927
T+16060ms pp+0718: 00000205 -> 00000206
T+16060ms pp+0734: 00000004 -> 00000005
T+16060ms pp+073c: 000001e6 -> 000001e7
T+16060ms pp+0764: 0000c6f5 -> 0000c927
T+16060ms pp+0768: 00000205 -> 00000206
T+16060ms pp+0780: 0000024a -> 0000024b
T+16060ms pp+0784: 000393bf -> 000393ff
T+16060ms pp+0788: 000393bf -> 000393ff
T+16060ms pp+07ac: 0000000f -> 00000010
T+16060ms pp+07c4: 0000020a -> 0000020b
T+16080ms pp+0714: 0000c927 -> 0000cd8b
T+16080ms pp+0718: 00000206 -> 00000208
T+16080ms pp+0734: 00000005 -> 00000007
T+16080ms pp+073c: 000001e7 -> 000001e9
T+16080ms pp+0764: 0000c927 -> 0000cd8b
T+16080ms pp+0768: 00000206 -> 00000208
T+16080ms pp+0780: 0000024b -> 0000024d
T+16080ms pp+0784: 000393ff -> 0003947f
T+16080ms pp+0788: 000393ff -> 0003947f
T+16080ms pp+07ac: 00000010 -> 00000012
T+16080ms pp+07c4: 0000020b -> 0000020d
T+16100ms tm+0100: 00000000 -> 00000010
T+16100ms tm+0500: 00000000 -> 00000010
T+16100ms tm+0900: 00000000 -> 00000010
T+16100ms tm+0d00: 00000000 -> 00000010
T+16100ms pp+0714: 0000cd8b -> 0000cfbd
T+16100ms pp+0718: 00000208 -> 00000209
T+16100ms pp+0734: 00000007 -> 00000008
T+16100ms pp+073c: 000001e9 -> 000001ea
T+16100ms pp+0764: 0000cd8b -> 0000cfbd
T+16100ms pp+0768: 00000208 -> 00000209
T+16100ms pp+0780: 0000024d -> 0000024e
T+16100ms pp+0784: 0003947f -> 000394bf
T+16100ms pp+0788: 0003947f -> 000394bf
T+16100ms pp+07ac: 00000012 -> 00000013
T+16100ms pp+07c4: 0000020d -> 0000020e
T+16120ms pp+0714: 0000cfbd -> 0000d653
T+16120ms pp+0718: 00000209 -> 0000020c
T+16120ms pp+0734: 00000008 -> 0000000b
T+16120ms pp+073c: 000001ea -> 000001ed
T+16120ms pp+0764: 0000cfbd -> 0000d653
T+16120ms pp+0768: 00000209 -> 0000020c
T+16120ms pp+0780: 0000024e -> 00000251
T+16120ms pp+0784: 000394bf -> 0003957f
T+16120ms pp+0788: 000394bf -> 0003957f
T+16120ms pp+07ac: 00000013 -> 00000016
T+16120ms pp+07c4: 0000020e -> 00000211
T+16140ms pp+0714: 0000d653 -> 0000e14d
T+16140ms pp+0718: 0000020c -> 00000211
T+16140ms pp+0734: 0000000b -> 00000010
T+16140ms pp+073c: 000001ed -> 000001f2
T+16140ms pp+0764: 0000d653 -> 0000e14d
T+16140ms pp+0768: 0000020c -> 00000211
T+16140ms pp+0780: 00000251 -> 00000256
T+16140ms pp+0784: 0003957f -> 000396bf
T+16140ms pp+0788: 0003957f -> 000396bf
T+16140ms pp+07ac: 00000016 -> 0000001b
T+16140ms pp+07c4: 00000211 -> 00000216
T+16160ms tm+0100: 00000010 -> 00000000
T+16160ms tm+0500: 00000010 -> 00000000
T+16160ms tm+0900: 00000010 -> 00000000
T+16160ms tm+0d00: 00000010 -> 00000000
T+16160ms pp+0714: 0000e14d -> 0000e37f
T+16160ms pp+0718: 00000211 -> 00000212
T+16160ms pp+0734: 00000010 -> 00000011
T+16160ms pp+073c: 000001f2 -> 000001f3
T+16160ms pp+0764: 0000e14d -> 0000e37f
T+16160ms pp+0768: 00000211 -> 00000212
T+16160ms pp+0780: 00000256 -> 00000257
T+16160ms pp+0784: 000396bf -> 000396ff
T+16160ms pp+0788: 000396bf -> 000396ff
T+16160ms pp+07ac: 0000001b -> 0000001c
T+16160ms pp+07c4: 00000216 -> 00000217
T+16180ms pp+0714: 0000e37f -> 0000e7e3
T+16180ms pp+0718: 00000212 -> 00000214
T+16180ms pp+0734: 00000011 -> 00000013
T+16180ms pp+073c: 000001f3 -> 000001f5
T+16180ms pp+0764: 0000e37f -> 0000e7e3
T+16180ms pp+0768: 00000212 -> 00000214
T+16180ms pp+0780: 00000257 -> 00000259
T+16180ms pp+0784: 000396ff -> 0003977f
T+16180ms pp+0788: 000396ff -> 0003977f
T+16180ms pp+07ac: 0000001c -> 0000001e
T+16180ms pp+07c4: 00000217 -> 00000219
T+16200ms pp+0714: 0000e7e3 -> 0000ec47
T+16200ms pp+0718: 00000214 -> 00000216
T+16200ms pp+0734: 00000013 -> 00000015
T+16200ms pp+073c: 000001f5 -> 000001f7
T+16200ms pp+0764: 0000e7e3 -> 0000ec47
T+16200ms pp+0768: 00000214 -> 00000216
T+16200ms pp+0780: 00000259 -> 0000025b
T+16200ms pp+0784: 0003977f -> 000397ff
T+16200ms pp+0788: 0003977f -> 000397ff
T+16200ms pp+07ac: 0000001e -> 00000020
T+16200ms pp+07c4: 00000219 -> 0000021b
T+16220ms pp+0714: 0000ec47 -> 0000ee79
T+16220ms pp+0718: 00000216 -> 00000217
T+16220ms pp+0734: 00000015 -> 00000016
T+16220ms pp+073c: 000001f7 -> 000001f8
T+16220ms pp+0764: 0000ec47 -> 0000ee79
T+16220ms pp+0768: 00000216 -> 00000217
T+16220ms pp+0780: 0000025b -> 0000025c
T+16220ms pp+0784: 000397ff -> 0003983f
T+16220ms pp+0788: 000397ff -> 0003983f
T+16220ms pp+07ac: 00000020 -> 00000021
T+16220ms pp+07c4: 0000021b -> 0000021c
T+16240ms pp+0714: 0000ee79 -> 0000f2dd
T+16240ms pp+0718: 00000217 -> 00000219
T+16240ms pp+0734: 00000016 -> 00000018
T+16240ms pp+073c: 000001f8 -> 000001fa
T+16240ms pp+0764: 0000ee79 -> 0000f2dd
T+16240ms pp+0768: 00000217 -> 00000219
T+16240ms pp+0780: 0000025c -> 0000025e
T+16240ms pp+0784: 0003983f -> 000398bf
T+16240ms pp+0788: 0003983f -> 000398bf
T+16240ms pp+07ac: 00000021 -> 00000023
T+16240ms pp+07c4: 0000021c -> 0000021e
T+16260ms pp+0714: 0000f2dd -> 0000fba5
T+16260ms pp+0718: 00000219 -> 0000021d
T+16260ms pp+0734: 00000018 -> 0000001c
T+16260ms pp+073c: 000001fa -> 000001fe
T+16260ms pp+0764: 0000f2dd -> 0000fba5
T+16260ms pp+0768: 00000219 -> 0000021d
T+16260ms pp+0780: 0000025e -> 00000262
T+16260ms pp+0784: 000398bf -> 000399bf
T+16260ms pp+0788: 000398bf -> 000399bf
T+16260ms pp+07ac: 00000023 -> 00000027
T+16260ms pp+07c4: 0000021e -> 00000222
T+16280ms pp+0714: 0000fba5 -> 00010009
T+16280ms pp+0718: 0000021d -> 0000021f
T+16280ms pp+0734: 0000001c -> 0000001e
T+16280ms pp+073c: 000001fe -> 00000200
T+16280ms pp+0764: 0000fba5 -> 00010009
T+16280ms pp+0768: 0000021d -> 0000021f
T+16280ms pp+0780: 00000262 -> 00000264
T+16280ms pp+0784: 000399bf -> 00039a3f
T+16280ms pp+0788: 000399bf -> 00039a3f
T+16280ms pp+07ac: 00000027 -> 00000029
T+16280ms pp+07c4: 00000222 -> 00000224
T+16300ms pp+0714: 00010009 -> 0001023b
T+16300ms pp+0718: 0000021f -> 00000220
T+16300ms pp+0734: 0000001e -> 0000001f
T+16300ms pp+073c: 00000200 -> 00000201
T+16300ms pp+0764: 00010009 -> 0001023b
T+16300ms pp+0768: 0000021f -> 00000220
T+16300ms pp+0780: 00000264 -> 00000266
T+16300ms pp+0784: 00039a3f -> 00039abf
T+16300ms pp+0788: 00039a3f -> 00039abf
T+16300ms pp+07ac: 00000029 -> 0000002b
T+16300ms pp+07c4: 00000224 -> 00000226
T+16320ms pp+0714: 0001023b -> 0001069f
T+16320ms pp+0718: 00000220 -> 00000222
T+16320ms pp+0734: 0000001f -> 00000021
T+16320ms pp+073c: 00000201 -> 00000203
T+16320ms pp+0764: 0001023b -> 0001069f
T+16320ms pp+0768: 00000220 -> 00000222
T+16320ms pp+0780: 00000266 -> 00000267
T+16320ms pp+0784: 00039abf -> 00039aff
T+16320ms pp+0788: 00039abf -> 00039aff
T+16320ms pp+07ac: 0000002b -> 0000002c
T+16320ms pp+07c4: 00000226 -> 00000227
T+16340ms pp+0714: 0001069f -> 00010b03
T+16340ms pp+0718: 00000222 -> 00000224
T+16340ms pp+0734: 00000021 -> 00000023
T+16340ms pp+073c: 00000203 -> 00000205
T+16340ms pp+0764: 0001069f -> 00010b03
T+16340ms pp+0768: 00000222 -> 00000224
T+16340ms pp+0780: 00000267 -> 00000269
T+16340ms pp+0784: 00039aff -> 00039b7f
T+16340ms pp+0788: 00039aff -> 00039b7f
T+16340ms pp+07ac: 0000002c -> 0000002e
T+16340ms pp+07c4: 00000227 -> 00000229
T+16360ms pp+0714: 00010b03 -> 00010d35
T+16360ms pp+0718: 00000224 -> 00000225
T+16360ms pp+0734: 00000023 -> 00000024
T+16360ms pp+073c: 00000205 -> 00000206
T+16360ms pp+0764: 00010b03 -> 00010d35
T+16360ms pp+0768: 00000224 -> 00000225
T+16360ms pp+0780: 00000269 -> 0000026a
T+16360ms pp+0784: 00039b7f -> 00039bbf
T+16360ms pp+0788: 00039b7f -> 00039bbf
T+16360ms pp+07ac: 0000002e -> 0000002f
T+16360ms pp+07c4: 00000229 -> 0000022a
T+16380ms tm+0100: 00000000 -> 00000010
T+16380ms tm+0500: 00000000 -> 00000012
T+16380ms tm+0504: fffffffc -> ffffffff
T+16380ms tm+0900: 00000000 -> 00000010
T+16380ms tm+0d00: 00000000 -> 00000010
T+16380ms pp+0714: 00010d35 -> 000115fd
T+16380ms pp+0718: 00000225 -> 00000229
T+16380ms pp+0734: 00000024 -> 00000028
T+16380ms pp+073c: 00000206 -> 0000020a
T+16380ms pp+0764: 00010d35 -> 000115fd
T+16380ms pp+0768: 00000225 -> 00000229
T+16380ms pp+0780: 0000026a -> 0000026e
T+16380ms pp+0784: 00039bbf -> 00039cbf
T+16380ms pp+0788: 00039bbf -> 00039cbf
T+16380ms pp+07ac: 0000002f -> 00000033
T+16380ms pp+07c4: 0000022a -> 0000022e
T+16400ms tm+0100: 00000010 -> 00000000
T+16400ms tm+0500: 00000012 -> 00000000
T+16400ms tm+0504: ffffffff -> fffffffc
T+16400ms tm+0900: 00000010 -> 00000000
T+16400ms tm+0d00: 00000010 -> 00000000
T+16400ms pp+0714: 000115fd -> 00011a61
T+16400ms pp+0718: 00000229 -> 0000022b
T+16400ms pp+0734: 00000028 -> 0000002a
T+16400ms pp+073c: 0000020a -> 0000020c
T+16400ms pp+0764: 000115fd -> 00011a61
T+16400ms pp+0768: 00000229 -> 0000022b
T+16400ms pp+0780: 0000026e -> 00000270
T+16400ms pp+0784: 00039cbf -> 00039d3f
T+16400ms pp+0788: 00039cbf -> 00039d3f
T+16400ms pp+07ac: 00000033 -> 00000035
T+16400ms pp+07c4: 0000022e -> 00000230
T+16420ms pp+0714: 00011a61 -> 00011ec5
T+16420ms pp+0718: 0000022b -> 0000022d
T+16420ms pp+0734: 0000002a -> 0000002c
T+16420ms pp+073c: 0000020c -> 0000020e
T+16420ms pp+0764: 00011a61 -> 00011ec5
T+16420ms pp+0768: 0000022b -> 0000022d
T+16420ms pp+0780: 00000270 -> 00000272
T+16420ms pp+0784: 00039d3f -> 00039dbf
T+16420ms pp+0788: 00039d3f -> 00039dbf
T+16420ms pp+07ac: 00000035 -> 00000037
T+16420ms pp+07c4: 00000230 -> 00000232
T+16440ms pp+0714: 00011ec5 -> 000120f7
T+16440ms pp+0718: 0000022d -> 0000022e
T+16440ms pp+0734: 0000002c -> 0000002d
T+16440ms pp+073c: 0000020e -> 0000020f
T+16440ms pp+0764: 00011ec5 -> 000120f7
T+16440ms pp+0768: 0000022d -> 0000022e
T+16440ms pp+0780: 00000272 -> 00000273
T+16440ms pp+0784: 00039dbf -> 00039dff
T+16440ms pp+0788: 00039dbf -> 00039dff
T+16440ms pp+07ac: 00000037 -> 00000038
T+16440ms pp+07c4: 00000232 -> 00000233
T+16460ms pp+0714: 000120f7 -> 0001255b
T+16460ms pp+0718: 0000022e -> 00000230
T+16460ms pp+0734: 0000002d -> 0000002f
T+16460ms pp+073c: 0000020f -> 00000211
T+16460ms pp+0764: 000120f7 -> 0001255b
T+16460ms pp+0768: 0000022e -> 00000230
T+16460ms pp+0780: 00000273 -> 00000275
T+16460ms pp+0784: 00039dff -> 00039e7f
T+16460ms pp+0788: 00039dff -> 00039e7f
T+16460ms pp+07ac: 00000038 -> 0000003a
T+16460ms pp+07c4: 00000233 -> 00000235
T+16480ms pp+0714: 0001255b -> 000129bf
T+16480ms pp+0718: 00000230 -> 00000232
T+16480ms pp+0734: 0000002f -> 00000031
T+16480ms pp+073c: 00000211 -> 00000213
T+16480ms pp+0764: 0001255b -> 000129bf
T+16480ms pp+0768: 00000230 -> 00000232
T+16480ms pp+0780: 00000275 -> 00000277
T+16480ms pp+0784: 00039e7f -> 00039eff
T+16480ms pp+0788: 00039e7f -> 00039eff
T+16480ms pp+07ac: 0000003a -> 0000003c
T+16480ms pp+07c4: 00000235 -> 00000237
T+16500ms pp+0714: 000129bf -> 00012bf1
T+16500ms pp+0718: 00000232 -> 00000233
T+16500ms pp+0734: 00000031 -> 00000032
T+16500ms pp+073c: 00000213 -> 00000214
T+16500ms pp+0764: 000129bf -> 00012bf1
T+16500ms pp+0768: 00000232 -> 00000233
T+16500ms pp+0780: 00000277 -> 00000278
T+16500ms pp+0784: 00039eff -> 00039f3f
T+16500ms pp+0788: 00039eff -> 00039f3f
T+16500ms pp+07ac: 0000003c -> 0000003d
T+16500ms pp+07c4: 00000237 -> 00000238
T+16520ms pp+0714: 00012bf1 -> 000136eb
T+16520ms pp+0718: 00000233 -> 00000238
T+16520ms pp+0734: 00000032 -> 00000037
T+16520ms pp+073c: 00000214 -> 00000219
T+16520ms pp+0764: 00012bf1 -> 000136eb
T+16520ms pp+0768: 00000233 -> 00000238
T+16520ms pp+0780: 00000278 -> 0000027e
T+16520ms pp+0784: 00039f3f -> 0003a0bf
T+16520ms pp+0788: 00039f3f -> 0003a0bf
T+16520ms pp+07ac: 0000003d -> 00000043
T+16520ms pp+07c4: 00000238 -> 0000023e
T+16540ms pp+0714: 000136eb -> 00013b4f
T+16540ms pp+0718: 00000238 -> 0000023a
T+16540ms pp+0734: 00000037 -> 00000039
T+16540ms pp+073c: 00000219 -> 0000021b
T+16540ms pp+0764: 000136eb -> 00013b4f
T+16540ms pp+0768: 00000238 -> 0000023a
T+16540ms pp+0780: 0000027e -> 0000027f
T+16540ms pp+0784: 0003a0bf -> 0003a0ff
T+16540ms pp+0788: 0003a0bf -> 0003a0ff
T+16540ms pp+07ac: 00000043 -> 00000044
T+16540ms pp+07c4: 0000023e -> 0000023f
T+16560ms pp+0714: 00013b4f -> 00013fb3
T+16560ms pp+0718: 0000023a -> 0000023c
T+16560ms pp+0734: 00000039 -> 0000003b
T+16560ms pp+073c: 0000021b -> 0000021d
T+16560ms pp+0764: 00013b4f -> 00013fb3
T+16560ms pp+0768: 0000023a -> 0000023c
T+16560ms pp+0780: 0000027f -> 00000281
T+16560ms pp+0784: 0003a0ff -> 0003a17f
T+16560ms pp+0788: 0003a0ff -> 0003a17f
T+16560ms pp+07ac: 00000044 -> 00000046
T+16560ms pp+07c4: 0000023f -> 00000241
T+16580ms pp+0714: 00013fb3 -> 000141e5
T+16580ms pp+0718: 0000023c -> 0000023d
T+16580ms pp+0734: 0000003b -> 0000003c
T+16580ms pp+073c: 0000021d -> 0000021e
T+16580ms pp+0764: 00013fb3 -> 000141e5
T+16580ms pp+0768: 0000023c -> 0000023d
T+16580ms pp+0780: 00000281 -> 00000282
T+16580ms pp+0784: 0003a17f -> 0003a1bf
T+16580ms pp+0788: 0003a17f -> 0003a1bf
T+16580ms pp+07ac: 00000046 -> 00000047
T+16580ms pp+07c4: 00000241 -> 00000242
T+16600ms tm+0100: 00000000 -> 00000010
T+16600ms tm+0500: 00000000 -> 00000010
T+16600ms tm+0900: 00000000 -> 00000010
T+16600ms tm+0d00: 00000000 -> 00000010
T+16600ms pp+0714: 000141e5 -> 00014649
T+16600ms pp+0718: 0000023d -> 0000023f
T+16600ms pp+0734: 0000003c -> 0000003e
T+16600ms pp+073c: 0000021e -> 00000220
T+16600ms pp+0764: 000141e5 -> 00014649
T+16600ms pp+0768: 0000023d -> 0000023f
T+16600ms pp+0780: 00000282 -> 00000284
T+16600ms pp+0784: 0003a1bf -> 0003a23f
T+16600ms pp+0788: 0003a1bf -> 0003a23f
T+16600ms pp+07ac: 00000047 -> 00000049
T+16600ms pp+07c4: 00000242 -> 00000244
T+16620ms tm+0100: 00000010 -> 00000000
T+16620ms tm+0500: 00000010 -> 00000000
T+16620ms tm+0900: 00000010 -> 00000000
T+16620ms tm+0d00: 00000010 -> 00000000
T+16620ms pp+0714: 00014649 -> 0001487b
T+16620ms pp+0718: 0000023f -> 00000240
T+16620ms pp+0734: 0000003e -> 0000003f
T+16620ms pp+073c: 00000220 -> 00000221
T+16620ms pp+0764: 00014649 -> 0001487b
T+16620ms pp+0768: 0000023f -> 00000240
T+16620ms pp+0780: 00000284 -> 00000286
T+16620ms pp+0784: 0003a23f -> 0003a2bf
T+16620ms pp+0788: 0003a23f -> 0003a2bf
T+16620ms pp+07ac: 00000049 -> 0000004b
T+16620ms pp+07c4: 00000244 -> 00000246
T+16640ms tm+0100: 00000000 -> 00000010
T+16640ms tm+0500: 00000000 -> 00000010
T+16640ms tm+0900: 00000000 -> 00000010
T+16640ms tm+0d00: 00000000 -> 00000010
T+16640ms pp+0714: 0001487b -> 000151fd
T+16640ms pp+0718: 00000240 -> 00000245
T+16640ms pp+072c: 00000038 -> 00000039
T+16640ms pp+0734: 0000003f -> 00000043
T+16640ms pp+073c: 00000221 -> 00000226
T+16640ms pp+0764: 0001487b -> 000151fd
T+16640ms pp+0768: 00000240 -> 00000245
T+16640ms pp+0780: 00000286 -> 0000028a
T+16640ms pp+0784: 0003a2bf -> 0003a3bf
T+16640ms pp+0788: 0003a2bf -> 0003a3bf
T+16640ms pp+07ac: 0000004b -> 0000004f
T+16640ms pp+07c4: 00000246 -> 0000024a
T+16660ms pp+0714: 000151fd -> 00015277
T+16660ms pp+0718: 00000245 -> 00000246
T+16660ms pp+0728: 00000048 -> 00000049
T+16660ms pp+073c: 00000226 -> 00000227
T+16660ms pp+0764: 000151fd -> 00015277
T+16660ms pp+0768: 00000245 -> 00000246
T+16660ms pp+0780: 0000028a -> 0000028b
T+16660ms pp+0784: 0003a3bf -> 0003a3ff
T+16660ms pp+0788: 0003a3bf -> 0003a3ff
T+16660ms pp+07ac: 0000004f -> 00000050
T+16660ms pp+07c4: 0000024a -> 0000024b
T+16680ms tm+0100: 00000010 -> 00000000
T+16680ms tm+0500: 00000010 -> 00000000
T+16680ms tm+0900: 00000010 -> 00000000
T+16680ms tm+0d00: 00000010 -> 00000000
T+16680ms pp+0780: 0000028b -> 0000028c
T+16680ms pp+0784: 0003a3ff -> 0003a445
T+16680ms pp+0788: 0003a3ff -> 0003a445
T+16680ms pp+07b0: 00000083 -> 00000084
T+16680ms pp+07c4: 0000024b -> 0000024c
T+18000ms pp+0780: 0000028c -> 0000028d
T+18000ms pp+0784: 0003a445 -> 0003a4bf
T+18000ms pp+0788: 0003a445 -> 0003a4bf
T+18000ms pp+07b0: 00000084 -> 00000085
T+18000ms pp+07c4: 0000024c -> 0000024d
T+18020ms pp+0714: 00015277 -> 00015301
T+18020ms pp+0718: 00000246 -> 00000247
T+18020ms pp+072c: 00000039 -> 0000003a
T+18020ms pp+073c: 00000227 -> 00000228
T+18020ms pp+0764: 00015277 -> 00015301
T+18020ms pp+0768: 00000246 -> 00000247
T+18020ms pp+0780: 0000028d -> 0000028e
T+18020ms pp+0784: 0003a4bf -> 0003a505
T+18020ms pp+0788: 0003a4bf -> 0003a505
T+18020ms pp+07b0: 00000085 -> 00000086
T+18020ms pp+07c4: 0000024d -> 0000024e
T+20000ms pp+0780: 0000028e -> 0000028f
T+20000ms pp+0784: 0003a505 -> 0003a57f
T+20000ms pp+0788: 0003a505 -> 0003a57f
T+20000ms pp+07b0: 00000086 -> 00000087
T+20000ms pp+07c4: 0000024e -> 0000024f
T+20020ms pp+0714: 00015301 -> 0001537b
T+20020ms pp+0718: 00000247 -> 00000248
T+20020ms pp+0728: 00000049 -> 0000004a
T+20020ms pp+073c: 00000228 -> 00000229
T+20020ms pp+0764: 00015301 -> 0001537b
T+20020ms pp+0768: 00000247 -> 00000248
T+20020ms pp+0780: 0000028f -> 00000290
T+20020ms pp+0784: 0003a57f -> 0003a5c5
T+20020ms pp+0788: 0003a57f -> 0003a5c5
T+20020ms pp+07b0: 00000087 -> 00000088
T+20020ms pp+07c4: 0000024f -> 00000250
T+21140ms pp+0714: 0001537b -> 00015458
T+21140ms pp+0718: 00000248 -> 00000249
T+21140ms pp+0720: 0000001b -> 0000001c
T+21140ms pp+072c: 0000003a -> 0000003b
T+21140ms pp+0740: 0000001b -> 0000001c
T+21140ms pp+0764: 0001537b -> 00015458
T+21140ms pp+0768: 00000248 -> 00000249
T+22010ms tm+0100: 00000000 -> 00000010
T+22010ms tm+0500: 00000000 -> 00000010
T+22010ms tm+0900: 00000000 -> 00000010
T+22010ms tm+0d00: 00000000 -> 00000010
T+22010ms pp+0714: 00015458 -> 000154d2
T+22010ms pp+0718: 00000249 -> 0000024a
T+22010ms pp+0728: 0000004a -> 0000004b
T+22010ms pp+073c: 00000229 -> 0000022a
T+22010ms pp+0764: 00015458 -> 000154d2
T+22010ms pp+0768: 00000249 -> 0000024a
T+22010ms pp+0780: 00000290 -> 00000291
T+22010ms pp+0784: 0003a5c5 -> 0003a63f
T+22010ms pp+0788: 0003a5c5 -> 0003a63f
T+22010ms pp+07b0: 00000088 -> 00000089
T+22010ms pp+07c4: 00000250 -> 00000251
T+22030ms tm+0100: 00000010 -> 00000000
T+22030ms tm+0500: 00000010 -> 00000000
T+22030ms tm+0900: 00000010 -> 00000000
T+22030ms tm+0d00: 00000010 -> 00000000
T+22030ms pp+0714: 000154d2 -> 00015650
T+22030ms pp+0718: 0000024a -> 0000024e
T+22030ms pp+0724: 00000170 -> 00000173
T+22030ms pp+072c: 0000003b -> 0000003c
T+22030ms pp+073c: 0000022a -> 0000022e
T+22030ms pp+0764: 000154d2 -> 00015650
T+22030ms pp+0768: 0000024a -> 0000024e
T+22030ms pp+0780: 00000291 -> 00000295
T+22030ms pp+0784: 0003a63f -> 0003a77b
T+22030ms pp+0788: 0003a63f -> 0003a77b
T+22030ms pp+07b0: 00000089 -> 0000008d
T+22030ms pp+07c4: 00000251 -> 00000255
T+25550ms pp+0780: 00000295 -> 00000296
T+25550ms pp+0784: 0003a77b -> 0003a7d5
T+25550ms pp+0788: 0003a77b -> 0003a7d5
T+25550ms pp+078c: 0000000e -> 0000000f
T+25550ms pp+07b0: 0000008d -> 0000008e
T+39290ms pp+0780: 00000296 -> 00000298
T+39290ms pp+0784: 0003a7d5 -> 0003a89f
T+39290ms pp+0788: 0003a7d5 -> 0003a89f
T+39290ms pp+0790: 00000032 -> 00000034
T+39290ms pp+07b0: 0000008e -> 00000090
T+39350ms pp+0780: 00000298 -> 00000299
T+39350ms pp+0784: 0003a89f -> 0003a94a
T+39350ms pp+0788: 0003a89f -> 0003a94a
T+39350ms pp+0790: 00000034 -> 00000035
T+39350ms pp+07b4: 00000048 -> 00000049
T+55570ms pp+0780: 00000299 -> 0000029a
T+55570ms pp+0784: 0003a94a -> 0003a9a4
T+55570ms pp+0788: 0003a94a -> 0003a9a4
T+55570ms pp+078c: 0000000f -> 00000010
T+55570ms pp+07b0: 00000090 -> 00000091
T+77580ms pp+0780: 0000029a -> 0000029b
T+77580ms pp+0784: 0003a9a4 -> 0003aa7a
T+77580ms pp+0788: 0003a9a4 -> 0003aa7a
T+77580ms pp+0790: 00000035 -> 00000036
T+77580ms pp+07b4: 00000049 -> 0000004a
T+78590ms pp+0780: 0000029b -> 0000029c
T+78590ms pp+0784: 0003aa7a -> 0003ab50
T+78590ms pp+0788: 0003aa7a -> 0003ab50
T+78590ms pp+0790: 00000036 -> 00000037
T+78590ms pp+07b4: 0000004a -> 0000004b
T+79590ms pp+0780: 0000029c -> 0000029d
T+79590ms pp+0784: 0003ab50 -> 0003ac26
T+79590ms pp+0788: 0003ab50 -> 0003ac26
T+79590ms pp+0790: 00000037 -> 00000038
T+79590ms pp+07b4: 0000004b -> 0000004c
T+80580ms pp+0780: 0000029d -> 0000029e
T+80580ms pp+0784: 0003ac26 -> 0003acfc
T+80580ms pp+0788: 0003ac26 -> 0003acfc
T+80580ms pp+0790: 00000038 -> 00000039
T+80580ms pp+07b4: 0000004c -> 0000004d
T+81180ms pp+0714: 00015650 -> 0001572d
T+81180ms pp+0718: 0000024e -> 0000024f
T+81180ms pp+0720: 0000001c -> 0000001d
T+81180ms pp+072c: 0000003c -> 0000003d
T+81180ms pp+0740: 0000001c -> 0000001d
T+81180ms pp+0764: 00015650 -> 0001572d
T+81180ms pp+0768: 0000024e -> 0000024f
T+83660ms pp+0714: 0001572d -> 00015797
T+83660ms pp+0718: 0000024f -> 00000250
T+83660ms pp+0720: 0000001d -> 0000001e
T+83660ms pp+0728: 0000004b -> 0000004c
T+83660ms pp+0740: 0000001d -> 0000001e
T+83660ms pp+0764: 0001572d -> 00015797
T+83660ms pp+0768: 0000024f -> 00000250
T+85600ms pp+0780: 0000029e -> 0000029f
T+85600ms pp+0784: 0003acfc -> 0003ad56
T+85600ms pp+0788: 0003acfc -> 0003ad56
T+85600ms pp+078c: 00000010 -> 00000011
T+85600ms pp+07b0: 00000091 -> 00000092
T+89200ms pp+0780: 0000029f -> 000002a0
T+89200ms pp+0784: 0003ad56 -> 0003ae25
T+89200ms pp+0788: 0003ad56 -> 0003ae25
T+89200ms pp+0790: 00000039 -> 0000003a
T+89200ms pp+07b4: 0000004d -> 0000004e
T+89260ms pp+0780: 000002a0 -> 000002a1
T+89260ms pp+0784: 0003ae25 -> 0003aee0
T+89260ms pp+0788: 0003ae25 -> 0003aee0
T+89260ms pp+0790: 0000003a -> 0000003b
T+89260ms pp+07b4: 0000004e -> 0000004f
T+103450ms pp+0714: 00015797 -> 000157e5
T+103450ms pp+0718: 00000250 -> 00000251
T+103450ms pp+0728: 0000004c -> 0000004d
T+103450ms pp+073c: 0000022e -> 0000022f
T+103450ms pp+0764: 00015797 -> 000157e5
T+103450ms pp+0768: 00000250 -> 00000251
T+103450ms pp+0780: 000002a1 -> 000002a2
T+103450ms pp+0784: 0003aee0 -> 0003af2e
T+103450ms pp+0788: 0003aee0 -> 0003af2e
T+103450ms pp+07b0: 00000092 -> 00000093
T+103450ms pp+07c4: 00000255 -> 00000256
T+103470ms tm+0100: 00000000 -> 00000010
T+103470ms tm+0500: 00000000 -> 00000010
T+103470ms tm+0900: 00000000 -> 00000010
T+103470ms tm+0d00: 00000000 -> 00000010
T+103470ms pp+0714: 000157e5 -> 00015b4f
T+103470ms pp+0718: 00000251 -> 00000255
T+103470ms pp+0728: 0000004d -> 00000050
T+103470ms pp+0734: 00000043 -> 00000044
T+103470ms pp+073c: 0000022f -> 00000233
T+103470ms pp+0764: 000157e5 -> 00015b4f
T+103470ms pp+0768: 00000251 -> 00000255
T+103470ms pp+0780: 000002a2 -> 000002a7
T+103470ms pp+0784: 0003af2e -> 0003b6b7
T+103470ms pp+0788: 0003af2e -> 0003b6b7
T+103470ms pp+07b0: 00000093 -> 00000096
T+103470ms pp+07b4: 0000004f -> 00000050
T+103470ms pp+07c0: 00000004 -> 00000005
T+103470ms pp+07c4: 00000256 -> 0000025b
T+103490ms tm+0100: 00000010 -> 00000000
T+103490ms tm+0500: 00000010 -> 00000000
T+103490ms tm+0900: 00000010 -> 00000000
T+103490ms tm+0d00: 00000010 -> 00000000
T+103490ms pp+0780: 000002a7 -> 000002a8
T+103490ms pp+0784: 0003b6b7 -> 0003b72d
T+103490ms pp+0788: 0003b6b7 -> 0003b72d
T+103490ms pp+07b0: 00000096 -> 00000097
T+103490ms pp+07c4: 0000025b -> 0000025c
T+103530ms pp+0714: 00015b4f -> 00015b95
T+103530ms pp+0718: 00000255 -> 00000256
T+103530ms pp+0728: 00000050 -> 00000051
T+103530ms pp+073c: 00000233 -> 00000234
T+103530ms pp+0764: 00015b4f -> 00015b95
T+103530ms pp+0768: 00000255 -> 00000256
T+103670ms pp+0714: 00015b95 -> 00015d6b
T+103670ms pp+0718: 00000256 -> 00000257
T+103670ms pp+0730: 00000010 -> 00000011
T+103670ms pp+073c: 00000234 -> 00000235
T+103670ms pp+0764: 00015b95 -> 00015d6b
T+103670ms pp+0768: 00000256 -> 00000257
T+103690ms pp+0714: 00015d6b -> 00015e3b
T+103690ms pp+0718: 00000257 -> 00000259
T+103690ms pp+0728: 00000051 -> 00000053
T+103690ms pp+073c: 00000235 -> 00000237
T+103690ms pp+0764: 00015d6b -> 00015e3b
T+103690ms pp+0768: 00000257 -> 00000259
T+103690ms pp+0780: 000002a8 -> 000002aa
T+103690ms pp+0784: 0003b72d -> 0003b7fd
T+103690ms pp+0788: 0003b72d -> 0003b7fd
T+103690ms pp+07b0: 00000097 -> 00000099
T+103690ms pp+07c4: 0000025c -> 0000025e
T+103710ms tm+0100: 00000000 -> 00000010
T+103710ms tm+0500: 00000000 -> 00000010
T+103710ms tm+0900: 00000000 -> 00000010
T+103710ms tm+0d00: 00000000 -> 00000010
T+103710ms pp+0714: 00015e3b -> 00015eb5
T+103710ms pp+0718: 00000259 -> 0000025a
T+103710ms pp+0728: 00000053 -> 00000054
T+103710ms pp+073c: 00000237 -> 00000238
T+103710ms pp+0764: 00015e3b -> 00015eb5
T+103710ms pp+0768: 00000259 -> 0000025a
T+103710ms pp+0780: 000002aa -> 000002ab
T+103710ms pp+0784: 0003b7fd -> 0003b887
T+103710ms pp+0788: 0003b7fd -> 0003b887
T+103710ms pp+07b4: 00000050 -> 00000051
T+103710ms pp+07c4: 0000025e -> 0000025f
T+103730ms pp+0714: 00015eb5 -> 00015f99
T+103730ms pp+0718: 0000025a -> 0000025c
T+103730ms pp+0728: 00000054 -> 00000056
T+103730ms pp+073c: 00000238 -> 0000023a
T+103730ms pp+0764: 00015eb5 -> 00015f99
T+103730ms pp+0768: 0000025a -> 0000025c
T+103730ms pp+0780: 000002ab -> 000002ad
T+103730ms pp+0784: 0003b887 -> 0003b9eb
T+103730ms pp+0788: 0003b887 -> 0003b9eb
T+103730ms pp+07b4: 00000051 -> 00000053
T+103730ms pp+07c4: 0000025f -> 00000261
T+103750ms pp+0714: 00015f99 -> 00016003
T+103750ms pp+0718: 0000025c -> 0000025d
T+103750ms pp+0728: 00000056 -> 00000057
T+103750ms pp+073c: 0000023a -> 0000023b
T+103750ms pp+0764: 00015f99 -> 00016003
T+103750ms pp+0768: 0000025c -> 0000025d
T+103750ms pp+0780: 000002ad -> 000002ae
T+103750ms pp+0784: 0003b9eb -> 0003bb51
T+103750ms pp+0788: 0003b9eb -> 0003bb51
T+103750ms pp+07b8: 00000005 -> 00000006
T+103750ms pp+07c4: 00000261 -> 00000262
T+103770ms tm+0100: 00000010 -> 00000000
T+103770ms tm+0500: 00000010 -> 00000000
T+103770ms tm+0900: 00000010 -> 00000000
T+103770ms tm+0d00: 00000010 -> 00000000
T+103810ms pp+0714: 00016003 -> 00016179
T+103810ms pp+0718: 0000025d -> 0000025e
T+103810ms pp+0730: 00000011 -> 00000012
T+103810ms pp+073c: 0000023b -> 0000023c
T+103810ms pp+0764: 00016003 -> 00016179
T+103810ms pp+0768: 0000025d -> 0000025e
T+103810ms pp+0780: 000002ae -> 000002b0
T+103810ms pp+0784: 0003bb51 -> 0003bbdd
T+103810ms pp+0788: 0003bb51 -> 0003bbdd
T+103810ms pp+07b0: 00000099 -> 0000009b
T+103810ms pp+07c4: 00000262 -> 00000264
regtrace: ==== FULL DUMP ====
topcrm+0004: 000001fb
topcrm+0008: 1ff7ffff
topcrm+000c: 005179e0
topcrm+0010: 0000b114
topcrm+0014: cffffbf7
topcrm+0018: 00040a09
topcrm+001c: 10000000
topcrm+0020: 0004142a
topcrm+0024: 10000000
topcrm+0028: 000409ec
topcrm+002c: 15525460
topcrm+0030: 000409d9
topcrm+0034: 10f5c28f
topcrm+0038: 00000303
topcrm+0040: 000000d5
topcrm+0048: 0ffedfff
topcrm+004c: 0003cfff
topcrm+0050: 08040ca2
topcrm+0054: 14000000
tm+0000: 00000140
tm+0004: 00000010
tm+00e8: 4e700000
tm+00ec: 4e710000
tm+00f0: 4ff1f000
tm+00f4: 4ec20000
tm+00f8: 4fe20000
tm+00fc: 28000900
tm+0104: fffffffc
tm+0124: 03ffffff
tm+012c: 00001fff
tm+0134: 001fffff
tm+0400: 00000140
tm+0404: 00000010
tm+04e8: 4e700000
tm+04ec: 4e710000
tm+04f0: 4ff1f000
tm+04f4: 4ec20000
tm+04f8: 4fe20000
tm+04fc: 28000900
tm+0504: fffffffc
tm+0524: 03ffffff
tm+052c: 00001fff
tm+0534: 001fffff
tm+0800: 00000140
tm+0804: 00000010
tm+08e8: 4e700000
tm+08ec: 4e710000
tm+08f0: 4ff1f000
tm+08f4: 4ec20000
tm+08f8: 4fe20000
tm+08fc: 28000900
tm+0904: fffffffc
tm+0924: 03ffffff
tm+092c: 00001fff
tm+0934: 001fffff
tm+0c00: 00000140
tm+0c04: 00000010
tm+0ce8: 4e700000
tm+0cec: 4e710000
tm+0cf0: 4ff1f000
tm+0cf4: 4ec20000
tm+0cf8: 4fe20000
tm+0cfc: 28000900
tm+0d04: fffffffc
tm+0d24: 03ffffff
tm+0d2c: 00001fff
tm+0d34: 001fffff
npp+0004: ffffffff
npp+000c: 0003ffff
npp+0060: 00201000
npp+0064: 00201000
npp+0068: 00201000
npp+006c: 00201000
npp+0070: 00a01000
npp+0114: 00000004
npp+0184: 07d00001
npp+0188: 00007654
npp+018c: 00007530
npp+0190: 0000c350
npp+0194: 00013880
npp+0198: 000186a0
npp+019c: 000186a0
npp+01a0: 00030d40
npp+01a4: 000249f0
npp+01a8: 000249f0
npp+01ac: 000493e0
npp+01b0: 000186a0
npp+01b4: 00000003
npp+0404: ffffffff
npp+040c: 0003ffff
npp+0460: 00201000
npp+0464: 00201000
npp+0468: 00201000
npp+046c: 00201000
npp+0470: 00a01000
npp+0514: 00000004
npp+0584: 07d00001
npp+0588: 00007654
npp+058c: 00007530
npp+0590: 0000c350
npp+0594: 00013880
npp+0598: 000186a0
npp+059c: 000186a0
npp+05a0: 00030d40
npp+05a4: 000249f0
npp+05a8: 000249f0
npp+05ac: 000493e0
npp+05b0: 000186a0
npp+05b4: 00000003
npp+0804: ffffffff
npp+080c: 0003ffff
npp+0860: 00201000
npp+0864: 00201000
npp+0868: 00201000
npp+086c: 00201000
npp+0870: 00a01000
npp+0914: 00000004
npp+0984: 07d00001
npp+0988: 00007654
npp+098c: 00007530
npp+0990: 0000c350
npp+0994: 00013880
npp+0998: 000186a0
npp+099c: 000186a0
npp+09a0: 00030d40
npp+09a4: 000249f0
npp+09a8: 000249f0
npp+09ac: 000493e0
npp+09b0: 000186a0
npp+09b4: 00000003
npp+0c04: ffffffff
npp+0c0c: 0003ffff
npp+0c60: 00201000
npp+0c64: 00201000
npp+0c68: 00201000
npp+0c6c: 00201000
npp+0c70: 00a01000
npp+0d14: 00000004
npp+0d84: 07d00001
npp+0d88: 00007654
npp+0d8c: 00007530
npp+0d90: 0000c350
npp+0d94: 00013880
npp+0d98: 000186a0
npp+0d9c: 000186a0
npp+0da0: 00030d40
npp+0da4: 000249f0
npp+0da8: 000249f0
npp+0dac: 000493e0
npp+0db0: 000186a0
npp+0db4: 00000003
pp+0000: 00ba6003
pp+0004: 00003fff
pp+0008: 80000001
pp+00d4: 03e80000
pp+00dc: 00000063
pp+0110: 00001142
pp+011c: 0401710f
pp+0120: 00800800
pp+0300: 8000ffff
pp+0304: ffffffff
pp+0714: 00016179
pp+0718: 0000025e
pp+071c: 00000004
pp+0720: 0000001e
pp+0724: 00000173
pp+0728: 00000057
pp+072c: 0000003d
pp+0730: 00000012
pp+0734: 00000044
pp+0738: 00000001
pp+073c: 0000023c
pp+0740: 0000001e
pp+0744: 00000004
pp+0764: 00016179
pp+0768: 0000025e
pp+0780: 000002b1
pp+0784: 0003bc67
pp+0788: 0003bc67
pp+078c: 00000011
pp+0790: 0000003b
pp+07ac: 00000050
pp+07b0: 0000009b
pp+07b4: 00000054
pp+07b8: 00000006
pp+07bc: 00000167
pp+07c0: 00000005
pp+07c4: 00000265
pp+0b00: 00002000
cla+0070: ffff0000
cla+00d4: 03e80000
cla+00dc: 00000063
cla+00e4: 00000008
cla+0110: 00001142
cla+011c: 1401710f
cla+0120: 00800800
cla+0300: 8000ffff
cla+0304: ffffffff
cla+0b00: 00002000
regtrace: ==== DUMP END ====
T+105440ms pp+0714: 00016179 -> 00016203
T+105440ms pp+0718: 0000025e -> 0000025f
T+105440ms pp+072c: 0000003d -> 0000003e
T+105440ms pp+073c: 0000023c -> 0000023d
T+105440ms pp+0764: 00016179 -> 00016203
T+105440ms pp+0768: 0000025e -> 0000025f
T+105440ms pp+0780: 000002b0 -> 000002b1
T+105440ms pp+0784: 0003bbdd -> 0003bc67
T+105440ms pp+0788: 0003bbdd -> 0003bc67
T+105440ms pp+07b4: 00000053 -> 00000054
T+105440ms pp+07c4: 00000264 -> 00000265
T+105460ms pp+0780: 000002b1 -> 000002b2
T+105460ms pp+0784: 0003bc67 -> 0003bcad
T+105460ms pp+0788: 0003bc67 -> 0003bcad
T+105460ms pp+07b0: 0000009b -> 0000009c
T+105460ms pp+07c4: 00000265 -> 00000266
T+107440ms pp+0714: 00016203 -> 0001627d
T+107440ms pp+0718: 0000025f -> 00000260
T+107440ms pp+0728: 00000057 -> 00000058
T+107440ms pp+073c: 0000023d -> 0000023e
T+107440ms pp+0764: 00016203 -> 0001627d
T+107440ms pp+0768: 0000025f -> 00000260
T+107440ms pp+0780: 000002b2 -> 000002b3
T+107440ms pp+0784: 0003bcad -> 0003bd27
T+107440ms pp+0788: 0003bcad -> 0003bd27
T+107440ms pp+07b0: 0000009c -> 0000009d
T+107440ms pp+07c4: 00000266 -> 00000267
T+107460ms pp+0780: 000002b3 -> 000002b4
T+107460ms pp+0784: 0003bd27 -> 0003bd6d
T+107460ms pp+0788: 0003bd27 -> 0003bd6d
T+107460ms pp+07b0: 0000009d -> 0000009e
T+107460ms pp+07c4: 00000267 -> 00000268
T+108460ms pp+0714: 0001627d -> 000162f7
T+108460ms pp+0718: 00000260 -> 00000261
T+108460ms pp+0728: 00000058 -> 00000059
T+108460ms pp+073c: 0000023e -> 0000023f
T+108460ms pp+0764: 0001627d -> 000162f7
T+108460ms pp+0768: 00000260 -> 00000261
T+108480ms pp+0780: 000002b4 -> 000002b5
T+108480ms pp+0784: 0003bd6d -> 0003bdb3
T+108480ms pp+0788: 0003bd6d -> 0003bdb3
T+108480ms pp+07b0: 0000009e -> 0000009f
T+108480ms pp+07c4: 00000268 -> 00000269
T+109440ms tm+0900: 00000000 -> 00000010
T+109440ms tm+0d00: 00000000 -> 00000010
T+109440ms pp+0714: 000162f7 -> 00016391
T+109440ms pp+0718: 00000261 -> 00000262
T+109440ms pp+072c: 0000003e -> 0000003f
T+109440ms pp+073c: 0000023f -> 00000240
T+109440ms pp+0764: 000162f7 -> 00016391
T+109440ms pp+0768: 00000261 -> 00000262
T+109440ms pp+0780: 000002b5 -> 000002b6
T+109440ms pp+0784: 0003bdb3 -> 0003be4d
T+109440ms pp+0788: 0003bdb3 -> 0003be4d
T+109440ms pp+07b4: 00000054 -> 00000055
T+109440ms pp+07c4: 00000269 -> 0000026a
