=== DMESG ===
===dmesg attempt===
/tmp/stock_diag.sh: line 10: dmesg: not found
no dmesg
===klog===
/tmp/stock_diag.sh: line 12: head: not found
=== KPROBE CHECK ===
ls: /sys/kernel/debug/kprobes: No such file or directory
/tmp/stock_diag.sh: line 16: head: not found
/tmp/stock_diag.sh: line 17: head: not found
cat: can't open '/proc/sys/kernel/kprobes_optimization': No such file or directory
=== FTRACE CHECK ===
ls: /sys/kernel/debug/tracing/available_tracers: No such file or directory
/tmp/stock_diag.sh: line 22: head: not found
=== STOCK TM IRQ INIT STATE ===
 26:          0          0       GIC  66 Level     pon
 27:          0          0       GIC  67 Level     pon_npp
 28:          0          0       GIC  70 Level     idm
 29:         63          0       GIC  68 Level     pon_tm
 30:          0          0       GIC  69 Level     pon_pp
