regtrace: BASELINE (taking snapshot, enabling poll)
T+10ms pp+0714: 0000920a -> 000092a4
T+10ms pp+0718: 000001b4 -> 000001b5
T+10ms pp+072c: 0000001c -> 0000001d
T+10ms pp+073c: 00000197 -> 00000198
T+10ms pp+0764: 0000920a -> 000092a4
T+10ms pp+0768: 000001b4 -> 000001b5
T+30ms pp+0780: 000001d1 -> 000001d2
T+30ms pp+0784: 0003544c -> 00035492
T+30ms pp+0788: 0003544c -> 00035492
T+30ms pp+07b0: 00000032 -> 00000033
T+30ms pp+07c4: 0000019e -> 0000019f
T+2010ms pp+0714: 000092a4 -> 0000931e
T+2010ms pp+0718: 000001b5 -> 000001b6
T+2010ms pp+0728: 00000023 -> 00000024
T+2010ms pp+073c: 00000198 -> 00000199
T+2010ms pp+0764: 000092a4 -> 0000931e
T+2010ms pp+0768: 000001b5 -> 000001b6
T+2010ms pp+0780: 000001d2 -> 000001d3
T+2010ms pp+0784: 00035492 -> 0003550c
T+2010ms pp+0788: 00035492 -> 0003550c
T+2010ms pp+07b0: 00000033 -> 00000034
T+2010ms pp+07c4: 0000019f -> 000001a0
T+2030ms pp+0780: 000001d3 -> 000001d4
T+2030ms pp+0784: 0003550c -> 00035552
T+2030ms pp+0788: 0003550c -> 00035552
T+2030ms pp+07b0: 00000034 -> 00000035
T+2030ms pp+07c4: 000001a0 -> 000001a1
T+4030ms pp+0714: 0000931e -> 00009506
T+4030ms pp+0718: 000001b6 -> 000001b9
T+4030ms pp+071c: 00000003 -> 00000004
T+4030ms pp+0724: 0000016d -> 0000016e
T+4030ms pp+072c: 0000001d -> 0000001e
T+4030ms pp+0730: 00000005 -> 00000006
T+4030ms pp+073c: 00000199 -> 0000019b
T+4030ms pp+0744: 00000003 -> 00000004
T+4030ms pp+0764: 0000931e -> 00009506
T+4030ms pp+0768: 000001b6 -> 000001b9
T+4030ms pp+0780: 000001d4 -> 000001d6
T+4030ms pp+0784: 00035552 -> 00035632
T+4030ms pp+0788: 00035552 -> 00035632
T+4030ms pp+07b0: 00000035 -> 00000036
T+4030ms pp+07b4: 0000002a -> 0000002b
T+4030ms pp+07c4: 000001a1 -> 000001a3
T+4050ms pp+0780: 000001d6 -> 000001d7
T+4050ms pp+0784: 00035632 -> 00035678
T+4050ms pp+0788: 00035632 -> 00035678
T+4050ms pp+07b0: 00000036 -> 00000037
T+4050ms pp+07c4: 000001a3 -> 000001a4
T+4250ms pp+0714: 00009506 -> 00009614
T+4250ms pp+0718: 000001b9 -> 000001ba
T+4250ms pp+0730: 00000006 -> 00000007
T+4250ms pp+073c: 0000019b -> 0000019c
T+4250ms pp+0764: 00009506 -> 00009614
T+4250ms pp+0768: 000001b9 -> 000001ba
T+4250ms pp+0780: 000001d7 -> 000001d8
T+4250ms pp+0784: 00035678 -> 000356ca
T+4250ms pp+0788: 00035678 -> 000356ca
T+4250ms pp+07b0: 00000037 -> 00000038
T+4250ms pp+07c4: 000001a4 -> 000001a5
T+4470ms pp+0714: 00009614 -> 00009722
T+4470ms pp+0718: 000001ba -> 000001bb
T+4470ms pp+0730: 00000007 -> 00000008
T+4470ms pp+073c: 0000019c -> 0000019d
T+4470ms pp+0764: 00009614 -> 00009722
T+4470ms pp+0768: 000001ba -> 000001bb
T+4470ms pp+0780: 000001d8 -> 000001d9
T+4470ms pp+0784: 000356ca -> 0003571c
T+4470ms pp+0788: 000356ca -> 0003571c
T+4470ms pp+07b0: 00000038 -> 00000039
T+4470ms pp+07c4: 000001a5 -> 000001a6
T+4910ms tm+0900: 00000000 -> 00000002
T+4910ms tm+0904: fffffffc -> ffffffff
T+4910ms pp+0714: 00009722 -> 00009830
T+4910ms pp+0718: 000001bb -> 000001bc
T+4910ms pp+0730: 00000008 -> 00000009
T+4910ms pp+073c: 0000019d -> 0000019e
T+4910ms pp+0764: 00009722 -> 00009830
T+4910ms pp+0768: 000001bb -> 000001bc
T+4910ms pp+0780: 000001d9 -> 000001da
T+4910ms pp+0784: 0003571c -> 0003576e
T+4910ms pp+0788: 0003571c -> 0003576e
T+4910ms pp+07b0: 00000039 -> 0000003a
T+4910ms pp+07c4: 000001a6 -> 000001a7
T+4930ms tm+0900: 00000002 -> 00000000
T+4930ms tm+0904: ffffffff -> fffffffc
T+5790ms pp+0714: 00009830 -> 0000993e
T+5790ms pp+0718: 000001bc -> 000001bd
T+5790ms pp+0730: 00000009 -> 0000000a
T+5790ms pp+073c: 0000019e -> 0000019f
T+5790ms pp+0764: 00009830 -> 0000993e
T+5790ms pp+0768: 000001bc -> 000001bd
T+5790ms pp+0780: 000001da -> 000001db
T+5790ms pp+0784: 0003576e -> 000357c0
T+5790ms pp+0788: 0003576e -> 000357c0
T+5790ms pp+07b0: 0000003a -> 0000003b
T+5790ms pp+07c4: 000001a7 -> 000001a8
T+6010ms pp+0780: 000001db -> 000001dc
T+6010ms pp+0784: 000357c0 -> 0003583a
T+6010ms pp+0788: 000357c0 -> 0003583a
T+6010ms pp+07b0: 0000003b -> 0000003c
T+6010ms pp+07c4: 000001a8 -> 000001a9
T+6230ms pp+0780: 000001dc -> 000001dd
T+6230ms pp+0784: 0003583a -> 000358b4
T+6230ms pp+0788: 0003583a -> 000358b4
T+6230ms pp+07b0: 0000003c -> 0000003d
T+6230ms pp+07c4: 000001a9 -> 000001aa
T+6450ms pp+0780: 000001dd -> 000001de
T+6450ms pp+0784: 000358b4 -> 0003592e
T+6450ms pp+0788: 000358b4 -> 0003592e
T+6450ms pp+07b0: 0000003d -> 0000003e
T+6450ms pp+07c4: 000001aa -> 000001ab
T+6870ms pp+0780: 000001de -> 000001df
T+6870ms pp+0784: 0003592e -> 000359a8
T+6870ms pp+0788: 0003592e -> 000359a8
T+6870ms pp+07b0: 0000003e -> 0000003f
T+6870ms pp+07c4: 000001ab -> 000001ac
T+7550ms pp+0714: 0000993e -> 00009a4c
T+7550ms pp+0718: 000001bd -> 000001be
T+7550ms pp+0730: 0000000a -> 0000000b
T+7550ms pp+073c: 0000019f -> 000001a0
T+7550ms pp+0764: 0000993e -> 00009a4c
T+7550ms pp+0768: 000001bd -> 000001be
T+7550ms pp+0780: 000001df -> 000001e0
T+7550ms pp+0784: 000359a8 -> 000359fa
T+7550ms pp+0788: 000359a8 -> 000359fa
T+7550ms pp+07b0: 0000003f -> 00000040
T+7550ms pp+07c4: 000001ac -> 000001ad
T+7750ms pp+0780: 000001e0 -> 000001e1
T+7750ms pp+0784: 000359fa -> 00035a74
T+7750ms pp+0788: 000359fa -> 00035a74
T+7750ms pp+07b0: 00000040 -> 00000041
T+7750ms pp+07c4: 000001ad -> 000001ae
T+9360ms pp+0780: 000001e1 -> 000001e2
T+9360ms pp+0784: 00035a74 -> 00035ab4
T+9360ms pp+0788: 00035a74 -> 00035ab4
T+9360ms pp+07ac: 0000000a -> 0000000b
T+9360ms pp+07c4: 000001ae -> 000001af
T+9480ms pp+0780: 000001e2 -> 000001e3
T+9480ms pp+0784: 00035ab4 -> 00035b2e
T+9480ms pp+0788: 00035ab4 -> 00035b2e
T+9480ms pp+07b0: 00000041 -> 00000042
T+9480ms pp+07c4: 000001af -> 000001b0
T+10380ms pp+0780: 000001e3 -> 000001e4
T+10380ms pp+0784: 00035b2e -> 00035b6e
T+10380ms pp+0788: 00035b2e -> 00035b6e
T+10380ms pp+07ac: 0000000b -> 0000000c
T+10380ms pp+07c4: 000001b0 -> 000001b1
T+11070ms pp+0714: 00009a4c -> 00009b5a
T+11070ms pp+0718: 000001be -> 000001bf
T+11070ms pp+0730: 0000000b -> 0000000c
T+11070ms pp+073c: 000001a0 -> 000001a1
T+11070ms pp+0764: 00009a4c -> 00009b5a
T+11070ms pp+0768: 000001be -> 000001bf
T+11070ms pp+0780: 000001e4 -> 000001e6
T+11070ms pp+0784: 00035b6e -> 00035c38
T+11070ms pp+0788: 00035b6e -> 00035c38
T+11070ms pp+0790: 00000029 -> 0000002b
T+11070ms pp+07b0: 00000042 -> 00000044
T+11090ms pp+0780: 000001e6 -> 000001e7
T+11090ms pp+0784: 00035c38 -> 00035c8a
T+11090ms pp+0788: 00035c38 -> 00035c8a
T+11090ms pp+07b0: 00000044 -> 00000045
T+11090ms pp+07c4: 000001b1 -> 000001b2
T+11150ms pp+0780: 000001e7 -> 000001e8
T+11150ms pp+0784: 00035c8a -> 00035d35
T+11150ms pp+0788: 00035c8a -> 00035d35
T+11150ms pp+0790: 0000002b -> 0000002c
T+11150ms pp+07b4: 0000002b -> 0000002c
T+11390ms pp+0780: 000001e8 -> 000001e9
T+11390ms pp+0784: 00035d35 -> 00035d75
T+11390ms pp+0788: 00035d35 -> 00035d75
T+11390ms pp+07ac: 0000000c -> 0000000d
T+11390ms pp+07c4: 000001b2 -> 000001b3
T+12930ms pp+0714: 00009b5a -> 00009b9a
T+12930ms pp+0718: 000001bf -> 000001c0
T+12930ms pp+0724: 0000016e -> 0000016f
T+12930ms pp+073c: 000001a1 -> 000001a2
T+12930ms pp+0764: 00009b5a -> 00009b9a
T+12930ms pp+0768: 000001bf -> 000001c0
T+12930ms pp+0780: 000001e9 -> 000001ea
T+12930ms pp+0784: 00035d75 -> 00035db5
T+12930ms pp+0788: 00035d75 -> 00035db5
T+12930ms pp+078c: 0000000a -> 0000000b
T+12930ms pp+07ac: 0000000d -> 0000000e
T+12950ms pp+0714: 00009b9a -> 00009cde
T+12950ms pp+0718: 000001c0 -> 000001c2
T+12950ms pp+0728: 00000024 -> 00000025
T+12950ms pp+072c: 0000001e -> 0000001f
T+12950ms pp+073c: 000001a2 -> 000001a4
T+12950ms pp+0764: 00009b9a -> 00009cde
T+12950ms pp+0768: 000001c0 -> 000001c2
T+12950ms pp+0780: 000001ea -> 000001ec
T+12950ms pp+0784: 00035db5 -> 00035f71
T+12950ms pp+0788: 00035db5 -> 00035f71
T+12950ms pp+07b0: 00000045 -> 00000046
T+12950ms pp+07b8: 00000002 -> 00000003
T+12950ms pp+07c4: 000001b3 -> 000001b5
T+12990ms pp+0780: 000001ec -> 000001ed
T+12990ms pp+0784: 00035f71 -> 00035fb7
T+12990ms pp+0788: 00035f71 -> 00035fb7
T+12990ms pp+07b0: 00000046 -> 00000047
T+12990ms pp+07c4: 000001b5 -> 000001b6
T+13020ms pp+0714: 00009cde -> 00009dc8
T+13020ms pp+0718: 000001c2 -> 000001c3
T+13020ms pp+072c: 0000001f -> 00000020
T+13020ms pp+073c: 000001a4 -> 000001a5
T+13020ms pp+0764: 00009cde -> 00009dc8
T+13020ms pp+0768: 000001c2 -> 000001c3
T+13020ms pp+0780: 000001ed -> 000001ee
T+13020ms pp+0784: 00035fb7 -> 00035ffd
T+13020ms pp+0788: 00035fb7 -> 00035ffd
T+13020ms pp+07b0: 00000047 -> 00000048
T+13020ms pp+07c4: 000001b6 -> 000001b7
T+14020ms tm+0100: 00000000 -> 00000010
T+14020ms tm+0500: 00000000 -> 00000010
T+14020ms tm+0900: 00000000 -> 00000010
T+14020ms tm+0d00: 00000000 -> 00000010
T+14020ms pp+0714: 00009dc8 -> 00009e32
T+14020ms pp+0718: 000001c3 -> 000001c4
T+14020ms pp+0728: 00000025 -> 00000026
T+14020ms pp+073c: 000001a5 -> 000001a6
T+14020ms pp+0764: 00009dc8 -> 00009e32
T+14020ms pp+0768: 000001c3 -> 000001c4
T+14020ms pp+0780: 000001ee -> 000001ef
T+14020ms pp+0784: 00035ffd -> 0003609b
T+14020ms pp+0788: 00035ffd -> 0003609b
T+14020ms pp+07b4: 0000002c -> 0000002d
T+14020ms pp+07c4: 000001b7 -> 000001b8
T+14040ms pp+0714: 00009e32 -> 00009f6c
T+14040ms pp+0718: 000001c4 -> 000001c7
T+14040ms pp+0728: 00000026 -> 00000028
T+14040ms pp+072c: 00000020 -> 00000021
T+14040ms pp+073c: 000001a6 -> 000001a9
T+14040ms pp+0764: 00009e32 -> 00009f6c
T+14040ms pp+0768: 000001c4 -> 000001c7
T+14040ms pp+0780: 000001ef -> 000001f3
T+14040ms pp+0784: 0003609b -> 0003621b
T+14040ms pp+0788: 0003609b -> 0003621b
T+14040ms pp+07b0: 00000048 -> 0000004b
T+14040ms pp+07b4: 0000002d -> 0000002e
T+14040ms pp+07c4: 000001b8 -> 000001bc
T+14060ms tm+0100: 00000010 -> 00000000
T+14060ms tm+0500: 00000010 -> 00000000
T+14060ms tm+0900: 00000010 -> 00000000
T+14060ms tm+0d00: 00000010 -> 00000000
T+14060ms pp+0714: 00009f6c -> 00009fb2
T+14060ms pp+0718: 000001c7 -> 000001c8
T+14060ms pp+0728: 00000028 -> 00000029
T+14060ms pp+073c: 000001a9 -> 000001aa
T+14060ms pp+0764: 00009f6c -> 00009fb2
T+14060ms pp+0768: 000001c7 -> 000001c8
T+14060ms pp+0780: 000001f3 -> 000001f5
T+14060ms pp+0784: 0003621b -> 000362a7
T+14060ms pp+0788: 0003621b -> 000362a7
T+14060ms pp+07b0: 0000004b -> 0000004d
T+14060ms pp+07c4: 000001bc -> 000001be
T+27290ms pp+0780: 000001f5 -> 000001f6
T+27290ms pp+0784: 000362a7 -> 00036301
T+27290ms pp+0788: 000362a7 -> 00036301
T+27290ms pp+078c: 0000000b -> 0000000c
T+27290ms pp+07b0: 0000004d -> 0000004e
T+43750ms pp+0714: 00009fb2 -> 0000a000
T+43750ms pp+0718: 000001c8 -> 000001c9
T+43750ms pp+0728: 00000029 -> 0000002a
T+43750ms pp+073c: 000001aa -> 000001ab
T+43750ms pp+0764: 00009fb2 -> 0000a000
T+43750ms pp+0768: 000001c8 -> 000001c9
T+43750ms pp+0780: 000001f6 -> 000001f7
T+43750ms pp+0784: 00036301 -> 0003634f
T+43750ms pp+0788: 00036301 -> 0003634f
T+43750ms pp+07b0: 0000004e -> 0000004f
T+43750ms pp+07c4: 000001be -> 000001bf
T+43770ms pp+0714: 0000a000 -> 0000a36a
T+43770ms pp+0718: 000001c9 -> 000001cd
T+43770ms pp+0728: 0000002a -> 0000002d
T+43770ms pp+0734: 00000002 -> 00000003
T+43770ms pp+073c: 000001ab -> 000001af
T+43770ms pp+0764: 0000a000 -> 0000a36a
T+43770ms pp+0768: 000001c9 -> 000001cd
T+43770ms pp+0780: 000001f7 -> 000001fc
T+43770ms pp+0784: 0003634f -> 00036ad8
T+43770ms pp+0788: 0003634f -> 00036ad8
T+43770ms pp+07b0: 0000004f -> 00000052
T+43770ms pp+07b4: 0000002e -> 0000002f
T+43770ms pp+07c0: 00000002 -> 00000003
T+43770ms pp+07c4: 000001bf -> 000001c4
T+43790ms pp+0780: 000001fc -> 000001fd
T+43790ms pp+0784: 00036ad8 -> 00036b4e
T+43790ms pp+0788: 00036ad8 -> 00036b4e
T+43790ms pp+07b0: 00000052 -> 00000053
T+43790ms pp+07c4: 000001c4 -> 000001c5
T+43830ms pp+0714: 0000a36a -> 0000a3b0
T+43830ms pp+0718: 000001cd -> 000001ce
T+43830ms pp+0728: 0000002d -> 0000002e
T+43830ms pp+073c: 000001af -> 000001b0
T+43830ms pp+0764: 0000a36a -> 0000a3b0
T+43830ms pp+0768: 000001cd -> 000001ce
T+43970ms pp+0714: 0000a3b0 -> 0000a57e
T+43970ms pp+0718: 000001ce -> 000001cf
T+43970ms pp+0730: 0000000c -> 0000000d
T+43970ms pp+073c: 000001b0 -> 000001b1
T+43970ms pp+0764: 0000a3b0 -> 0000a57e
T+43970ms pp+0768: 000001ce -> 000001cf
T+43990ms tm+0100: 00000000 -> 00000010
T+43990ms tm+0500: 00000000 -> 00000010
T+43990ms tm+0900: 00000000 -> 00000010
T+43990ms tm+0d00: 00000000 -> 00000010
T+43990ms pp+0714: 0000a57e -> 0000a64e
T+43990ms pp+0718: 000001cf -> 000001d1
T+43990ms pp+0728: 0000002e -> 00000030
T+43990ms pp+073c: 000001b1 -> 000001b3
T+43990ms pp+0764: 0000a57e -> 0000a64e
T+43990ms pp+0768: 000001cf -> 000001d1
T+43990ms pp+0780: 000001fd -> 000001ff
T+43990ms pp+0784: 00036b4e -> 00036c1e
T+43990ms pp+0788: 00036b4e -> 00036c1e
T+43990ms pp+07b0: 00000053 -> 00000055
T+43990ms pp+07c4: 000001c5 -> 000001c7
T+44010ms tm+0100: 00000010 -> 00000000
T+44010ms tm+0500: 00000010 -> 00000000
T+44010ms tm+0900: 00000010 -> 00000000
T+44010ms tm+0d00: 00000010 -> 00000000
T+44010ms pp+0714: 0000a64e -> 0000a6c8
T+44010ms pp+0718: 000001d1 -> 000001d2
T+44010ms pp+0728: 00000030 -> 00000031
T+44010ms pp+073c: 000001b3 -> 000001b4
T+44010ms pp+0764: 0000a64e -> 0000a6c8
T+44010ms pp+0768: 000001d1 -> 000001d2
T+44010ms pp+0780: 000001ff -> 00000200
T+44010ms pp+0784: 00036c1e -> 00036ca8
T+44010ms pp+0788: 00036c1e -> 00036ca8
T+44010ms pp+07b4: 0000002f -> 00000030
T+44010ms pp+07c4: 000001c7 -> 000001c8
T+44030ms pp+0714: 0000a6c8 -> 0000a7ac
T+44030ms pp+0718: 000001d2 -> 000001d4
T+44030ms pp+0728: 00000031 -> 00000033
T+44030ms pp+073c: 000001b4 -> 000001b6
T+44030ms pp+0764: 0000a6c8 -> 0000a7ac
T+44030ms pp+0768: 000001d2 -> 000001d4
T+44030ms pp+0780: 00000200 -> 00000202
T+44030ms pp+0784: 00036ca8 -> 00036e0c
T+44030ms pp+0788: 00036ca8 -> 00036e0c
T+44030ms pp+07b4: 00000030 -> 00000032
T+44030ms pp+07c4: 000001c8 -> 000001ca
T+44050ms pp+0714: 0000a7ac -> 0000a816
T+44050ms pp+0718: 000001d4 -> 000001d5
T+44050ms pp+0728: 00000033 -> 00000034
T+44050ms pp+073c: 000001b6 -> 000001b7
T+44050ms pp+0764: 0000a7ac -> 0000a816
T+44050ms pp+0768: 000001d4 -> 000001d5
T+44050ms pp+0780: 00000202 -> 00000203
T+44050ms pp+0784: 00036e0c -> 00036f72
T+44050ms pp+0788: 00036e0c -> 00036f72
T+44050ms pp+07b8: 00000003 -> 00000004
T+44050ms pp+07c4: 000001ca -> 000001cb
T+44110ms pp+0714: 0000a816 -> 0000a98c
T+44110ms pp+0718: 000001d5 -> 000001d6
T+44110ms pp+0730: 0000000d -> 0000000e
T+44110ms pp+073c: 000001b7 -> 000001b8
T+44110ms pp+0764: 0000a816 -> 0000a98c
T+44110ms pp+0768: 000001d5 -> 000001d6
T+44110ms pp+0780: 00000203 -> 00000205
T+44110ms pp+0784: 00036f72 -> 00036ffe
T+44110ms pp+0788: 00036f72 -> 00036ffe
T+44110ms pp+07b0: 00000055 -> 00000057
T+44110ms pp+07c4: 000001cb -> 000001cd
T+45750ms pp+0714: 0000a98c -> 0000aaf4
T+45750ms pp+0718: 000001d6 -> 000001d8
T+45750ms pp+072c: 00000021 -> 00000023
T+45750ms pp+073c: 000001b8 -> 000001ba
T+45750ms pp+0764: 0000a98c -> 0000aaf4
T+45750ms pp+0768: 000001d6 -> 000001d8
T+45750ms pp+0780: 00000205 -> 00000207
T+45750ms pp+0784: 00036ffe -> 000370ce
T+45750ms pp+0788: 00036ffe -> 000370ce
T+45750ms pp+07b0: 00000057 -> 00000058
T+45750ms pp+07b4: 00000032 -> 00000033
T+45750ms pp+07c4: 000001cd -> 000001cf
T+45770ms pp+0780: 00000207 -> 00000208
T+45770ms pp+0784: 000370ce -> 00037114
T+45770ms pp+0788: 000370ce -> 00037114
T+45770ms pp+07b0: 00000058 -> 00000059
T+45770ms pp+07c4: 000001cf -> 000001d0
T+48750ms pp+0714: 0000aaf4 -> 0000ab7e
T+48750ms pp+0718: 000001d8 -> 000001d9
T+48750ms pp+072c: 00000023 -> 00000024
T+48750ms pp+073c: 000001ba -> 000001bb
T+48750ms pp+0764: 0000aaf4 -> 0000ab7e
T+48750ms pp+0768: 000001d8 -> 000001d9
T+48750ms pp+0780: 00000208 -> 00000209
T+48750ms pp+0784: 00037114 -> 0003719e
T+48750ms pp+0788: 00037114 -> 0003719e
T+48750ms pp+07b4: 00000033 -> 00000034
T+48750ms pp+07c4: 000001d0 -> 000001d1
T+48770ms pp+0714: 0000ab7e -> 0000ac5c
T+48770ms pp+0718: 000001d9 -> 000001da
T+48770ms pp+072c: 00000024 -> 00000025
T+48770ms pp+073c: 000001bb -> 000001bc
T+48770ms pp+0764: 0000ab7e -> 0000ac5c
T+48770ms pp+0768: 000001d9 -> 000001da
T+48770ms pp+0780: 00000209 -> 0000020b
T+48770ms pp+0784: 0003719e -> 0003722a
T+48770ms pp+0788: 0003719e -> 0003722a
T+48770ms pp+07b0: 00000059 -> 0000005b
T+48770ms pp+07c4: 000001d1 -> 000001d3
T+49380ms pp+0780: 0000020b -> 0000020c
T+49380ms pp+0784: 0003722a -> 00037300
T+49380ms pp+0788: 0003722a -> 00037300
T+49380ms pp+0790: 0000002c -> 0000002d
T+49380ms pp+07b4: 00000034 -> 00000035
T+50380ms pp+0780: 0000020c -> 0000020d
T+50380ms pp+0784: 00037300 -> 000373d6
T+50380ms pp+0788: 00037300 -> 000373d6
T+50380ms pp+0790: 0000002d -> 0000002e
T+50380ms pp+07b4: 00000035 -> 00000036
T+51380ms pp+0780: 0000020d -> 0000020e
T+51380ms pp+0784: 000373d6 -> 000374ac
T+51380ms pp+0788: 000373d6 -> 000374ac
T+51380ms pp+0790: 0000002e -> 0000002f
T+51380ms pp+07b4: 00000036 -> 00000037
T+51740ms pp+0714: 0000ac5c -> 0000adf4
T+51740ms pp+0718: 000001da -> 000001dc
T+51740ms pp+072c: 00000025 -> 00000027
T+51740ms pp+073c: 000001bc -> 000001be
T+51740ms pp+0764: 0000ac5c -> 0000adf4
T+51740ms pp+0768: 000001da -> 000001dc
T+51740ms pp+0780: 0000020e -> 00000210
T+51740ms pp+0784: 000374ac -> 0003759c
T+51740ms pp+0788: 000374ac -> 0003759c
T+51740ms pp+07b0: 0000005b -> 0000005c
T+51740ms pp+07b4: 00000037 -> 00000038
T+51740ms pp+07c4: 000001d3 -> 000001d5
T+51760ms pp+0780: 00000210 -> 00000211
T+51760ms pp+0784: 0003759c -> 000375e2
T+51760ms pp+0788: 0003759c -> 000375e2
T+51760ms pp+07b0: 0000005c -> 0000005d
T+51760ms pp+07c4: 000001d5 -> 000001d6
T+52380ms pp+0780: 00000211 -> 00000212
T+52380ms pp+0784: 000375e2 -> 000376b8
T+52380ms pp+0788: 000375e2 -> 000376b8
T+52380ms pp+0790: 0000002f -> 00000030
T+52380ms pp+07b4: 00000038 -> 00000039
T+52900ms pp+0714: 0000adf4 -> 0000aed1
T+52900ms pp+0718: 000001dc -> 000001dd
T+52900ms pp+0720: 0000001a -> 0000001b
T+52900ms pp+072c: 00000027 -> 00000028
T+52900ms pp+0740: 0000001a -> 0000001b
T+52900ms pp+0764: 0000adf4 -> 0000aed1
T+52900ms pp+0768: 000001dc -> 000001dd
T+52940ms pp+0780: 00000212 -> 00000213
T+52940ms pp+0784: 000376b8 -> 00037787
T+52940ms pp+0788: 000376b8 -> 00037787
T+52940ms pp+0790: 00000030 -> 00000031
T+52940ms pp+07b4: 00000039 -> 0000003a
T+53040ms pp+0780: 00000213 -> 00000214
T+53040ms pp+0784: 00037787 -> 00037842
T+53040ms pp+0788: 00037787 -> 00037842
T+53040ms pp+0790: 00000031 -> 00000032
T+53040ms pp+07b4: 0000003a -> 0000003b
T+54740ms pp+0714: 0000aed1 -> 0000afd5
T+54740ms pp+0718: 000001dd -> 000001df
T+54740ms pp+0728: 00000034 -> 00000035
T+54740ms pp+072c: 00000028 -> 00000029
T+54740ms pp+073c: 000001be -> 000001c0
T+54740ms pp+0764: 0000aed1 -> 0000afd5
T+54740ms pp+0768: 000001dd -> 000001df
T+54740ms pp+0780: 00000214 -> 00000215
T+54740ms pp+0784: 00037842 -> 000378bc
T+54740ms pp+0788: 00037842 -> 000378bc
T+54740ms pp+07b0: 0000005d -> 0000005e
T+54740ms pp+07c4: 000001d6 -> 000001d7
T+54760ms pp+0714: 0000afd5 -> 0000b061
T+54760ms pp+0718: 000001df -> 000001e1
T+54760ms pp+0728: 00000035 -> 00000037
T+54760ms pp+073c: 000001c0 -> 000001c2
T+54760ms pp+0764: 0000afd5 -> 0000b061
T+54760ms pp+0768: 000001df -> 000001e1
T+54760ms pp+0780: 00000215 -> 00000218
T+54760ms pp+0784: 000378bc -> 00037988
T+54760ms pp+0788: 000378bc -> 00037988
T+54760ms pp+07ac: 0000000e -> 0000000f
T+54760ms pp+07b0: 0000005e -> 00000060
T+54760ms pp+07c4: 000001d7 -> 000001da
T+57320ms pp+0780: 00000218 -> 00000219
T+57320ms pp+0784: 00037988 -> 000379e2
T+57320ms pp+0788: 00037988 -> 000379e2
T+57320ms pp+078c: 0000000c -> 0000000d
T+57320ms pp+07b0: 00000060 -> 00000061
T+83800ms tm+0100: 00000000 -> 00000010
T+83800ms tm+0500: 00000000 -> 00000010
T+83800ms tm+0900: 00000000 -> 00000010
T+83800ms tm+0d00: 00000000 -> 00000010
T+83800ms pp+0714: 0000b061 -> 0000b0af
T+83800ms pp+0718: 000001e1 -> 000001e2
T+83800ms pp+0728: 00000037 -> 00000038
T+83800ms pp+073c: 000001c2 -> 000001c3
T+83800ms pp+0764: 0000b061 -> 0000b0af
T+83800ms pp+0768: 000001e1 -> 000001e2
T+83800ms pp+0780: 00000219 -> 0000021a
T+83800ms pp+0784: 000379e2 -> 00037a30
T+83800ms pp+0788: 000379e2 -> 00037a30
T+83800ms pp+07b0: 00000061 -> 00000062
T+83800ms pp+07c4: 000001da -> 000001db
T+83820ms tm+0100: 00000010 -> 00000000
T+83820ms tm+0500: 00000010 -> 00000000
T+83820ms tm+0900: 00000010 -> 00000000
T+83820ms tm+0d00: 00000010 -> 00000000
T+83820ms pp+0714: 0000b0af -> 0000b155
T+83820ms pp+0718: 000001e2 -> 000001e4
T+83820ms pp+0728: 00000038 -> 0000003a
T+83820ms pp+073c: 000001c3 -> 000001c5
T+83820ms pp+0764: 0000b0af -> 0000b155
T+83820ms pp+0768: 000001e2 -> 000001e4
T+83820ms pp+0780: 0000021a -> 0000021c
T+83820ms pp+0784: 00037a30 -> 00037ae7
T+83820ms pp+0788: 00037a30 -> 00037ae7
T+83820ms pp+07b0: 00000062 -> 00000064
T+83820ms pp+07c4: 000001db -> 000001dd
T+83840ms pp+0714: 0000b155 -> 0000b419
T+83840ms pp+0718: 000001e4 -> 000001e6
T+83840ms pp+0728: 0000003a -> 0000003b
T+83840ms pp+0734: 00000003 -> 00000004
T+83840ms pp+073c: 000001c5 -> 000001c7
T+83840ms pp+0764: 0000b155 -> 0000b419
T+83840ms pp+0768: 000001e4 -> 000001e6
T+83840ms pp+0780: 0000021c -> 00000220
T+83840ms pp+0784: 00037ae7 -> 0003822f
T+83840ms pp+0788: 00037ae7 -> 0003822f
T+83840ms pp+07b0: 00000064 -> 00000066
T+83840ms pp+07b4: 0000003b -> 0000003c
T+83840ms pp+07c0: 00000003 -> 00000004
T+83840ms pp+07c4: 000001dd -> 000001e1
T+83880ms pp+0714: 0000b419 -> 0000b45f
T+83880ms pp+0718: 000001e6 -> 000001e7
T+83880ms pp+0728: 0000003b -> 0000003c
T+83880ms pp+073c: 000001c7 -> 000001c8
T+83880ms pp+0764: 0000b419 -> 0000b45f
T+83880ms pp+0768: 000001e6 -> 000001e7
T+84020ms pp+0714: 0000b45f -> 0000b635
T+84020ms pp+0718: 000001e7 -> 000001e8
T+84020ms pp+0730: 0000000e -> 0000000f
T+84020ms pp+073c: 000001c8 -> 000001c9
T+84020ms pp+0764: 0000b45f -> 0000b635
T+84020ms pp+0768: 000001e7 -> 000001e8
T+84040ms tm+0100: 00000000 -> 00000010
T+84040ms tm+0500: 00000000 -> 00000010
T+84040ms tm+0900: 00000000 -> 00000010
T+84040ms tm+0d00: 00000000 -> 00000010
T+84040ms pp+0714: 0000b635 -> 0000b68b
T+84040ms pp+0718: 000001e8 -> 000001e9
T+84040ms pp+0728: 0000003c -> 0000003d
T+84040ms pp+073c: 000001c9 -> 000001ca
T+84040ms pp+0764: 0000b635 -> 0000b68b
T+84040ms pp+0768: 000001e8 -> 000001e9
T+84040ms pp+0780: 00000220 -> 00000221
T+84040ms pp+0784: 0003822f -> 00038285
T+84040ms pp+0788: 0003822f -> 00038285
T+84040ms pp+07b0: 00000066 -> 00000067
T+84040ms pp+07c4: 000001e1 -> 000001e2
T+84060ms pp+0714: 0000b68b -> 0000b77f
T+84060ms pp+0718: 000001e9 -> 000001eb
T+84060ms pp+0728: 0000003d -> 0000003f
T+84060ms pp+073c: 000001ca -> 000001cc
T+84060ms pp+0764: 0000b68b -> 0000b77f
T+84060ms pp+0768: 000001e9 -> 000001eb
T+84060ms pp+0780: 00000221 -> 00000223
T+84060ms pp+0784: 00038285 -> 00038389
T+84060ms pp+0788: 00038285 -> 00038389
T+84060ms pp+07b0: 00000067 -> 00000068
T+84060ms pp+07b4: 0000003c -> 0000003d
T+84060ms pp+07c4: 000001e2 -> 000001e4
T+84080ms tm+0100: 00000010 -> 00000000
T+84080ms tm+0500: 00000010 -> 00000000
T+84080ms tm+0900: 00000010 -> 00000000
T+84080ms tm+0d00: 00000010 -> 00000000
T+84080ms pp+0714: 0000b77f -> 0000b7e9
T+84080ms pp+0718: 000001eb -> 000001ec
T+84080ms pp+0728: 0000003f -> 00000040
T+84080ms pp+073c: 000001cc -> 000001cd
T+84080ms pp+0764: 0000b77f -> 0000b7e9
T+84080ms pp+0768: 000001eb -> 000001ec
T+84080ms pp+0780: 00000223 -> 00000224
T+84080ms pp+0784: 00038389 -> 00038463
T+84080ms pp+0788: 00038389 -> 00038463
T+84080ms pp+07b4: 0000003d -> 0000003e
T+84080ms pp+07c4: 000001e4 -> 000001e5
T+84100ms tm+0100: 00000000 -> 00000010
T+84100ms tm+0500: 00000000 -> 00000010
T+84100ms tm+0900: 00000000 -> 00000010
T+84100ms tm+0d00: 00000000 -> 00000010
T+84100ms pp+0714: 0000b7e9 -> 0000b8cd
T+84100ms pp+0718: 000001ec -> 000001ee
T+84100ms pp+0728: 00000040 -> 00000042
T+84100ms pp+073c: 000001cd -> 000001cf
T+84100ms pp+0764: 0000b7e9 -> 0000b8cd
T+84100ms pp+0768: 000001ec -> 000001ee
T+84100ms pp+0780: 00000224 -> 00000226
T+84100ms pp+0784: 00038463 -> 00038653
T+84100ms pp+0788: 00038463 -> 00038653
T+84100ms pp+07b4: 0000003e -> 0000003f
T+84100ms pp+07b8: 00000004 -> 00000005
T+84100ms pp+07c4: 000001e5 -> 000001e7
T+84120ms tm+0100: 00000010 -> 00000000
T+84120ms tm+0500: 00000010 -> 00000000
T+84120ms tm+0900: 00000010 -> 00000000
T+84120ms tm+0d00: 00000010 -> 00000000
T+84160ms pp+0714: 0000b8cd -> 0000ba43
T+84160ms pp+0718: 000001ee -> 000001ef
T+84160ms pp+0730: 0000000f -> 00000010
T+84160ms pp+073c: 000001cf -> 000001d0
T+84160ms pp+0764: 0000b8cd -> 0000ba43
T+84160ms pp+0768: 000001ee -> 000001ef
T+84160ms pp+0780: 00000226 -> 00000227
T+84160ms pp+0784: 00038653 -> 00038699
T+84160ms pp+0788: 00038653 -> 00038699
T+84160ms pp+07b0: 00000068 -> 00000069
T+84160ms pp+07c4: 000001e7 -> 000001e8
T+84180ms pp+0780: 00000227 -> 00000228
T+84180ms pp+0784: 00038699 -> 000386df
T+84180ms pp+0788: 00038699 -> 000386df
T+84180ms pp+07b0: 00000069 -> 0000006a
T+84180ms pp+07c4: 000001e8 -> 000001e9
T+85800ms tm+0100: 00000000 -> 00000010
T+85800ms tm+0500: 00000000 -> 00000010
T+85800ms tm+0900: 00000000 -> 00000010
T+85800ms tm+0d00: 00000000 -> 00000010
T+85800ms pp+0714: 0000ba43 -> 0000badd
T+85800ms pp+0718: 000001ef -> 000001f0
T+85800ms pp+072c: 00000029 -> 0000002a
T+85800ms pp+073c: 000001d0 -> 000001d1
T+85800ms pp+0764: 0000ba43 -> 0000badd
T+85800ms pp+0768: 000001ef -> 000001f0
T+85800ms pp+0780: 00000228 -> 00000229
T+85800ms pp+0784: 000386df -> 00038779
T+85800ms pp+0788: 000386df -> 00038779
T+85800ms pp+07b4: 0000003f -> 00000040
T+85800ms pp+07c4: 000001e9 -> 000001ea
T+85820ms tm+0100: 00000010 -> 00000000
T+85820ms tm+0500: 00000010 -> 00000000
T+85820ms tm+0900: 00000010 -> 00000000
T+85820ms tm+0d00: 00000010 -> 00000000
T+85820ms pp+0714: 0000badd -> 0000bb77
T+85820ms pp+0718: 000001f0 -> 000001f1
T+85820ms pp+072c: 0000002a -> 0000002b
T+85820ms pp+073c: 000001d1 -> 000001d2
T+85820ms pp+0764: 0000badd -> 0000bb77
T+85820ms pp+0768: 000001f0 -> 000001f1
T+85820ms pp+0780: 00000229 -> 0000022a
T+85820ms pp+0784: 00038779 -> 000387bf
T+85820ms pp+0788: 00038779 -> 000387bf
T+85820ms pp+07b0: 0000006a -> 0000006b
T+85820ms pp+07c4: 000001ea -> 000001eb
T+85840ms pp+0714: 0000bb77 -> 0000bc45
T+85840ms pp+0718: 000001f1 -> 000001f2
T+85840ms pp+072c: 0000002b -> 0000002c
T+85840ms pp+073c: 000001d2 -> 000001d3
T+85840ms pp+0764: 0000bb77 -> 0000bc45
T+85840ms pp+0768: 000001f1 -> 000001f2
T+85840ms pp+0780: 0000022a -> 0000022c
T+85840ms pp+0784: 000387bf -> 0003884b
T+85840ms pp+0788: 000387bf -> 0003884b
T+85840ms pp+07b0: 0000006b -> 0000006d
T+85840ms pp+07c4: 000001eb -> 000001ed
T+87320ms pp+0780: 0000022c -> 0000022d
T+87320ms pp+0784: 0003884b -> 000388a5
T+87320ms pp+0788: 0003884b -> 000388a5
T+87320ms pp+078c: 0000000d -> 0000000e
T+87320ms pp+07b0: 0000006d -> 0000006e
T+87820ms tm+0100: 00000000 -> 00000010
T+87820ms tm+0500: 00000000 -> 00000010
T+87820ms tm+0900: 00000000 -> 00000010
T+87820ms tm+0d00: 00000000 -> 00000010
T+87820ms pp+0714: 0000bc45 -> 0000bdad
T+87820ms pp+0718: 000001f2 -> 000001f4
T+87820ms pp+072c: 0000002c -> 0000002e
T+87820ms pp+073c: 000001d3 -> 000001d5
T+87820ms pp+0764: 0000bc45 -> 0000bdad
T+87820ms pp+0768: 000001f2 -> 000001f4
T+87820ms pp+0780: 0000022d -> 00000230
T+87820ms pp+0784: 000388a5 -> 000389cb
T+87820ms pp+0788: 000388a5 -> 000389cb
T+87820ms pp+07b0: 0000006e -> 00000070
T+87820ms pp+07b4: 00000040 -> 00000041
T+87820ms pp+07c4: 000001ed -> 000001f0
T+87840ms tm+0100: 00000010 -> 00000000
T+87840ms tm+0500: 00000010 -> 00000000
T+87840ms tm+0900: 00000010 -> 00000000
T+87840ms tm+0d00: 00000010 -> 00000000
T+89820ms pp+0714: 0000bdad -> 0000be47
T+89820ms pp+0718: 000001f4 -> 000001f5
T+89820ms pp+072c: 0000002e -> 0000002f
T+89820ms pp+073c: 000001d5 -> 000001d6
T+89820ms pp+0764: 0000bdad -> 0000be47
T+89820ms pp+0768: 000001f4 -> 000001f5
T+89820ms pp+0780: 00000230 -> 00000232
T+89820ms pp+0784: 000389cb -> 00038aab
T+89820ms pp+0788: 000389cb -> 00038aab
T+89820ms pp+07b0: 00000070 -> 00000071
T+89820ms pp+07b4: 00000041 -> 00000042
T+89820ms pp+07c4: 000001f0 -> 000001f2
regtrace: BASELINE (taking snapshot, enabling poll)
T+0ms tm+0d00: 00000000 -> 00000010
T+0ms pp+0714: 0000be47 -> 0000bed1
T+0ms pp+0718: 000001f5 -> 000001f6
T+0ms pp+072c: 0000002f -> 00000030
T+0ms pp+073c: 000001d6 -> 000001d7
T+0ms pp+0764: 0000be47 -> 0000bed1
T+0ms pp+0768: 000001f5 -> 000001f6
T+20ms tm+0d00: 00000010 -> 00000000
T+20ms pp+0780: 00000233 -> 00000234
T+20ms pp+0784: 00038b35 -> 00038b7b
T+20ms pp+0788: 00038b35 -> 00038b7b
T+20ms pp+07b0: 00000071 -> 00000072
T+20ms pp+07c4: 000001f3 -> 000001f4
T+2000ms tm+0500: 00000000 -> 00000010
T+2000ms tm+0900: 00000000 -> 00000010
T+2000ms tm+0d00: 00000000 -> 00000010
T+2000ms pp+0714: 0000bed1 -> 0000bf4b
T+2000ms pp+0718: 000001f6 -> 000001f7
T+2000ms pp+0728: 00000042 -> 00000043
T+2000ms pp+073c: 000001d7 -> 000001d8
T+2000ms pp+0764: 0000bed1 -> 0000bf4b
T+2000ms pp+0768: 000001f6 -> 000001f7
T+2000ms pp+0780: 00000234 -> 00000235
T+2000ms pp+0784: 00038b7b -> 00038bf5
T+2000ms pp+0788: 00038b7b -> 00038bf5
T+2000ms pp+07b0: 00000072 -> 00000073
T+2000ms pp+07c4: 000001f4 -> 000001f5
T+2020ms tm+0500: 00000010 -> 00000000
T+2020ms tm+0900: 00000010 -> 00000000
T+2020ms tm+0d00: 00000010 -> 00000000
T+2020ms pp+0780: 00000235 -> 00000236
T+2020ms pp+0784: 00038bf5 -> 00038c3b
T+2020ms pp+0788: 00038bf5 -> 00038c3b
T+2020ms pp+07b0: 00000073 -> 00000074
T+2020ms pp+07c4: 000001f5 -> 000001f6
T+3020ms pp+0714: 0000bf4b -> 0000bfc5
T+3020ms pp+0718: 000001f7 -> 000001f8
T+3020ms pp+0728: 00000043 -> 00000044
T+3020ms pp+073c: 000001d8 -> 000001d9
T+3020ms pp+0764: 0000bf4b -> 0000bfc5
T+3020ms pp+0768: 000001f7 -> 000001f8
T+3020ms pp+0780: 00000236 -> 00000237
T+3020ms pp+0784: 00038c3b -> 00038c81
T+3020ms pp+0788: 00038c3b -> 00038c81
T+3020ms pp+07b0: 00000074 -> 00000075
T+3020ms pp+07c4: 000001f6 -> 000001f7
T+4000ms pp+0780: 00000237 -> 00000238
T+4000ms pp+0784: 00038c81 -> 00038d2b
T+4000ms pp+0788: 00038c81 -> 00038d2b
T+4000ms pp+07b4: 00000043 -> 00000044
T+4000ms pp+07c4: 000001f7 -> 000001f8
T+4020ms pp+0714: 0000bfc5 -> 0000c06f
T+4020ms pp+0718: 000001f8 -> 000001f9
T+4020ms pp+072c: 00000030 -> 00000031
T+4020ms pp+073c: 000001d9 -> 000001da
T+4020ms pp+0764: 0000bfc5 -> 0000c06f
T+4020ms pp+0768: 000001f8 -> 000001f9
T+4020ms pp+0780: 00000238 -> 00000239
T+4020ms pp+0784: 00038d2b -> 00038d71
T+4020ms pp+0788: 00038d2b -> 00038d71
T+4020ms pp+07b0: 00000075 -> 00000076
T+4020ms pp+07c4: 000001f8 -> 000001f9
T+6000ms pp+0780: 00000239 -> 0000023a
T+6000ms pp+0784: 00038d71 -> 00038deb
T+6000ms pp+0788: 00038d71 -> 00038deb
T+6000ms pp+07b0: 00000076 -> 00000077
T+6000ms pp+07c4: 000001f9 -> 000001fa
T+6020ms pp+0714: 0000c06f -> 0000c0e9
T+6020ms pp+0718: 000001f9 -> 000001fa
T+6020ms pp+0728: 00000044 -> 00000045
T+6020ms pp+073c: 000001da -> 000001db
T+6020ms pp+0764: 0000c06f -> 0000c0e9
T+6020ms pp+0768: 000001f9 -> 000001fa
T+6020ms pp+0780: 0000023a -> 0000023b
T+6020ms pp+0784: 00038deb -> 00038e31
T+6020ms pp+0788: 00038deb -> 00038e31
T+6020ms pp+07b0: 00000077 -> 00000078
T+6020ms pp+07c4: 000001fa -> 000001fb
T+8000ms tm+0900: 00000000 -> 00000010
T+8000ms tm+0d00: 00000000 -> 00000010
T+8000ms pp+0714: 0000c0e9 -> 0000c173
T+8000ms pp+0718: 000001fa -> 000001fb
T+8000ms pp+072c: 00000031 -> 00000032
T+8000ms pp+073c: 000001db -> 000001dc
T+8000ms pp+0764: 0000c0e9 -> 0000c173
T+8000ms pp+0768: 000001fa -> 000001fb
T+8000ms pp+0780: 0000023b -> 0000023c
T+8000ms pp+0784: 00038e31 -> 00038ebb
T+8000ms pp+0788: 00038e31 -> 00038ebb
T+8000ms pp+07b4: 00000044 -> 00000045
T+8000ms pp+07c4: 000001fb -> 000001fc
T+8020ms tm+0900: 00000010 -> 00000000
T+8020ms tm+0d00: 00000010 -> 00000000
T+8020ms pp+0780: 0000023c -> 0000023d
T+8020ms pp+0784: 00038ebb -> 00038f01
T+8020ms pp+0788: 00038ebb -> 00038f01
T+8020ms pp+07b0: 00000078 -> 00000079
T+8020ms pp+07c4: 000001fc -> 000001fd
T+9020ms pp+0714: 0000c173 -> 0000c1fd
T+9020ms pp+0718: 000001fb -> 000001fc
T+9020ms pp+072c: 00000032 -> 00000033
T+9020ms pp+073c: 000001dc -> 000001dd
T+9020ms pp+0764: 0000c173 -> 0000c1fd
T+9020ms pp+0768: 000001fb -> 000001fc
T+9040ms pp+0714: 0000c1fd -> 0000c2bb
T+9040ms pp+0718: 000001fc -> 000001fd
T+9040ms pp+072c: 00000033 -> 00000034
T+9040ms pp+073c: 000001dd -> 000001de
T+9040ms pp+0764: 0000c1fd -> 0000c2bb
T+9040ms pp+0768: 000001fc -> 000001fd
T+9040ms pp+0780: 0000023d -> 0000023f
T+9040ms pp+0784: 00038f01 -> 00038f8d
T+9040ms pp+0788: 00038f01 -> 00038f8d
T+9040ms pp+07b0: 00000079 -> 0000007b
T+9040ms pp+07c4: 000001fd -> 000001ff
