2026-05-01 21:24:24 INFO  (LoggingInitialization) Using log config file: jar:file:/opt/ghidra_12.0.4_PUBLIC/Ghidra/Framework/Generic/lib/Generic.jar!/generic.log4j.xml  
2026-05-01 21:24:24 INFO  (LoggingInitialization) Using log file: /home/ubuntu/Projects/MYSELF/ZTE/ghidra/headless.log  
2026-05-01 21:24:24 INFO  (Preferences) Loading user preferences: /home/ubuntu/.config/ghidra/ghidra_12.0.4_PUBLIC/preferences  
2026-05-01 21:24:24 INFO  (Preferences) Loading previous preferences: /home/ubuntu/.config/ghidra/ghidra_11.4.2_PUBLIC/preferences  
2026-05-01 21:24:24 INFO  (ClassSearcher) Searching for classes...  
2026-05-01 21:24:26 INFO  (ClassSearcher) Class search complete (1196 ms)  
2026-05-01 21:24:26 INFO  (DefaultSSLContextInitializer) Initializing SSL Context  
2026-05-01 21:24:26 INFO  (SecureRandomFactory) Initializing Random Number Generator...  
2026-05-01 21:24:26 INFO  (SecureRandomFactory) Random Number Generator initialization complete: NativePRNGNonBlocking  
2026-05-01 21:24:26 INFO  (DefaultTrustManagerFactory) Trust manager disabled, cacerts have not been set  
2026-05-01 21:24:28 INFO  (AnalyzeHeadless) Headless startup complete (3937 ms)  
2026-05-01 21:24:28 INFO  (ClassSearcher) Class searcher loaded 207 extension points (111 false positives)  
2026-05-01 21:24:28 INFO  (HeadlessAnalyzer) HEADLESS Script Paths:
    /opt/ghidra_12.0.4_PUBLIC/Ghidra/Features/MicrosoftCodeAnalyzer/ghidra_scripts
    /opt/ghidra_12.0.4_PUBLIC/Ghidra/Features/FunctionID/ghidra_scripts
    /opt/ghidra_12.0.4_PUBLIC/Ghidra/Processors/JVM/ghidra_scripts
    /opt/ghidra_12.0.4_PUBLIC/Ghidra/Features/FileFormats/ghidra_scripts
    /opt/ghidra_12.0.4_PUBLIC/Ghidra/Debug/Debugger-rmi-trace/ghidra_scripts
    /opt/ghidra_12.0.4_PUBLIC/Ghidra/Features/VersionTracking/ghidra_scripts
    /opt/ghidra_12.0.4_PUBLIC/Ghidra/Features/PDB/ghidra_scripts
    /opt/ghidra_12.0.4_PUBLIC/Ghidra/Features/WildcardAssembler/ghidra_scripts
    /opt/ghidra_12.0.4_PUBLIC/Ghidra/Features/Decompiler/ghidra_scripts
    /opt/ghidra_12.0.4_PUBLIC/Ghidra/Features/SystemEmulation/ghidra_scripts
    /opt/ghidra_12.0.4_PUBLIC/Ghidra/Features/Jython/ghidra_scripts
    /opt/ghidra_12.0.4_PUBLIC/Ghidra/Debug/Debugger/ghidra_scripts
    /opt/ghidra_12.0.4_PUBLIC/Ghidra/Processors/PIC/ghidra_scripts
    /opt/ghidra_12.0.4_PUBLIC/Ghidra/Features/BSim/ghidra_scripts
    /opt/ghidra_12.0.4_PUBLIC/Ghidra/Processors/Atmel/ghidra_scripts
    /opt/ghidra_12.0.4_PUBLIC/Ghidra/Features/GnuDemangler/ghidra_scripts
    /opt/ghidra_12.0.4_PUBLIC/Ghidra/Processors/DATA/ghidra_scripts
    /opt/ghidra_12.0.4_PUBLIC/Ghidra/Processors/8051/ghidra_scripts
    /home/ubuntu/ghidra_scripts
    /opt/ghidra_12.0.4_PUBLIC/Ghidra/Features/BytePatterns/ghidra_scripts
    /opt/ghidra_12.0.4_PUBLIC/Ghidra/Features/SwiftDemangler/ghidra_scripts
    /opt/ghidra_12.0.4_PUBLIC/Ghidra/Features/Base/ghidra_scripts
    /opt/ghidra_12.0.4_PUBLIC/Ghidra/Features/PyGhidra/ghidra_scripts
    /opt/ghidra_12.0.4_PUBLIC/Ghidra/Features/DecompilerDependent/ghidra_scripts
    /home/ubuntu/Projects/MYSELF/ZTE/ghidra/scripts  
2026-05-01 21:24:28 INFO  (HeadlessAnalyzer) HEADLESS: execution starts  
2026-05-01 21:24:28 INFO  (HeadlessAnalyzer) Creating project: /home/ubuntu/Projects/MYSELF/ZTE/ghidra/project/zxic  
2026-05-01 21:24:28 INFO  (DefaultProject) Creating project: /home/ubuntu/Projects/MYSELF/ZTE/ghidra/project/zxic  
2026-05-01 21:24:28 INFO  (HeadlessAnalyzer) REPORT: Processing input files:   
2026-05-01 21:24:28 INFO  (HeadlessAnalyzer)      project: /home/ubuntu/Projects/MYSELF/ZTE/ghidra/project/zxic  
2026-05-01 21:24:28 INFO  (HeadlessAnalyzer) IMPORTING: file:///home/ubuntu/Projects/MYSELF/ZTE/firmware/vmlinux.bin  
2026-05-01 21:24:28 INFO  (ProgramLoader) Successfully applied "-loader-baseAddr" to "Base Address" (old: "null", new: "0xC0008000")  
2026-05-01 21:24:28 INFO  (ProgramLoader) Using Loader: Raw Binary  
2026-05-01 21:24:28 INFO  (ProgramLoader) Using Language/Compiler: ARM:LE:32:v7:default  
2026-05-01 21:24:28 INFO  (ProgramLoader) Using Library Search Path: [., /bin, /lib, /lib64, /lib/x86_64-linux-gnu, /lib/aarch64-linux-gnu, /usr/bin, /usr/lib, /usr/X11R6/bin, /usr/X11R6/lib, /usr/java/packages/lib, /usr/lib/x86_64-linux-gnu/jni, /usr/lib/x86_64-linux-gnu, /usr/lib/jni]  
2026-05-01 21:24:28 INFO  (HeadlessAnalyzer) IMPORTING: Loaded 0 additional files  
2026-05-01 21:24:29 INFO  (HeadlessAnalyzer) ANALYZING all memory and code: file:///home/ubuntu/Projects/MYSELF/ZTE/firmware/vmlinux.bin  
2026-05-01 21:27:41 DEBUG (FidAnalyzer) No FID Libraries apply for language ARM:LE:32:v7  
2026-05-01 21:27:41 INFO  (PackedDatabaseCache) Packed database cache: /var/tmp/ubuntu-ghidra/packed-db-cache  
2026-05-01 21:27:41 DEBUG (PackedDatabaseCache) Using cached packed database: /opt/ghidra_12.0.4_PUBLIC/Ghidra/Features/Base/data/typeinfo/generic/generic_clib.gdt  
2026-05-01 21:27:41 INFO  (ApplyDataArchiveAnalyzer) Applied data type archive: generic_clib  
2026-05-01 21:31:44 INFO  (AutoAnalysisManager) -----------------------------------------------------
    ARM Constant Reference Analyzer           20.257 secs
    ARM Symbol                                 0.000 secs
    ASCII Strings                              0.680 secs
    Apply Data Archives                        0.354 secs
    Call-Fixup Installer                       0.179 secs
    Create Address Tables                      0.654 secs
    Create Address Tables - One Time          39.254 secs
    Create Function                            3.556 secs
    Data Reference                            35.717 secs
    Decompiler Switch Analysis               237.501 secs
    Demangler GNU                              0.017 secs
    Disassemble                               27.386 secs
    Disassemble Entry Points                   0.002 secs
    Embedded Media                             0.092 secs
    External Entry References                  0.000 secs
    Function ID                                0.013 secs
    Function Start Pre Search                  0.094 secs
    Function Start Search                      1.096 secs
    Function Start Search After Code           2.918 secs
    Function Start Search After Data           0.441 secs
    Function Start Search delayed - One Time   0.660 secs
    Non-Returning Functions - Discovered       3.172 secs
    Reference                                 38.637 secs
    Shared Return Calls                        1.508 secs
    Stack                                     17.238 secs
    Subroutine References                      3.644 secs
    Subroutine References - One Time           0.004 secs
-----------------------------------------------------
     Total Time   435 secs
-----------------------------------------------------
  
2026-05-01 21:31:44 INFO  (HeadlessAnalyzer) REPORT: Analysis succeeded for file: file:///home/ubuntu/Projects/MYSELF/ZTE/firmware/vmlinux.bin  
2026-05-01 21:31:44 INFO  (HeadlessAnalyzer) REPORT: Execute script: ExtractCompatibles.java '/home/ubuntu/Projects/MYSELF/ZTE/ghidra/output'   
2026-05-01 21:31:45 ERROR (HeadlessAnalyzer) REPORT SCRIPT ERROR: ExtractCompatibles.java : The class could not be found. It must be the public class of the .java file: ExtractCompatibles not found by 3dac4a51 [1] ghidra.app.script.GhidraScriptLoadException: The class could not be found. It must be the public class of the .java file: ExtractCompatibles not found by 3dac4a51 [1]
	at ghidra.app.script.JavaScriptProvider.getScriptInstance(JavaScriptProvider.java:114)
	at ghidra.app.util.headless.HeadlessAnalyzer.runScriptsList(HeadlessAnalyzer.java:924)
	at ghidra.app.util.headless.HeadlessAnalyzer.analyzeProgram(HeadlessAnalyzer.java:1086)
	at ghidra.app.util.headless.HeadlessAnalyzer.processFileWithImport(HeadlessAnalyzer.java:1584)
	at ghidra.app.util.headless.HeadlessAnalyzer.processWithLoader(HeadlessAnalyzer.java:1744)
	at ghidra.app.util.headless.HeadlessAnalyzer.processWithImport(HeadlessAnalyzer.java:1685)
	at ghidra.app.util.headless.HeadlessAnalyzer.processWithImport(HeadlessAnalyzer.java:1769)
	at ghidra.app.util.headless.HeadlessAnalyzer.processLocal(HeadlessAnalyzer.java:462)
	at ghidra.app.util.headless.AnalyzeHeadless.launch(AnalyzeHeadless.java:199)
	at ghidra.GhidraLauncher.launch(GhidraLauncher.java:81)
	at ghidra.Ghidra.main(Ghidra.java:54)
Caused by: java.lang.ClassNotFoundException: ExtractCompatibles not found by 3dac4a51 [1]
	at org.apache.felix.framework.BundleWiringImpl.findClassOrResourceByDelegation(BundleWiringImpl.java:1591)
	at org.apache.felix.framework.BundleWiringImpl.access$300(BundleWiringImpl.java:79)
	at org.apache.felix.framework.BundleWiringImpl$BundleClassLoader.loadClass(BundleWiringImpl.java:1976)
	at java.base/java.lang.ClassLoader.loadClass(ClassLoader.java:526)
	at org.apache.felix.framework.Felix.loadBundleClass(Felix.java:2116)
	at org.apache.felix.framework.BundleImpl.loadClass(BundleImpl.java:986)
	at ghidra.app.script.JavaScriptProvider.loadClass(JavaScriptProvider.java:166)
	at ghidra.app.script.JavaScriptProvider.getScriptInstance(JavaScriptProvider.java:97)
	... 10 more
 
2026-05-01 21:31:45 INFO  (HeadlessAnalyzer) ANALYZING changes made by post scripts: file:///home/ubuntu/Projects/MYSELF/ZTE/firmware/vmlinux.bin  
2026-05-01 21:31:45 INFO  (HeadlessAnalyzer) REPORT: Post-analysis succeeded for file: file:///home/ubuntu/Projects/MYSELF/ZTE/firmware/vmlinux.bin  
2026-05-01 21:31:45 INFO  (LocalFileSystem) /vmlinux.bin: file created (ubuntu)  
2026-05-01 21:31:45 INFO  (HeadlessAnalyzer) REPORT: Save succeeded for: /vmlinux.bin (zxic:/vmlinux.bin)  
2026-05-01 21:31:45 INFO  (HeadlessAnalyzer) REPORT: Import succeeded  
