2026-05-01 22:22:09 INFO  (LoggingInitialization) Using log config file: jar:file:/opt/ghidra_12.0.4_PUBLIC/Ghidra/Framework/Generic/lib/Generic.jar!/generic.log4j.xml  
2026-05-01 22:22:09 INFO  (LoggingInitialization) Using log file: /home/ubuntu/Projects/MYSELF/ZTE/ghidra/ko_import.log  
2026-05-01 22:22:09 INFO  (Preferences) Loading user preferences: /home/ubuntu/.config/ghidra/ghidra_12.0.4_PUBLIC/preferences  
2026-05-01 22:22:09 INFO  (Preferences) Loading previous preferences: /home/ubuntu/.config/ghidra/ghidra_11.4.2_PUBLIC/preferences  
2026-05-01 22:22:09 INFO  (ClassSearcher) Searching for classes...  
2026-05-01 22:22:10 INFO  (ClassSearcher) Class search complete (1289 ms)  
2026-05-01 22:22:11 INFO  (DefaultSSLContextInitializer) Initializing SSL Context  
2026-05-01 22:22:11 INFO  (SecureRandomFactory) Initializing Random Number Generator...  
2026-05-01 22:22:11 INFO  (SecureRandomFactory) Random Number Generator initialization complete: NativePRNGNonBlocking  
2026-05-01 22:22:11 INFO  (DefaultTrustManagerFactory) Trust manager disabled, cacerts have not been set  
2026-05-01 22:22:11 INFO  (AnalyzeHeadless) Headless startup complete (2682 ms)  
2026-05-01 22:22:11 INFO  (ClassSearcher) Class searcher loaded 58 extension points (18 false positives)  
2026-05-01 22:22:11 INFO  (HeadlessAnalyzer) HEADLESS Script Paths:
    /opt/ghidra_12.0.4_PUBLIC/Ghidra/Features/Decompiler/ghidra_scripts
    /opt/ghidra_12.0.4_PUBLIC/Ghidra/Features/SystemEmulation/ghidra_scripts
    /opt/ghidra_12.0.4_PUBLIC/Ghidra/Features/Jython/ghidra_scripts
    /opt/ghidra_12.0.4_PUBLIC/Ghidra/Features/MicrosoftCodeAnalyzer/ghidra_scripts
    /opt/ghidra_12.0.4_PUBLIC/Ghidra/Debug/Debugger/ghidra_scripts
    /opt/ghidra_12.0.4_PUBLIC/Ghidra/Features/FunctionID/ghidra_scripts
    /opt/ghidra_12.0.4_PUBLIC/Ghidra/Processors/JVM/ghidra_scripts
    /opt/ghidra_12.0.4_PUBLIC/Ghidra/Processors/PIC/ghidra_scripts
    /opt/ghidra_12.0.4_PUBLIC/Ghidra/Features/FileFormats/ghidra_scripts
    /opt/ghidra_12.0.4_PUBLIC/Ghidra/Features/BSim/ghidra_scripts
    /opt/ghidra_12.0.4_PUBLIC/Ghidra/Debug/Debugger-rmi-trace/ghidra_scripts
    /opt/ghidra_12.0.4_PUBLIC/Ghidra/Features/VersionTracking/ghidra_scripts
    /opt/ghidra_12.0.4_PUBLIC/Ghidra/Processors/Atmel/ghidra_scripts
    /opt/ghidra_12.0.4_PUBLIC/Ghidra/Features/GnuDemangler/ghidra_scripts
    /opt/ghidra_12.0.4_PUBLIC/Ghidra/Processors/DATA/ghidra_scripts
    /opt/ghidra_12.0.4_PUBLIC/Ghidra/Processors/8051/ghidra_scripts
    /home/ubuntu/ghidra_scripts
    /opt/ghidra_12.0.4_PUBLIC/Ghidra/Features/BytePatterns/ghidra_scripts
    /opt/ghidra_12.0.4_PUBLIC/Ghidra/Features/SwiftDemangler/ghidra_scripts
    /opt/ghidra_12.0.4_PUBLIC/Ghidra/Features/PDB/ghidra_scripts
    /opt/ghidra_12.0.4_PUBLIC/Ghidra/Features/Base/ghidra_scripts
    /opt/ghidra_12.0.4_PUBLIC/Ghidra/Features/WildcardAssembler/ghidra_scripts
    /opt/ghidra_12.0.4_PUBLIC/Ghidra/Features/PyGhidra/ghidra_scripts
    /opt/ghidra_12.0.4_PUBLIC/Ghidra/Features/DecompilerDependent/ghidra_scripts  
2026-05-01 22:22:11 INFO  (HeadlessAnalyzer) HEADLESS: execution starts  
2026-05-01 22:22:12 INFO  (HeadlessAnalyzer) Creating project: /home/ubuntu/Projects/MYSELF/ZTE/ghidra/project_ko/ko_drivers  
2026-05-01 22:22:12 INFO  (DefaultProject) Creating project: /home/ubuntu/Projects/MYSELF/ZTE/ghidra/project_ko/ko_drivers  
2026-05-01 22:22:12 INFO  (HeadlessAnalyzer) REPORT: Processing input files:   
2026-05-01 22:22:12 INFO  (HeadlessAnalyzer)      project: /home/ubuntu/Projects/MYSELF/ZTE/ghidra/project_ko/ko_drivers  
2026-05-01 22:22:12 INFO  (HeadlessAnalyzer) IMPORTING: file:///home/ubuntu/Projects/MYSELF/ZTE/firmware/rootfs/kmodule/switch.ko  
2026-05-01 22:22:13 DEBUG (ElfHeader) Elf symbol table section .symtab linked to string table section .strtab  
2026-05-01 22:22:13 DEBUG (ElfHeader) Elf relocation table section .rel.text linked to symbol table section .symtab affecting .text  
2026-05-01 22:22:13 DEBUG (ElfHeader) Elf relocation table section .rel.init.text linked to symbol table section .symtab affecting .init.text  
2026-05-01 22:22:13 DEBUG (ElfHeader) Elf relocation table section .rel.exit.text linked to symbol table section .symtab affecting .exit.text  
2026-05-01 22:22:13 DEBUG (ElfHeader) Elf relocation table section .rel.text.unlikely linked to symbol table section .symtab affecting .text.unlikely  
2026-05-01 22:22:13 DEBUG (ElfHeader) Elf relocation table section .rel__ksymtab linked to symbol table section .symtab affecting __ksymtab  
2026-05-01 22:22:13 DEBUG (ElfHeader) Elf relocation table section .rel.rodata linked to symbol table section .symtab affecting .rodata  
2026-05-01 22:22:13 DEBUG (ElfHeader) Elf relocation table section .rel__bug_table linked to symbol table section .symtab affecting __bug_table  
2026-05-01 22:22:13 DEBUG (ElfHeader) Elf relocation table section .rel.ARM.exidx.init.text linked to symbol table section .symtab affecting .ARM.exidx.init.text  
2026-05-01 22:22:13 DEBUG (ElfHeader) Elf relocation table section .rel.ARM.exidx.exit.text linked to symbol table section .symtab affecting .ARM.exidx.exit.text  
2026-05-01 22:22:13 DEBUG (ElfHeader) Elf relocation table section .rel.ARM.exidx.text.unlikely linked to symbol table section .symtab affecting .ARM.exidx.text.unlikely  
2026-05-01 22:22:13 DEBUG (ElfHeader) Elf relocation table section .rel.data linked to symbol table section .symtab affecting .data  
2026-05-01 22:22:13 DEBUG (ElfHeader) Elf relocation table section .rel.gnu.linkonce.this_module linked to symbol table section .symtab affecting .gnu.linkonce.this_module  
2026-05-01 22:22:13 DEBUG (ElfHeader) Elf relocation table section .rel.ARM.exidx linked to symbol table section .symtab affecting .ARM.exidx  
2026-05-01 22:22:13 INFO  (ProgramLoader) Using Loader: Executable and Linking Format (ELF)  
2026-05-01 22:22:13 INFO  (ProgramLoader) Using Language/Compiler: ARM:LE:32:v8:default  
2026-05-01 22:22:13 INFO  (ProgramLoader) Using Library Search Path: [., /bin, /lib, /lib64, /lib/x86_64-linux-gnu, /lib/aarch64-linux-gnu, /usr/bin, /usr/lib, /usr/X11R6/bin, /usr/X11R6/lib, /usr/java/packages/lib, /usr/lib/x86_64-linux-gnu/jni, /usr/lib/x86_64-linux-gnu, /usr/lib/jni]  
2026-05-01 22:22:14 DEBUG (ElfHeader) Elf symbol table section .symtab linked to string table section .strtab  
2026-05-01 22:22:14 DEBUG (ElfHeader) Elf relocation table section .rel.text linked to symbol table section .symtab affecting .text  
2026-05-01 22:22:14 DEBUG (ElfHeader) Elf relocation table section .rel.init.text linked to symbol table section .symtab affecting .init.text  
2026-05-01 22:22:14 DEBUG (ElfHeader) Elf relocation table section .rel.exit.text linked to symbol table section .symtab affecting .exit.text  
2026-05-01 22:22:14 DEBUG (ElfHeader) Elf relocation table section .rel.text.unlikely linked to symbol table section .symtab affecting .text.unlikely  
2026-05-01 22:22:14 DEBUG (ElfHeader) Elf relocation table section .rel__ksymtab linked to symbol table section .symtab affecting __ksymtab  
2026-05-01 22:22:14 DEBUG (ElfHeader) Elf relocation table section .rel.rodata linked to symbol table section .symtab affecting .rodata  
2026-05-01 22:22:14 DEBUG (ElfHeader) Elf relocation table section .rel__bug_table linked to symbol table section .symtab affecting __bug_table  
2026-05-01 22:22:14 DEBUG (ElfHeader) Elf relocation table section .rel.ARM.exidx.init.text linked to symbol table section .symtab affecting .ARM.exidx.init.text  
2026-05-01 22:22:14 DEBUG (ElfHeader) Elf relocation table section .rel.ARM.exidx.exit.text linked to symbol table section .symtab affecting .ARM.exidx.exit.text  
2026-05-01 22:22:14 DEBUG (ElfHeader) Elf relocation table section .rel.ARM.exidx.text.unlikely linked to symbol table section .symtab affecting .ARM.exidx.text.unlikely  
2026-05-01 22:22:14 DEBUG (ElfHeader) Elf relocation table section .rel.data linked to symbol table section .symtab affecting .data  
2026-05-01 22:22:14 DEBUG (ElfHeader) Elf relocation table section .rel.gnu.linkonce.this_module linked to symbol table section .symtab affecting .gnu.linkonce.this_module  
2026-05-01 22:22:14 DEBUG (ElfHeader) Elf relocation table section .rel.ARM.exidx linked to symbol table section .symtab affecting .ARM.exidx  
2026-05-01 22:22:14 ERROR (ElfRelocationHandler) EXTERNAL Data ELF Relocation with offset: at 00010724 (External Location = platform_bus+0x8)  
2026-05-01 22:22:14 ERROR (ElfRelocationHandler) EXTERNAL Data ELF Relocation with offset: at 00013d90 (External Location = g_sw_cap+0xc)  
2026-05-01 22:22:14 ERROR (ElfRelocationHandler) EXTERNAL Data ELF Relocation with offset: at 00016884 (External Location = g_sw_cap+0xb)  
2026-05-01 22:22:14 ERROR (ElfRelocationHandler) EXTERNAL Data ELF Relocation with offset: at 00016fb4 (External Location = g_sw_cap+0xb)  
2026-05-01 22:22:14 ERROR (ElfRelocationHandler) EXTERNAL Data ELF Relocation with offset: at 00017564 (External Location = wlan_to_idm_map+0x1)  
2026-05-01 22:22:14 INFO  (ProgramLoader) Additional info:
Loading file:///home/ubuntu/Projects/MYSELF/ZTE/firmware/rootfs/kmodule/switch.ko?MD5=2509960cc7f04a53442b29427ea4fee2...
Skipping section [.ARM.extab.init.text] with invalid size 0x0
Skipping section [.ARM.extab.text.unlikely] with invalid size 0x0
Skipping section [.note.GNU-stack] with invalid size 0x0
Unable to place symbol due to non-loaded section: .note.GNU-stack - value=0x0, section=.note.GNU-stack
------------------------------------------------

  
2026-05-01 22:22:14 INFO  (HeadlessAnalyzer) IMPORTING: Loaded 0 additional files  
2026-05-01 22:22:15 INFO  (HeadlessAnalyzer) ANALYZING all memory and code: file:///home/ubuntu/Projects/MYSELF/ZTE/firmware/rootfs/kmodule/switch.ko  
2026-05-01 22:22:15 INFO  (ExternalDebugFileSectionProvider) DWARF external debug information found: ExternalDebugInfo [filename=null, crc=0, hash=8884ead04bb811c4c7495a158f17918ea13a7984]  
2026-05-01 22:22:15 INFO  (DWARFAnalyzer) Unable to find DWARF information, skipping DWARF analysis  
2026-05-01 22:22:19 DEBUG (FidAnalyzer) No FID Libraries apply for language ARM:LE:32:v8  
2026-05-01 22:22:19 INFO  (PackedDatabaseCache) Packed database cache: /var/tmp/ubuntu-ghidra/packed-db-cache  
2026-05-01 22:22:19 DEBUG (PackedDatabaseCache) Using cached packed database: /opt/ghidra_12.0.4_PUBLIC/Ghidra/Features/Base/data/typeinfo/generic/generic_clib.gdt  
2026-05-01 22:22:20 INFO  (ApplyDataArchiveAnalyzer) Applied data type archive: generic_clib  
2026-05-01 22:22:22 INFO  (AutoAnalysisManager) -----------------------------------------------------
    ARM Constant Reference Analyzer            1.267 secs
    ARM Symbol                                 0.005 secs
    ASCII Strings                              0.348 secs
    Apply Data Archives                        0.645 secs
    Call Convention ID                         0.010 secs
    Call-Fixup Installer                       0.008 secs
    Create Address Tables                      0.028 secs
    Create Address Tables - One Time           0.006 secs
    Create Function                            0.097 secs
    DWARF                                      0.011 secs
    Data Reference                             0.041 secs
    Decompiler Switch Analysis                 0.591 secs
    Demangler GNU                              0.112 secs
    Disassemble Entry Points                   1.449 secs
    Embedded Media                             0.007 secs
    External Entry References                  0.004 secs
    Function ID                                0.028 secs
    Function Start Pre Search                  0.008 secs
    Function Start Search                      0.261 secs
    Function Start Search After Code           0.103 secs
    Function Start Search After Data           0.057 secs
    Non-Returning Functions - Discovered       0.041 secs
    Non-Returning Functions - Known            0.004 secs
    Reference                                  0.139 secs
    Shared Return Calls                        0.031 secs
    Stack                                      1.121 secs
    Subroutine References                      0.038 secs
-----------------------------------------------------
     Total Time   6 secs
-----------------------------------------------------
  
2026-05-01 22:22:22 INFO  (HeadlessAnalyzer) REPORT: Analysis succeeded for file: file:///home/ubuntu/Projects/MYSELF/ZTE/firmware/rootfs/kmodule/switch.ko  
2026-05-01 22:22:22 INFO  (LocalFileSystem) /switch.ko: file created (ubuntu)  
2026-05-01 22:22:22 INFO  (HeadlessAnalyzer) REPORT: Save succeeded for: /switch.ko (ko_drivers:/switch.ko)  
2026-05-01 22:22:22 INFO  (HeadlessAnalyzer) REPORT: Import succeeded  
2026-05-01 22:22:22 INFO  (HeadlessAnalyzer) IMPORTING: file:///home/ubuntu/Projects/MYSELF/ZTE/firmware/rootfs/kmodule/plat-zxylzb_9128S.ko  
2026-05-01 22:22:22 DEBUG (ElfHeader) Elf symbol table section .symtab linked to string table section .strtab  
2026-05-01 22:22:22 DEBUG (ElfHeader) Elf relocation table section .rel.text linked to symbol table section .symtab affecting .text  
2026-05-01 22:22:22 DEBUG (ElfHeader) Elf relocation table section .rel.text.unlikely linked to symbol table section .symtab affecting .text.unlikely  
2026-05-01 22:22:22 DEBUG (ElfHeader) Elf relocation table section .rel.fast.func linked to symbol table section .symtab affecting .fast.func  
2026-05-01 22:22:22 DEBUG (ElfHeader) Elf relocation table section .rel.init.text linked to symbol table section .symtab affecting .init.text  
2026-05-01 22:22:22 DEBUG (ElfHeader) Elf relocation table section .rel__ksymtab linked to symbol table section .symtab affecting __ksymtab  
2026-05-01 22:22:22 DEBUG (ElfHeader) Elf relocation table section .rel.rodata linked to symbol table section .symtab affecting .rodata  
2026-05-01 22:22:22 DEBUG (ElfHeader) Elf relocation table section .rel.ARM.exidx.text.unlikely linked to symbol table section .symtab affecting .ARM.exidx.text.unlikely  
2026-05-01 22:22:22 DEBUG (ElfHeader) Elf relocation table section .rel__bug_table linked to symbol table section .symtab affecting __bug_table  
2026-05-01 22:22:22 DEBUG (ElfHeader) Elf relocation table section .rel.ARM.exidx.fast.func linked to symbol table section .symtab affecting .ARM.exidx.fast.func  
2026-05-01 22:22:22 DEBUG (ElfHeader) Elf relocation table section .rel.ARM.exidx.init.text linked to symbol table section .symtab affecting .ARM.exidx.init.text  
2026-05-01 22:22:22 DEBUG (ElfHeader) Elf relocation table section .rel.ARM.exidx.exit.text linked to symbol table section .symtab affecting .ARM.exidx.exit.text  
2026-05-01 22:22:22 DEBUG (ElfHeader) Elf relocation table section .rel.data linked to symbol table section .symtab affecting .data  
2026-05-01 22:22:22 DEBUG (ElfHeader) Elf relocation table section .rel.gnu.linkonce.this_module linked to symbol table section .symtab affecting .gnu.linkonce.this_module  
2026-05-01 22:22:22 DEBUG (ElfHeader) Elf relocation table section .rel.ARM.exidx linked to symbol table section .symtab affecting .ARM.exidx  
2026-05-01 22:22:22 INFO  (ProgramLoader) Using Loader: Executable and Linking Format (ELF)  
2026-05-01 22:22:22 INFO  (ProgramLoader) Using Language/Compiler: ARM:LE:32:v8:default  
2026-05-01 22:22:22 INFO  (ProgramLoader) Using Library Search Path: [., /bin, /lib, /lib64, /lib/x86_64-linux-gnu, /lib/aarch64-linux-gnu, /usr/bin, /usr/lib, /usr/X11R6/bin, /usr/X11R6/lib, /usr/java/packages/lib, /usr/lib/x86_64-linux-gnu/jni, /usr/lib/x86_64-linux-gnu, /usr/lib/jni]  
2026-05-01 22:22:22 DEBUG (ElfHeader) Elf symbol table section .symtab linked to string table section .strtab  
2026-05-01 22:22:22 DEBUG (ElfHeader) Elf relocation table section .rel.text linked to symbol table section .symtab affecting .text  
2026-05-01 22:22:22 DEBUG (ElfHeader) Elf relocation table section .rel.text.unlikely linked to symbol table section .symtab affecting .text.unlikely  
2026-05-01 22:22:22 DEBUG (ElfHeader) Elf relocation table section .rel.fast.func linked to symbol table section .symtab affecting .fast.func  
2026-05-01 22:22:22 DEBUG (ElfHeader) Elf relocation table section .rel.init.text linked to symbol table section .symtab affecting .init.text  
2026-05-01 22:22:22 DEBUG (ElfHeader) Elf relocation table section .rel__ksymtab linked to symbol table section .symtab affecting __ksymtab  
2026-05-01 22:22:22 DEBUG (ElfHeader) Elf relocation table section .rel.rodata linked to symbol table section .symtab affecting .rodata  
2026-05-01 22:22:22 DEBUG (ElfHeader) Elf relocation table section .rel.ARM.exidx.text.unlikely linked to symbol table section .symtab affecting .ARM.exidx.text.unlikely  
2026-05-01 22:22:22 DEBUG (ElfHeader) Elf relocation table section .rel__bug_table linked to symbol table section .symtab affecting __bug_table  
2026-05-01 22:22:22 DEBUG (ElfHeader) Elf relocation table section .rel.ARM.exidx.fast.func linked to symbol table section .symtab affecting .ARM.exidx.fast.func  
2026-05-01 22:22:22 DEBUG (ElfHeader) Elf relocation table section .rel.ARM.exidx.init.text linked to symbol table section .symtab affecting .ARM.exidx.init.text  
2026-05-01 22:22:22 DEBUG (ElfHeader) Elf relocation table section .rel.ARM.exidx.exit.text linked to symbol table section .symtab affecting .ARM.exidx.exit.text  
2026-05-01 22:22:22 DEBUG (ElfHeader) Elf relocation table section .rel.data linked to symbol table section .symtab affecting .data  
2026-05-01 22:22:22 DEBUG (ElfHeader) Elf relocation table section .rel.gnu.linkonce.this_module linked to symbol table section .symtab affecting .gnu.linkonce.this_module  
2026-05-01 22:22:22 DEBUG (ElfHeader) Elf relocation table section .rel.ARM.exidx linked to symbol table section .symtab affecting .ARM.exidx  
2026-05-01 22:22:22 INFO  (ProgramLoader) Additional info:
Loading file:///home/ubuntu/Projects/MYSELF/ZTE/firmware/rootfs/kmodule/plat-zxylzb_9128S.ko?MD5=a183bd95ed607808f3a412ce6fcd7b63...
Skipping section [.ARM.extab.text.unlikely] with invalid size 0x0
Skipping section [.ARM.extab.fast.func] with invalid size 0x0
Skipping section [.ARM.extab.init.text] with invalid size 0x0
Skipping section [.ARM.extab.exit.text] with invalid size 0x0
Skipping section [.note.GNU-stack] with invalid size 0x0
Unable to place symbol due to non-loaded section: .note.GNU-stack - value=0x0, section=.note.GNU-stack
------------------------------------------------

  
2026-05-01 22:22:22 INFO  (HeadlessAnalyzer) IMPORTING: Loaded 0 additional files  
2026-05-01 22:22:22 INFO  (HeadlessAnalyzer) ANALYZING all memory and code: file:///home/ubuntu/Projects/MYSELF/ZTE/firmware/rootfs/kmodule/plat-zxylzb_9128S.ko  
2026-05-01 22:22:22 INFO  (ExternalDebugFileSectionProvider) DWARF external debug information found: ExternalDebugInfo [filename=null, crc=0, hash=9332913a86b0d740a1765516d91ef3496b952235]  
2026-05-01 22:22:22 INFO  (DWARFAnalyzer) Unable to find DWARF information, skipping DWARF analysis  
2026-05-01 22:22:26 DEBUG (FidAnalyzer) No FID Libraries apply for language ARM:LE:32:v8  
2026-05-01 22:22:26 DEBUG (PackedDatabaseCache) Using cached packed database: /opt/ghidra_12.0.4_PUBLIC/Ghidra/Features/Base/data/typeinfo/generic/generic_clib.gdt  
2026-05-01 22:22:26 INFO  (ApplyDataArchiveAnalyzer) Applied data type archive: generic_clib  
2026-05-01 22:22:27 INFO  (AutoAnalysisManager) -----------------------------------------------------
    ARM Constant Reference Analyzer            0.682 secs
    ARM Symbol                                 0.014 secs
    ASCII Strings                              0.028 secs
    Apply Data Archives                        0.114 secs
    Call Convention ID                         0.272 secs
    Call-Fixup Installer                       0.006 secs
    Create Address Tables                      0.065 secs
    Create Address Tables - One Time           0.012 secs
    Create Function                            0.023 secs
    DWARF                                      0.002 secs
    Data Reference                             0.025 secs
    Decompiler Switch Analysis                 2.266 secs
    Demangler GNU                              0.130 secs
    Disassemble Entry Points                   0.556 secs
    Embedded Media                             0.004 secs
    External Entry References                  0.002 secs
    Function ID                                0.001 secs
    Function Start Pre Search                  0.006 secs
    Function Start Search                      0.161 secs
    Function Start Search After Code           0.040 secs
    Function Start Search After Data           0.037 secs
    Non-Returning Functions - Discovered       0.020 secs
    Non-Returning Functions - Known            0.003 secs
    Reference                                  0.062 secs
    Shared Return Calls                        0.015 secs
    Stack                                      0.490 secs
    Subroutine References                      0.014 secs
-----------------------------------------------------
     Total Time   5 secs
-----------------------------------------------------
  
2026-05-01 22:22:27 INFO  (HeadlessAnalyzer) REPORT: Analysis succeeded for file: file:///home/ubuntu/Projects/MYSELF/ZTE/firmware/rootfs/kmodule/plat-zxylzb_9128S.ko  
2026-05-01 22:22:27 INFO  (LocalFileSystem) /plat-zxylzb_9128S.ko: file created (ubuntu)  
2026-05-01 22:22:27 INFO  (HeadlessAnalyzer) REPORT: Save succeeded for: /plat-zxylzb_9128S.ko (ko_drivers:/plat-zxylzb_9128S.ko)  
2026-05-01 22:22:27 INFO  (HeadlessAnalyzer) REPORT: Import succeeded  
2026-05-01 22:22:27 INFO  (HeadlessAnalyzer) IMPORTING: file:///home/ubuntu/Projects/MYSELF/ZTE/firmware/rootfs/kmodule/bspdriver.ko  
2026-05-01 22:22:27 DEBUG (ElfHeader) Elf symbol table section .symtab linked to string table section .strtab  
2026-05-01 22:22:27 DEBUG (ElfHeader) Elf relocation table section .rel.text linked to symbol table section .symtab affecting .text  
2026-05-01 22:22:27 DEBUG (ElfHeader) Elf relocation table section .rel.init.text linked to symbol table section .symtab affecting .init.text  
2026-05-01 22:22:27 DEBUG (ElfHeader) Elf relocation table section .rel__ksymtab linked to symbol table section .symtab affecting __ksymtab  
2026-05-01 22:22:27 DEBUG (ElfHeader) Elf relocation table section .rel.ARM.exidx.init.text linked to symbol table section .symtab affecting .ARM.exidx.init.text  
2026-05-01 22:22:27 DEBUG (ElfHeader) Elf relocation table section .rel.ARM.exidx.exit.text linked to symbol table section .symtab affecting .ARM.exidx.exit.text  
2026-05-01 22:22:27 DEBUG (ElfHeader) Elf relocation table section .rel.data linked to symbol table section .symtab affecting .data  
2026-05-01 22:22:27 DEBUG (ElfHeader) Elf relocation table section .rel.gnu.linkonce.this_module linked to symbol table section .symtab affecting .gnu.linkonce.this_module  
2026-05-01 22:22:27 DEBUG (ElfHeader) Elf relocation table section .rel.ARM.exidx linked to symbol table section .symtab affecting .ARM.exidx  
2026-05-01 22:22:27 INFO  (ProgramLoader) Using Loader: Executable and Linking Format (ELF)  
2026-05-01 22:22:27 INFO  (ProgramLoader) Using Language/Compiler: ARM:LE:32:v8:default  
2026-05-01 22:22:27 INFO  (ProgramLoader) Using Library Search Path: [., /bin, /lib, /lib64, /lib/x86_64-linux-gnu, /lib/aarch64-linux-gnu, /usr/bin, /usr/lib, /usr/X11R6/bin, /usr/X11R6/lib, /usr/java/packages/lib, /usr/lib/x86_64-linux-gnu/jni, /usr/lib/x86_64-linux-gnu, /usr/lib/jni]  
2026-05-01 22:22:27 DEBUG (ElfHeader) Elf symbol table section .symtab linked to string table section .strtab  
2026-05-01 22:22:27 DEBUG (ElfHeader) Elf relocation table section .rel.text linked to symbol table section .symtab affecting .text  
2026-05-01 22:22:27 DEBUG (ElfHeader) Elf relocation table section .rel.init.text linked to symbol table section .symtab affecting .init.text  
2026-05-01 22:22:27 DEBUG (ElfHeader) Elf relocation table section .rel__ksymtab linked to symbol table section .symtab affecting __ksymtab  
2026-05-01 22:22:27 DEBUG (ElfHeader) Elf relocation table section .rel.ARM.exidx.init.text linked to symbol table section .symtab affecting .ARM.exidx.init.text  
2026-05-01 22:22:27 DEBUG (ElfHeader) Elf relocation table section .rel.ARM.exidx.exit.text linked to symbol table section .symtab affecting .ARM.exidx.exit.text  
2026-05-01 22:22:27 DEBUG (ElfHeader) Elf relocation table section .rel.data linked to symbol table section .symtab affecting .data  
2026-05-01 22:22:27 DEBUG (ElfHeader) Elf relocation table section .rel.gnu.linkonce.this_module linked to symbol table section .symtab affecting .gnu.linkonce.this_module  
2026-05-01 22:22:27 DEBUG (ElfHeader) Elf relocation table section .rel.ARM.exidx linked to symbol table section .symtab affecting .ARM.exidx  
2026-05-01 22:22:27 INFO  (ProgramLoader) Additional info:
Loading file:///home/ubuntu/Projects/MYSELF/ZTE/firmware/rootfs/kmodule/bspdriver.ko?MD5=449fe4cd4832320223cb73735546f084...
Skipping section [.ARM.extab.exit.text] with invalid size 0x0
Skipping section [.ARM.extab] with invalid size 0x0
Skipping section [.note.GNU-stack] with invalid size 0x0
Unable to place symbol due to non-loaded section: .note.GNU-stack - value=0x0, section=.note.GNU-stack
------------------------------------------------

  
2026-05-01 22:22:27 INFO  (HeadlessAnalyzer) IMPORTING: Loaded 0 additional files  
2026-05-01 22:22:28 INFO  (HeadlessAnalyzer) ANALYZING all memory and code: file:///home/ubuntu/Projects/MYSELF/ZTE/firmware/rootfs/kmodule/bspdriver.ko  
2026-05-01 22:22:28 INFO  (ExternalDebugFileSectionProvider) DWARF external debug information found: ExternalDebugInfo [filename=null, crc=0, hash=fb1e96dec598412a930af8cb26e6010f9272616d]  
2026-05-01 22:22:28 INFO  (DWARFAnalyzer) Unable to find DWARF information, skipping DWARF analysis  
2026-05-01 22:22:28 DEBUG (FidAnalyzer) No FID Libraries apply for language ARM:LE:32:v8  
2026-05-01 22:22:28 DEBUG (PackedDatabaseCache) Using cached packed database: /opt/ghidra_12.0.4_PUBLIC/Ghidra/Features/Base/data/typeinfo/generic/generic_clib.gdt  
2026-05-01 22:22:28 INFO  (ApplyDataArchiveAnalyzer) Applied data type archive: generic_clib  
2026-05-01 22:22:28 INFO  (HeadlessAnalyzer) REPORT: Analysis succeeded for file: file:///home/ubuntu/Projects/MYSELF/ZTE/firmware/rootfs/kmodule/bspdriver.ko  
2026-05-01 22:22:28 INFO  (LocalFileSystem) /bspdriver.ko: file created (ubuntu)  
2026-05-01 22:22:28 INFO  (HeadlessAnalyzer) REPORT: Save succeeded for: /bspdriver.ko (ko_drivers:/bspdriver.ko)  
2026-05-01 22:22:28 INFO  (HeadlessAnalyzer) REPORT: Import succeeded  
2026-05-01 22:22:28 INFO  (HeadlessAnalyzer) IMPORTING: file:///home/ubuntu/Projects/MYSELF/ZTE/firmware/rootfs/kmodule/idmfdb.ko  
2026-05-01 22:22:28 DEBUG (ElfHeader) Elf symbol table section .symtab linked to string table section .strtab  
2026-05-01 22:22:28 DEBUG (ElfHeader) Elf relocation table section .rel.text linked to symbol table section .symtab affecting .text  
2026-05-01 22:22:28 DEBUG (ElfHeader) Elf relocation table section .rel.init.text linked to symbol table section .symtab affecting .init.text  
2026-05-01 22:22:28 DEBUG (ElfHeader) Elf relocation table section .rel.exit.text linked to symbol table section .symtab affecting .exit.text  
2026-05-01 22:22:28 DEBUG (ElfHeader) Elf relocation table section .rel.text.unlikely linked to symbol table section .symtab affecting .text.unlikely  
2026-05-01 22:22:28 DEBUG (ElfHeader) Elf relocation table section .rel__ksymtab linked to symbol table section .symtab affecting __ksymtab  
2026-05-01 22:22:28 DEBUG (ElfHeader) Elf relocation table section .rel.rodata linked to symbol table section .symtab affecting .rodata  
2026-05-01 22:22:28 DEBUG (ElfHeader) Elf relocation table section .rel.ARM.exidx.init.text linked to symbol table section .symtab affecting .ARM.exidx.init.text  
2026-05-01 22:22:28 DEBUG (ElfHeader) Elf relocation table section .rel.ARM.exidx.exit.text linked to symbol table section .symtab affecting .ARM.exidx.exit.text  
2026-05-01 22:22:28 DEBUG (ElfHeader) Elf relocation table section .rel.ARM.exidx.text.unlikely linked to symbol table section .symtab affecting .ARM.exidx.text.unlikely  
2026-05-01 22:22:28 DEBUG (ElfHeader) Elf relocation table section .rel__param linked to symbol table section .symtab affecting __param  
2026-05-01 22:22:28 DEBUG (ElfHeader) Elf relocation table section .rel.data linked to symbol table section .symtab affecting .data  
2026-05-01 22:22:28 DEBUG (ElfHeader) Elf relocation table section .rel.gnu.linkonce.this_module linked to symbol table section .symtab affecting .gnu.linkonce.this_module  
2026-05-01 22:22:28 DEBUG (ElfHeader) Elf relocation table section .rel.ARM.exidx linked to symbol table section .symtab affecting .ARM.exidx  
2026-05-01 22:22:28 INFO  (ProgramLoader) Using Loader: Executable and Linking Format (ELF)  
2026-05-01 22:22:28 INFO  (ProgramLoader) Using Language/Compiler: ARM:LE:32:v8:default  
2026-05-01 22:22:28 INFO  (ProgramLoader) Using Library Search Path: [., /bin, /lib, /lib64, /lib/x86_64-linux-gnu, /lib/aarch64-linux-gnu, /usr/bin, /usr/lib, /usr/X11R6/bin, /usr/X11R6/lib, /usr/java/packages/lib, /usr/lib/x86_64-linux-gnu/jni, /usr/lib/x86_64-linux-gnu, /usr/lib/jni]  
2026-05-01 22:22:28 DEBUG (ElfHeader) Elf symbol table section .symtab linked to string table section .strtab  
2026-05-01 22:22:28 DEBUG (ElfHeader) Elf relocation table section .rel.text linked to symbol table section .symtab affecting .text  
2026-05-01 22:22:28 DEBUG (ElfHeader) Elf relocation table section .rel.init.text linked to symbol table section .symtab affecting .init.text  
2026-05-01 22:22:28 DEBUG (ElfHeader) Elf relocation table section .rel.exit.text linked to symbol table section .symtab affecting .exit.text  
2026-05-01 22:22:28 DEBUG (ElfHeader) Elf relocation table section .rel.text.unlikely linked to symbol table section .symtab affecting .text.unlikely  
2026-05-01 22:22:28 DEBUG (ElfHeader) Elf relocation table section .rel__ksymtab linked to symbol table section .symtab affecting __ksymtab  
2026-05-01 22:22:28 DEBUG (ElfHeader) Elf relocation table section .rel.rodata linked to symbol table section .symtab affecting .rodata  
2026-05-01 22:22:28 DEBUG (ElfHeader) Elf relocation table section .rel.ARM.exidx.init.text linked to symbol table section .symtab affecting .ARM.exidx.init.text  
2026-05-01 22:22:28 DEBUG (ElfHeader) Elf relocation table section .rel.ARM.exidx.exit.text linked to symbol table section .symtab affecting .ARM.exidx.exit.text  
2026-05-01 22:22:28 DEBUG (ElfHeader) Elf relocation table section .rel.ARM.exidx.text.unlikely linked to symbol table section .symtab affecting .ARM.exidx.text.unlikely  
2026-05-01 22:22:28 DEBUG (ElfHeader) Elf relocation table section .rel__param linked to symbol table section .symtab affecting __param  
2026-05-01 22:22:28 DEBUG (ElfHeader) Elf relocation table section .rel.data linked to symbol table section .symtab affecting .data  
2026-05-01 22:22:28 DEBUG (ElfHeader) Elf relocation table section .rel.gnu.linkonce.this_module linked to symbol table section .symtab affecting .gnu.linkonce.this_module  
2026-05-01 22:22:28 DEBUG (ElfHeader) Elf relocation table section .rel.ARM.exidx linked to symbol table section .symtab affecting .ARM.exidx  
2026-05-01 22:22:28 INFO  (ProgramLoader) Additional info:
Loading file:///home/ubuntu/Projects/MYSELF/ZTE/firmware/rootfs/kmodule/idmfdb.ko?MD5=84124daa0eb4d22ca71cac1369700a87...
Skipping section [.ARM.extab.text.unlikely] with invalid size 0x0
Skipping section [.note.GNU-stack] with invalid size 0x0
Unable to place symbol due to non-loaded section: .note.GNU-stack - value=0x0, section=.note.GNU-stack
------------------------------------------------

  
2026-05-01 22:22:28 INFO  (HeadlessAnalyzer) IMPORTING: Loaded 0 additional files  
2026-05-01 22:22:29 INFO  (HeadlessAnalyzer) ANALYZING all memory and code: file:///home/ubuntu/Projects/MYSELF/ZTE/firmware/rootfs/kmodule/idmfdb.ko  
2026-05-01 22:22:29 INFO  (ExternalDebugFileSectionProvider) DWARF external debug information found: ExternalDebugInfo [filename=null, crc=0, hash=b839f5ce0737e7517ba5a3ad4db83372a8635a87]  
2026-05-01 22:22:29 INFO  (DWARFAnalyzer) Unable to find DWARF information, skipping DWARF analysis  
2026-05-01 22:22:30 DEBUG (FidAnalyzer) No FID Libraries apply for language ARM:LE:32:v8  
2026-05-01 22:22:30 DEBUG (PackedDatabaseCache) Using cached packed database: /opt/ghidra_12.0.4_PUBLIC/Ghidra/Features/Base/data/typeinfo/generic/generic_clib.gdt  
2026-05-01 22:22:30 INFO  (ApplyDataArchiveAnalyzer) Applied data type archive: generic_clib  
2026-05-01 22:22:30 INFO  (AutoAnalysisManager) -----------------------------------------------------
    ARM Constant Reference Analyzer            0.154 secs
    ARM Symbol                                 0.000 secs
    ASCII Strings                              0.008 secs
    Apply Data Archives                        0.127 secs
    Call Convention ID                         0.001 secs
    Call-Fixup Installer                       0.001 secs
    Create Address Tables                      0.011 secs
    Create Address Tables - One Time           0.013 secs
    Create Function                            0.007 secs
    DWARF                                      0.000 secs
    Data Reference                             0.017 secs
    Decompiler Switch Analysis                 0.685 secs
    Demangler GNU                              0.021 secs
    Disassemble Entry Points                   0.111 secs
    Embedded Media                             0.002 secs
    External Entry References                  0.000 secs
    Function ID                                0.001 secs
    Function Start Pre Search                  0.003 secs
    Function Start Search                      0.115 secs
    Function Start Search After Code           0.023 secs
    Function Start Search After Data           0.029 secs
    Non-Returning Functions - Discovered       0.008 secs
    Non-Returning Functions - Known            0.002 secs
    Reference                                  0.044 secs
    Shared Return Calls                        0.003 secs
    Stack                                      0.155 secs
    Subroutine References                      0.005 secs
-----------------------------------------------------
     Total Time   1 secs
-----------------------------------------------------
  
2026-05-01 22:22:30 INFO  (HeadlessAnalyzer) REPORT: Analysis succeeded for file: file:///home/ubuntu/Projects/MYSELF/ZTE/firmware/rootfs/kmodule/idmfdb.ko  
2026-05-01 22:22:30 INFO  (LocalFileSystem) /idmfdb.ko: file created (ubuntu)  
2026-05-01 22:22:30 INFO  (HeadlessAnalyzer) REPORT: Save succeeded for: /idmfdb.ko (ko_drivers:/idmfdb.ko)  
2026-05-01 22:22:30 INFO  (HeadlessAnalyzer) REPORT: Import succeeded  
2026-05-01 22:22:30 INFO  (HeadlessAnalyzer) IMPORTING: file:///home/ubuntu/Projects/MYSELF/ZTE/firmware/rootfs/kmodule/zx_ponreg.ko  
2026-05-01 22:22:30 DEBUG (ElfHeader) Elf symbol table section .symtab linked to string table section .strtab  
2026-05-01 22:22:30 DEBUG (ElfHeader) Elf relocation table section .rel.text linked to symbol table section .symtab affecting .text  
2026-05-01 22:22:30 DEBUG (ElfHeader) Elf relocation table section .rel__ksymtab linked to symbol table section .symtab affecting __ksymtab  
2026-05-01 22:22:30 DEBUG (ElfHeader) Elf relocation table section .rel.ARM.exidx linked to symbol table section .symtab affecting .ARM.exidx  
2026-05-01 22:22:30 DEBUG (ElfHeader) Elf relocation table section .rel.data linked to symbol table section .symtab affecting .data  
2026-05-01 22:22:30 DEBUG (ElfHeader) Elf relocation table section .rel.gnu.linkonce.this_module linked to symbol table section .symtab affecting .gnu.linkonce.this_module  
2026-05-01 22:22:30 INFO  (ProgramLoader) Using Loader: Executable and Linking Format (ELF)  
2026-05-01 22:22:30 INFO  (ProgramLoader) Using Language/Compiler: ARM:LE:32:v8:default  
2026-05-01 22:22:30 INFO  (ProgramLoader) Using Library Search Path: [., /bin, /lib, /lib64, /lib/x86_64-linux-gnu, /lib/aarch64-linux-gnu, /usr/bin, /usr/lib, /usr/X11R6/bin, /usr/X11R6/lib, /usr/java/packages/lib, /usr/lib/x86_64-linux-gnu/jni, /usr/lib/x86_64-linux-gnu, /usr/lib/jni]  
2026-05-01 22:22:30 DEBUG (ElfHeader) Elf symbol table section .symtab linked to string table section .strtab  
2026-05-01 22:22:30 DEBUG (ElfHeader) Elf relocation table section .rel.text linked to symbol table section .symtab affecting .text  
2026-05-01 22:22:30 DEBUG (ElfHeader) Elf relocation table section .rel__ksymtab linked to symbol table section .symtab affecting __ksymtab  
2026-05-01 22:22:30 DEBUG (ElfHeader) Elf relocation table section .rel.ARM.exidx linked to symbol table section .symtab affecting .ARM.exidx  
2026-05-01 22:22:30 DEBUG (ElfHeader) Elf relocation table section .rel.data linked to symbol table section .symtab affecting .data  
2026-05-01 22:22:30 DEBUG (ElfHeader) Elf relocation table section .rel.gnu.linkonce.this_module linked to symbol table section .symtab affecting .gnu.linkonce.this_module  
2026-05-01 22:22:30 INFO  (ProgramLoader) Additional info:
Loading file:///home/ubuntu/Projects/MYSELF/ZTE/firmware/rootfs/kmodule/zx_ponreg.ko?MD5=11804fc19164ace2e2830e1c65cc2be9...
Skipping section [.ARM.extab] with invalid size 0x0
Skipping section [.note.GNU-stack] with invalid size 0x0
Unable to place symbol due to non-loaded section: .note.GNU-stack - value=0x0, section=.note.GNU-stack
------------------------------------------------

  
2026-05-01 22:22:30 INFO  (HeadlessAnalyzer) IMPORTING: Loaded 0 additional files  
2026-05-01 22:22:30 INFO  (HeadlessAnalyzer) ANALYZING all memory and code: file:///home/ubuntu/Projects/MYSELF/ZTE/firmware/rootfs/kmodule/zx_ponreg.ko  
2026-05-01 22:22:31 INFO  (ExternalDebugFileSectionProvider) DWARF external debug information found: ExternalDebugInfo [filename=null, crc=0, hash=117b24ec431eeb7452f0e3d42dd508036470252b]  
2026-05-01 22:22:31 INFO  (DWARFAnalyzer) Unable to find DWARF information, skipping DWARF analysis  
2026-05-01 22:22:31 DEBUG (FidAnalyzer) No FID Libraries apply for language ARM:LE:32:v8  
2026-05-01 22:22:31 DEBUG (PackedDatabaseCache) Using cached packed database: /opt/ghidra_12.0.4_PUBLIC/Ghidra/Features/Base/data/typeinfo/generic/generic_clib.gdt  
2026-05-01 22:22:31 INFO  (ApplyDataArchiveAnalyzer) Applied data type archive: generic_clib  
2026-05-01 22:22:31 INFO  (HeadlessAnalyzer) REPORT: Analysis succeeded for file: file:///home/ubuntu/Projects/MYSELF/ZTE/firmware/rootfs/kmodule/zx_ponreg.ko  
2026-05-01 22:22:31 INFO  (LocalFileSystem) /zx_ponreg.ko: file created (ubuntu)  
2026-05-01 22:22:31 INFO  (HeadlessAnalyzer) REPORT: Save succeeded for: /zx_ponreg.ko (ko_drivers:/zx_ponreg.ko)  
2026-05-01 22:22:31 INFO  (HeadlessAnalyzer) REPORT: Import succeeded  
